==> npm run lint

> throhi-production@0.1.0 lint
> eslint .


/home/mmm/t/Thorhi-tools/.next/server/app/company/page.js
   19:9   warning  '__unused_webpack_module' is defined but never used                                                        @typescript-eslint/no-unused-vars
   19:34  warning  '__webpack_exports__' is defined but never used                                                            @typescript-eslint/no-unused-vars
   19:55  warning  '__webpack_require__' is defined but never used                                                            @typescript-eslint/no-unused-vars
   30:9   warning  '__unused_webpack_module' is defined but never used                                                        @typescript-eslint/no-unused-vars
   30:34  warning  '__unused_webpack_exports' is defined but never used                                                       @typescript-eslint/no-unused-vars
   30:60  warning  '__webpack_require__' is defined but never used                                                            @typescript-eslint/no-unused-vars
   40:9   warning  '__unused_webpack_module' is defined but never used                                                        @typescript-eslint/no-unused-vars
   40:34  warning  '__unused_webpack_exports' is defined but never used                                                       @typescript-eslint/no-unused-vars
   40:60  warning  '__webpack_require__' is defined but never used                                                            @typescript-eslint/no-unused-vars
   50:9   warning  '__unused_webpack_module' is defined but never used                                                        @typescript-eslint/no-unused-vars
   50:34  warning  '__unused_webpack_exports' is defined but never used                                                       @typescript-eslint/no-unused-vars
   50:60  warning  '__webpack_require__' is defined but never used                                                            @typescript-eslint/no-unused-vars
   60:9   warning  '__unused_webpack_module' is defined but never used                                                        @typescript-eslint/no-unused-vars
   60:34  warning  '__webpack_exports__' is defined but never used                                                            @typescript-eslint/no-unused-vars
   60:55  warning  '__webpack_require__' is defined but never used                                                            @typescript-eslint/no-unused-vars
   71:9   warning  '__unused_webpack_module' is defined but never used                                                        @typescript-eslint/no-unused-vars
   71:34  warning  '__webpack_exports__' is defined but never used                                                            @typescript-eslint/no-unused-vars
   71:55  warning  '__webpack_require__' is defined but never used                                                            @typescript-eslint/no-unused-vars
   82:9   warning  '__unused_webpack_module' is defined but never used                                                        @typescript-eslint/no-unused-vars
   82:34  warning  '__webpack_exports__' is defined but never used                                                            @typescript-eslint/no-unused-vars
   82:55  warning  '__webpack_require__' is defined but never used                                                            @typescript-eslint/no-unused-vars
   93:9   warning  '__unused_webpack_module' is defined but never used                                                        @typescript-eslint/no-unused-vars
   93:34  warning  '__webpack_exports__' is defined but never used                                                            @typescript-eslint/no-unused-vars
   93:55  warning  '__webpack_require__' is defined but never used                                                            @typescript-eslint/no-unused-vars
  104:9   warning  '__unused_webpack_module' is defined but never used                                                        @typescript-eslint/no-unused-vars
  104:34  warning  '__webpack_exports__' is defined but never used                                                            @typescript-eslint/no-unused-vars
  104:55  warning  '__webpack_require__' is defined but never used                                                            @typescript-eslint/no-unused-vars
  115:9   warning  '__unused_webpack_module' is defined but never used                                                        @typescript-eslint/no-unused-vars
  115:34  warning  '__webpack_exports__' is defined but never used                                                            @typescript-eslint/no-unused-vars
  115:55  warning  '__webpack_require__' is defined but never used                                                            @typescript-eslint/no-unused-vars
  126:9   warning  '__unused_webpack_module' is defined but never used                                                        @typescript-eslint/no-unused-vars
  126:34  warning  '__webpack_exports__' is defined but never used                                                            @typescript-eslint/no-unused-vars
  126:55  warning  '__webpack_require__' is defined but never used                                                            @typescript-eslint/no-unused-vars
  137:9   warning  '__unused_webpack_module' is defined but never used                                                        @typescript-eslint/no-unused-vars
  137:34  warning  '__webpack_exports__' is defined but never used                                                            @typescript-eslint/no-unused-vars
  137:55  warning  '__webpack_require__' is defined but never used                                                            @typescript-eslint/no-unused-vars
  148:9   warning  '__unused_webpack_module' is defined but never used                                                        @typescript-eslint/no-unused-vars
  148:34  warning  '__webpack_exports__' is defined but never used                                                            @typescript-eslint/no-unused-vars
  148:55  warning  '__webpack_require__' is defined but never used                                                            @typescript-eslint/no-unused-vars
  159:9   warning  '__unused_webpack_module' is defined but never used                                                        @typescript-eslint/no-unused-vars
  159:34  warning  '__webpack_exports__' is defined but never used                                                            @typescript-eslint/no-unused-vars
  159:55  warning  '__webpack_require__' is defined but never used                                                            @typescript-eslint/no-unused-vars
  170:9   warning  '__unused_webpack_module' is defined but never used                                                        @typescript-eslint/no-unused-vars
  170:34  warning  '__webpack_exports__' is defined but never used                                                            @typescript-eslint/no-unused-vars
  170:55  warning  '__webpack_require__' is defined but never used                                                            @typescript-eslint/no-unused-vars
  181:9   warning  '__unused_webpack_module' is defined but never used                                                        @typescript-eslint/no-unused-vars
  181:34  warning  '__webpack_exports__' is defined but never used                                                            @typescript-eslint/no-unused-vars
  181:55  warning  '__webpack_require__' is defined but never used                                                            @typescript-eslint/no-unused-vars
  192:9   warning  '__unused_webpack_module' is defined but never used                                                        @typescript-eslint/no-unused-vars
  192:34  warning  '__webpack_exports__' is defined but never used                                                            @typescript-eslint/no-unused-vars
  192:55  warning  '__webpack_require__' is defined but never used                                                            @typescript-eslint/no-unused-vars
  203:9   warning  '__unused_webpack_module' is defined but never used                                                        @typescript-eslint/no-unused-vars
  203:34  warning  '__webpack_exports__' is defined but never used                                                            @typescript-eslint/no-unused-vars
  203:55  warning  '__webpack_require__' is defined but never used                                                            @typescript-eslint/no-unused-vars
  214:9   warning  '__unused_webpack_module' is defined but never used                                                        @typescript-eslint/no-unused-vars
  214:34  warning  '__webpack_exports__' is defined but never used                                                            @typescript-eslint/no-unused-vars
  214:55  warning  '__webpack_require__' is defined but never used                                                            @typescript-eslint/no-unused-vars
  225:9   warning  '__unused_webpack_module' is defined but never used                                                        @typescript-eslint/no-unused-vars
  225:34  warning  '__webpack_exports__' is defined but never used                                                            @typescript-eslint/no-unused-vars
  225:55  warning  '__webpack_require__' is defined but never used                                                            @typescript-eslint/no-unused-vars
  236:9   warning  '__unused_webpack_module' is defined but never used                                                        @typescript-eslint/no-unused-vars
  236:34  warning  '__webpack_exports__' is defined but never used                                                            @typescript-eslint/no-unused-vars
  236:55  warning  '__webpack_require__' is defined but never used                                                            @typescript-eslint/no-unused-vars
  247:9   warning  '__unused_webpack_module' is defined but never used                                                        @typescript-eslint/no-unused-vars
  247:34  warning  '__webpack_exports__' is defined but never used                                                            @typescript-eslint/no-unused-vars
  247:55  warning  '__webpack_require__' is defined but never used                                                            @typescript-eslint/no-unused-vars
  258:9   warning  '__unused_webpack_module' is defined but never used                                                        @typescript-eslint/no-unused-vars
  258:34  warning  '__webpack_exports__' is defined but never used                                                            @typescript-eslint/no-unused-vars
  258:55  warning  '__webpack_require__' is defined but never used                                                            @typescript-eslint/no-unused-vars
  269:9   warning  '__unused_webpack_module' is defined but never used                                                        @typescript-eslint/no-unused-vars
  269:34  warning  '__webpack_exports__' is defined but never used                                                            @typescript-eslint/no-unused-vars
  269:55  warning  '__webpack_require__' is defined but never used                                                            @typescript-eslint/no-unused-vars
  280:9   warning  '__unused_webpack_module' is defined but never used                                                        @typescript-eslint/no-unused-vars
  280:34  warning  '__webpack_exports__' is defined but never used                                                            @typescript-eslint/no-unused-vars
  280:55  warning  '__webpack_require__' is defined but never used                                                            @typescript-eslint/no-unused-vars
  291:9   warning  '__unused_webpack_module' is defined but never used                                                        @typescript-eslint/no-unused-vars
  291:34  warning  '__webpack_exports__' is defined but never used                                                            @typescript-eslint/no-unused-vars
  291:55  warning  '__webpack_require__' is defined but never used                                                            @typescript-eslint/no-unused-vars
  302:9   warning  '__unused_webpack_module' is defined but never used                                                        @typescript-eslint/no-unused-vars
  302:34  warning  '__webpack_exports__' is defined but never used                                                            @typescript-eslint/no-unused-vars
  302:55  warning  '__webpack_require__' is defined but never used                                                            @typescript-eslint/no-unused-vars
  313:9   warning  '__unused_webpack_module' is defined but never used                                                        @typescript-eslint/no-unused-vars
  313:34  warning  '__webpack_exports__' is defined but never used                                                            @typescript-eslint/no-unused-vars
  313:55  warning  '__webpack_require__' is defined but never used                                                            @typescript-eslint/no-unused-vars
  333:26  warning  'react_server_dom_webpack_server__WEBPACK_IMPORTED_MODULE_0___default' is assigned a value but never used  @typescript-eslint/no-unused-vars
  359:26  warning  'react_server_dom_webpack_server__WEBPACK_IMPORTED_MODULE_0___default' is assigned a value but never used  @typescript-eslint/no-unused-vars
  381:26  warning  'react_server_dom_webpack_server__WEBPACK_IMPORTED_MODULE_0___default' is assigned a value but never used  @typescript-eslint/no-unused-vars
  395:9   warning  '__unused_webpack_module' is defined but never used                                                        @typescript-eslint/no-unused-vars
  395:34  warning  '__webpack_exports__' is defined but never used                                                            @typescript-eslint/no-unused-vars
  395:55  warning  '__webpack_require__' is defined but never used                                                            @typescript-eslint/no-unused-vars
  414:26  warning  'react_server_dom_webpack_server__WEBPACK_IMPORTED_MODULE_0___default' is assigned a value but never used  @typescript-eslint/no-unused-vars
  428:9   warning  '__unused_webpack_module' is defined but never used                                                        @typescript-eslint/no-unused-vars
  428:34  warning  '__unused_webpack_exports' is defined but never used                                                       @typescript-eslint/no-unused-vars
  428:60  warning  '__webpack_require__' is defined but never used                                                            @typescript-eslint/no-unused-vars
  438:9   warning  '__unused_webpack_module' is defined but never used                                                        @typescript-eslint/no-unused-vars
  438:34  warning  '__unused_webpack_exports' is defined but never used                                                       @typescript-eslint/no-unused-vars
  438:60  warning  '__webpack_require__' is defined but never used                                                            @typescript-eslint/no-unused-vars
  448:9   warning  '__unused_webpack_module' is defined but never used                                                        @typescript-eslint/no-unused-vars
  448:34  warning  '__unused_webpack_exports' is defined but never used                                                       @typescript-eslint/no-unused-vars
  448:60  warning  '__webpack_require__' is defined but never used                                                            @typescript-eslint/no-unused-vars
  458:9   warning  '__unused_webpack_module' is defined but never used                                                        @typescript-eslint/no-unused-vars
  458:34  warning  '__webpack_exports__' is defined but never used                                                            @typescript-eslint/no-unused-vars
  458:55  warning  '__webpack_require__' is defined but never used                                                            @typescript-eslint/no-unused-vars
  469:9   warning  '__unused_webpack_module' is defined but never used                                                        @typescript-eslint/no-unused-vars
  469:34  warning  '__webpack_exports__' is defined but never used                                                            @typescript-eslint/no-unused-vars
  469:55  warning  '__webpack_require__' is defined but never used                                                            @typescript-eslint/no-unused-vars
  480:9   warning  '__unused_webpack_module' is defined but never used                                                        @typescript-eslint/no-unused-vars
  480:34  warning  '__webpack_exports__' is defined but never used                                                            @typescript-eslint/no-unused-vars
  480:55  warning  '__webpack_require__' is defined but never used                                                            @typescript-eslint/no-unused-vars
  491:9   warning  '__unused_webpack_module' is defined but never used                                                        @typescript-eslint/no-unused-vars
  491:34  warning  '__webpack_exports__' is defined but never used                                                            @typescript-eslint/no-unused-vars
  491:55  warning  '__webpack_require__' is defined but never used                                                            @typescript-eslint/no-unused-vars
  502:9   warning  '__unused_webpack_module' is defined but never used                                                        @typescript-eslint/no-unused-vars
  502:34  warning  '__webpack_exports__' is defined but never used                                                            @typescript-eslint/no-unused-vars
  502:55  warning  '__webpack_require__' is defined but never used                                                            @typescript-eslint/no-unused-vars
  513:9   warning  '__unused_webpack_module' is defined but never used                                                        @typescript-eslint/no-unused-vars
  513:34  warning  '__webpack_exports__' is defined but never used                                                            @typescript-eslint/no-unused-vars
  513:55  warning  '__webpack_require__' is defined but never used                                                            @typescript-eslint/no-unused-vars
  527:18  error    A `require()` style import is forbidden                                                                    @typescript-eslint/no-require-imports
  538:18  error    A `require()` style import is forbidden                                                                    @typescript-eslint/no-require-imports
  549:18  error    A `require()` style import is forbidden                                                                    @typescript-eslint/no-require-imports
  560:18  error    A `require()` style import is forbidden                                                                    @typescript-eslint/no-require-imports
  571:18  error    A `require()` style import is forbidden                                                                    @typescript-eslint/no-require-imports
  582:18  error    A `require()` style import is forbidden                                                                    @typescript-eslint/no-require-imports
  593:18  error    A `require()` style import is forbidden                                                                    @typescript-eslint/no-require-imports
  604:18  error    A `require()` style import is forbidden                                                                    @typescript-eslint/no-require-imports
  615:18  error    A `require()` style import is forbidden                                                                    @typescript-eslint/no-require-imports
  626:18  error    A `require()` style import is forbidden                                                                    @typescript-eslint/no-require-imports
  637:18  error    A `require()` style import is forbidden                                                                    @typescript-eslint/no-require-imports
  648:18  error    A `require()` style import is forbidden                                                                    @typescript-eslint/no-require-imports
  656:27  error    A `require()` style import is forbidden                                                                    @typescript-eslint/no-require-imports

/home/mmm/t/Thorhi-tools/.next/server/app/page.js
   19:9   warning  '__unused_webpack_module' is defined but never used                                                        @typescript-eslint/no-unused-vars
   19:34  warning  '__webpack_exports__' is defined but never used                                                            @typescript-eslint/no-unused-vars
   19:55  warning  '__webpack_require__' is defined but never used                                                            @typescript-eslint/no-unused-vars
   30:9   warning  '__unused_webpack_module' is defined but never used                                                        @typescript-eslint/no-unused-vars
   30:34  warning  '__unused_webpack_exports' is defined but never used                                                       @typescript-eslint/no-unused-vars
   30:60  warning  '__webpack_require__' is defined but never used                                                            @typescript-eslint/no-unused-vars
   40:9   warning  '__unused_webpack_module' is defined but never used                                                        @typescript-eslint/no-unused-vars
   40:34  warning  '__unused_webpack_exports' is defined but never used                                                       @typescript-eslint/no-unused-vars
   40:60  warning  '__webpack_require__' is defined but never used                                                            @typescript-eslint/no-unused-vars
   50:9   warning  '__unused_webpack_module' is defined but never used                                                        @typescript-eslint/no-unused-vars
   50:34  warning  '__unused_webpack_exports' is defined but never used                                                       @typescript-eslint/no-unused-vars
   50:60  warning  '__webpack_require__' is defined but never used                                                            @typescript-eslint/no-unused-vars
   60:9   warning  '__unused_webpack_module' is defined but never used                                                        @typescript-eslint/no-unused-vars
   60:34  warning  '__unused_webpack_exports' is defined but never used                                                       @typescript-eslint/no-unused-vars
   60:60  warning  '__webpack_require__' is defined but never used                                                            @typescript-eslint/no-unused-vars
   70:9   warning  '__unused_webpack_module' is defined but never used                                                        @typescript-eslint/no-unused-vars
   70:34  warning  '__webpack_exports__' is defined but never used                                                            @typescript-eslint/no-unused-vars
   70:55  warning  '__webpack_require__' is defined but never used                                                            @typescript-eslint/no-unused-vars
   81:9   warning  '__unused_webpack_module' is defined but never used                                                        @typescript-eslint/no-unused-vars
   81:34  warning  '__webpack_exports__' is defined but never used                                                            @typescript-eslint/no-unused-vars
   81:55  warning  '__webpack_require__' is defined but never used                                                            @typescript-eslint/no-unused-vars
   92:9   warning  '__unused_webpack_module' is defined but never used                                                        @typescript-eslint/no-unused-vars
   92:34  warning  '__webpack_exports__' is defined but never used                                                            @typescript-eslint/no-unused-vars
   92:55  warning  '__webpack_require__' is defined but never used                                                            @typescript-eslint/no-unused-vars
  103:9   warning  '__unused_webpack_module' is defined but never used                                                        @typescript-eslint/no-unused-vars
  103:34  warning  '__webpack_exports__' is defined but never used                                                            @typescript-eslint/no-unused-vars
  103:55  warning  '__webpack_require__' is defined but never used                                                            @typescript-eslint/no-unused-vars
  114:9   warning  '__unused_webpack_module' is defined but never used                                                        @typescript-eslint/no-unused-vars
  114:34  warning  '__webpack_exports__' is defined but never used                                                            @typescript-eslint/no-unused-vars
  114:55  warning  '__webpack_require__' is defined but never used                                                            @typescript-eslint/no-unused-vars
  125:9   warning  '__unused_webpack_module' is defined but never used                                                        @typescript-eslint/no-unused-vars
  125:34  warning  '__webpack_exports__' is defined but never used                                                            @typescript-eslint/no-unused-vars
  125:55  warning  '__webpack_require__' is defined but never used                                                            @typescript-eslint/no-unused-vars
  136:9   warning  '__unused_webpack_module' is defined but never used                                                        @typescript-eslint/no-unused-vars
  136:34  warning  '__webpack_exports__' is defined but never used                                                            @typescript-eslint/no-unused-vars
  136:55  warning  '__webpack_require__' is defined but never used                                                            @typescript-eslint/no-unused-vars
  147:9   warning  '__unused_webpack_module' is defined but never used                                                        @typescript-eslint/no-unused-vars
  147:34  warning  '__webpack_exports__' is defined but never used                                                            @typescript-eslint/no-unused-vars
  147:55  warning  '__webpack_require__' is defined but never used                                                            @typescript-eslint/no-unused-vars
  158:9   warning  '__unused_webpack_module' is defined but never used                                                        @typescript-eslint/no-unused-vars
  158:34  warning  '__webpack_exports__' is defined but never used                                                            @typescript-eslint/no-unused-vars
  158:55  warning  '__webpack_require__' is defined but never used                                                            @typescript-eslint/no-unused-vars
  169:9   warning  '__unused_webpack_module' is defined but never used                                                        @typescript-eslint/no-unused-vars
  169:34  warning  '__webpack_exports__' is defined but never used                                                            @typescript-eslint/no-unused-vars
  169:55  warning  '__webpack_require__' is defined but never used                                                            @typescript-eslint/no-unused-vars
  180:9   warning  '__unused_webpack_module' is defined but never used                                                        @typescript-eslint/no-unused-vars
  180:34  warning  '__webpack_exports__' is defined but never used                                                            @typescript-eslint/no-unused-vars
  180:55  warning  '__webpack_require__' is defined but never used                                                            @typescript-eslint/no-unused-vars
  191:9   warning  '__unused_webpack_module' is defined but never used                                                        @typescript-eslint/no-unused-vars
  191:34  warning  '__webpack_exports__' is defined but never used                                                            @typescript-eslint/no-unused-vars
  191:55  warning  '__webpack_require__' is defined but never used                                                            @typescript-eslint/no-unused-vars
  202:9   warning  '__unused_webpack_module' is defined but never used                                                        @typescript-eslint/no-unused-vars
  202:34  warning  '__webpack_exports__' is defined but never used                                                            @typescript-eslint/no-unused-vars
  202:55  warning  '__webpack_require__' is defined but never used                                                            @typescript-eslint/no-unused-vars
  213:9   warning  '__unused_webpack_module' is defined but never used                                                        @typescript-eslint/no-unused-vars
  213:34  warning  '__webpack_exports__' is defined but never used                                                            @typescript-eslint/no-unused-vars
  213:55  warning  '__webpack_require__' is defined but never used                                                            @typescript-eslint/no-unused-vars
  224:9   warning  '__unused_webpack_module' is defined but never used                                                        @typescript-eslint/no-unused-vars
  224:34  warning  '__webpack_exports__' is defined but never used                                                            @typescript-eslint/no-unused-vars
  224:55  warning  '__webpack_require__' is defined but never used                                                            @typescript-eslint/no-unused-vars
  235:9   warning  '__unused_webpack_module' is defined but never used                                                        @typescript-eslint/no-unused-vars
  235:34  warning  '__webpack_exports__' is defined but never used                                                            @typescript-eslint/no-unused-vars
  235:55  warning  '__webpack_require__' is defined but never used                                                            @typescript-eslint/no-unused-vars
  246:9   warning  '__unused_webpack_module' is defined but never used                                                        @typescript-eslint/no-unused-vars
  246:34  warning  '__webpack_exports__' is defined but never used                                                            @typescript-eslint/no-unused-vars
  246:55  warning  '__webpack_require__' is defined but never used                                                            @typescript-eslint/no-unused-vars
  257:9   warning  '__unused_webpack_module' is defined but never used                                                        @typescript-eslint/no-unused-vars
  257:34  warning  '__webpack_exports__' is defined but never used                                                            @typescript-eslint/no-unused-vars
  257:55  warning  '__webpack_require__' is defined but never used                                                            @typescript-eslint/no-unused-vars
  268:9   warning  '__unused_webpack_module' is defined but never used                                                        @typescript-eslint/no-unused-vars
  268:34  warning  '__webpack_exports__' is defined but never used                                                            @typescript-eslint/no-unused-vars
  268:55  warning  '__webpack_require__' is defined but never used                                                            @typescript-eslint/no-unused-vars
  279:9   warning  '__unused_webpack_module' is defined but never used                                                        @typescript-eslint/no-unused-vars
  279:34  warning  '__webpack_exports__' is defined but never used                                                            @typescript-eslint/no-unused-vars
  279:55  warning  '__webpack_require__' is defined but never used                                                            @typescript-eslint/no-unused-vars
  290:9   warning  '__unused_webpack_module' is defined but never used                                                        @typescript-eslint/no-unused-vars
  290:34  warning  '__webpack_exports__' is defined but never used                                                            @typescript-eslint/no-unused-vars
  290:55  warning  '__webpack_require__' is defined but never used                                                            @typescript-eslint/no-unused-vars
  301:9   warning  '__unused_webpack_module' is defined but never used                                                        @typescript-eslint/no-unused-vars
  301:34  warning  '__webpack_exports__' is defined but never used                                                            @typescript-eslint/no-unused-vars
  301:55  warning  '__webpack_require__' is defined but never used                                                            @typescript-eslint/no-unused-vars
  312:9   warning  '__unused_webpack_module' is defined but never used                                                        @typescript-eslint/no-unused-vars
  312:34  warning  '__webpack_exports__' is defined but never used                                                            @typescript-eslint/no-unused-vars
  312:55  warning  '__webpack_require__' is defined but never used                                                            @typescript-eslint/no-unused-vars
  323:9   warning  '__unused_webpack_module' is defined but never used                                                        @typescript-eslint/no-unused-vars
  323:34  warning  '__webpack_exports__' is defined but never used                                                            @typescript-eslint/no-unused-vars
  323:55  warning  '__webpack_require__' is defined but never used                                                            @typescript-eslint/no-unused-vars
  343:26  warning  'react_server_dom_webpack_server__WEBPACK_IMPORTED_MODULE_0___default' is assigned a value but never used  @typescript-eslint/no-unused-vars
  369:26  warning  'react_server_dom_webpack_server__WEBPACK_IMPORTED_MODULE_0___default' is assigned a value but never used  @typescript-eslint/no-unused-vars
  391:26  warning  'react_server_dom_webpack_server__WEBPACK_IMPORTED_MODULE_0___default' is assigned a value but never used  @typescript-eslint/no-unused-vars
  413:26  warning  'react_server_dom_webpack_server__WEBPACK_IMPORTED_MODULE_0___default' is assigned a value but never used  @typescript-eslint/no-unused-vars
  435:26  warning  'react_server_dom_webpack_server__WEBPACK_IMPORTED_MODULE_0___default' is assigned a value but never used  @typescript-eslint/no-unused-vars
  458:26  warning  'react_server_dom_webpack_server__WEBPACK_IMPORTED_MODULE_0___default' is assigned a value but never used  @typescript-eslint/no-unused-vars
  484:26  warning  'react_server_dom_webpack_server__WEBPACK_IMPORTED_MODULE_0___default' is assigned a value but never used  @typescript-eslint/no-unused-vars
  506:26  warning  'react_server_dom_webpack_server__WEBPACK_IMPORTED_MODULE_0___default' is assigned a value but never used  @typescript-eslint/no-unused-vars
  529:26  warning  'react_server_dom_webpack_server__WEBPACK_IMPORTED_MODULE_0___default' is assigned a value but never used  @typescript-eslint/no-unused-vars
  547:9   warning  '__unused_webpack_module' is defined but never used                                                        @typescript-eslint/no-unused-vars
  547:34  warning  '__webpack_exports__' is defined but never used                                                            @typescript-eslint/no-unused-vars
  547:55  warning  '__webpack_require__' is defined but never used                                                            @typescript-eslint/no-unused-vars
  566:26  warning  'react_server_dom_webpack_server__WEBPACK_IMPORTED_MODULE_0___default' is assigned a value but never used  @typescript-eslint/no-unused-vars
  580:9   warning  '__unused_webpack_module' is defined but never used                                                        @typescript-eslint/no-unused-vars
  580:34  warning  '__unused_webpack_exports' is defined but never used                                                       @typescript-eslint/no-unused-vars
  580:60  warning  '__webpack_require__' is defined but never used                                                            @typescript-eslint/no-unused-vars
  590:9   warning  '__unused_webpack_module' is defined but never used                                                        @typescript-eslint/no-unused-vars
  590:34  warning  '__unused_webpack_exports' is defined but never used                                                       @typescript-eslint/no-unused-vars
  590:60  warning  '__webpack_require__' is defined but never used                                                            @typescript-eslint/no-unused-vars
  600:9   warning  '__unused_webpack_module' is defined but never used                                                        @typescript-eslint/no-unused-vars
  600:34  warning  '__unused_webpack_exports' is defined but never used                                                       @typescript-eslint/no-unused-vars
  600:60  warning  '__webpack_require__' is defined but never used                                                            @typescript-eslint/no-unused-vars
  610:9   warning  '__unused_webpack_module' is defined but never used                                                        @typescript-eslint/no-unused-vars
  610:34  warning  '__unused_webpack_exports' is defined but never used                                                       @typescript-eslint/no-unused-vars
  610:60  warning  '__webpack_require__' is defined but never used                                                            @typescript-eslint/no-unused-vars
  620:9   warning  '__unused_webpack_module' is defined but never used                                                        @typescript-eslint/no-unused-vars
  620:34  warning  '__webpack_exports__' is defined but never used                                                            @typescript-eslint/no-unused-vars
  620:55  warning  '__webpack_require__' is defined but never used                                                            @typescript-eslint/no-unused-vars
  631:9   warning  '__unused_webpack_module' is defined but never used                                                        @typescript-eslint/no-unused-vars
  631:34  warning  '__webpack_exports__' is defined but never used                                                            @typescript-eslint/no-unused-vars
  631:55  warning  '__webpack_require__' is defined but never used                                                            @typescript-eslint/no-unused-vars
  642:9   warning  '__unused_webpack_module' is defined but never used                                                        @typescript-eslint/no-unused-vars
  642:34  warning  '__webpack_exports__' is defined but never used                                                            @typescript-eslint/no-unused-vars
  642:55  warning  '__webpack_require__' is defined but never used                                                            @typescript-eslint/no-unused-vars
  653:9   warning  '__unused_webpack_module' is defined but never used                                                        @typescript-eslint/no-unused-vars
  653:34  warning  '__webpack_exports__' is defined but never used                                                            @typescript-eslint/no-unused-vars
  653:55  warning  '__webpack_require__' is defined but never used                                                            @typescript-eslint/no-unused-vars
  664:9   warning  '__unused_webpack_module' is defined but never used                                                        @typescript-eslint/no-unused-vars
  664:34  warning  '__webpack_exports__' is defined but never used                                                            @typescript-eslint/no-unused-vars
  664:55  warning  '__webpack_require__' is defined but never used                                                            @typescript-eslint/no-unused-vars
  675:9   warning  '__unused_webpack_module' is defined but never used                                                        @typescript-eslint/no-unused-vars
  675:34  warning  '__webpack_exports__' is defined but never used                                                            @typescript-eslint/no-unused-vars
  675:55  warning  '__webpack_require__' is defined but never used                                                            @typescript-eslint/no-unused-vars
  686:9   warning  '__unused_webpack_module' is defined but never used                                                        @typescript-eslint/no-unused-vars
  686:34  warning  '__webpack_exports__' is defined but never used                                                            @typescript-eslint/no-unused-vars
  686:55  warning  '__webpack_require__' is defined but never used                                                            @typescript-eslint/no-unused-vars
  697:9   warning  '__unused_webpack_module' is defined but never used                                                        @typescript-eslint/no-unused-vars
  697:34  warning  '__webpack_exports__' is defined but never used                                                            @typescript-eslint/no-unused-vars
  697:55  warning  '__webpack_require__' is defined but never used                                                            @typescript-eslint/no-unused-vars
  708:9   warning  '__unused_webpack_module' is defined but never used                                                        @typescript-eslint/no-unused-vars
  708:34  warning  '__webpack_exports__' is defined but never used                                                            @typescript-eslint/no-unused-vars
  708:55  warning  '__webpack_require__' is defined but never used                                                            @typescript-eslint/no-unused-vars
  719:9   warning  '__unused_webpack_module' is defined but never used                                                        @typescript-eslint/no-unused-vars
  719:34  warning  '__webpack_exports__' is defined but never used                                                            @typescript-eslint/no-unused-vars
  719:55  warning  '__webpack_require__' is defined but never used                                                            @typescript-eslint/no-unused-vars
  730:9   warning  '__unused_webpack_module' is defined but never used                                                        @typescript-eslint/no-unused-vars
  730:34  warning  '__webpack_exports__' is defined but never used                                                            @typescript-eslint/no-unused-vars
  730:55  warning  '__webpack_require__' is defined but never used                                                            @typescript-eslint/no-unused-vars
  741:9   warning  '__unused_webpack_module' is defined but never used                                                        @typescript-eslint/no-unused-vars
  741:34  warning  '__webpack_exports__' is defined but never used                                                            @typescript-eslint/no-unused-vars
  741:55  warning  '__webpack_require__' is defined but never used                                                            @typescript-eslint/no-unused-vars
  752:9   warning  '__unused_webpack_module' is defined but never used                                                        @typescript-eslint/no-unused-vars
  752:34  warning  '__webpack_exports__' is defined but never used                                                            @typescript-eslint/no-unused-vars
  752:55  warning  '__webpack_require__' is defined but never used                                                            @typescript-eslint/no-unused-vars
  763:9   warning  '__unused_webpack_module' is defined but never used                                                        @typescript-eslint/no-unused-vars
  763:34  warning  '__webpack_exports__' is defined but never used                                                            @typescript-eslint/no-unused-vars
  763:55  warning  '__webpack_require__' is defined but never used                                                            @typescript-eslint/no-unused-vars
  777:18  error    A `require()` style import is forbidden                                                                    @typescript-eslint/no-require-imports
  788:18  error    A `require()` style import is forbidden                                                                    @typescript-eslint/no-require-imports
  799:18  error    A `require()` style import is forbidden                                                                    @typescript-eslint/no-require-imports
  810:18  error    A `require()` style import is forbidden                                                                    @typescript-eslint/no-require-imports
  821:18  error    A `require()` style import is forbidden                                                                    @typescript-eslint/no-require-imports
  832:18  error    A `require()` style import is forbidden                                                                    @typescript-eslint/no-require-imports
  843:18  error    A `require()` style import is forbidden                                                                    @typescript-eslint/no-require-imports
  854:18  error    A `require()` style import is forbidden                                                                    @typescript-eslint/no-require-imports
  865:18  error    A `require()` style import is forbidden                                                                    @typescript-eslint/no-require-imports
  876:18  error    A `require()` style import is forbidden                                                                    @typescript-eslint/no-require-imports
  887:18  error    A `require()` style import is forbidden                                                                    @typescript-eslint/no-require-imports
  898:18  error    A `require()` style import is forbidden                                                                    @typescript-eslint/no-require-imports
  906:27  error    A `require()` style import is forbidden                                                                    @typescript-eslint/no-require-imports

/home/mmm/t/Thorhi-tools/.next/server/app/products/page.js
   19:9   warning  '__unused_webpack_module' is defined but never used                                                        @typescript-eslint/no-unused-vars
   19:34  warning  '__webpack_exports__' is defined but never used                                                            @typescript-eslint/no-unused-vars
   19:55  warning  '__webpack_require__' is defined but never used                                                            @typescript-eslint/no-unused-vars
   30:9   warning  '__unused_webpack_module' is defined but never used                                                        @typescript-eslint/no-unused-vars
   30:34  warning  '__unused_webpack_exports' is defined but never used                                                       @typescript-eslint/no-unused-vars
   30:60  warning  '__webpack_require__' is defined but never used                                                            @typescript-eslint/no-unused-vars
   40:9   warning  '__unused_webpack_module' is defined but never used                                                        @typescript-eslint/no-unused-vars
   40:34  warning  '__unused_webpack_exports' is defined but never used                                                       @typescript-eslint/no-unused-vars
   40:60  warning  '__webpack_require__' is defined but never used                                                            @typescript-eslint/no-unused-vars
   50:9   warning  '__unused_webpack_module' is defined but never used                                                        @typescript-eslint/no-unused-vars
   50:34  warning  '__unused_webpack_exports' is defined but never used                                                       @typescript-eslint/no-unused-vars
   50:60  warning  '__webpack_require__' is defined but never used                                                            @typescript-eslint/no-unused-vars
   60:9   warning  '__unused_webpack_module' is defined but never used                                                        @typescript-eslint/no-unused-vars
   60:34  warning  '__unused_webpack_exports' is defined but never used                                                       @typescript-eslint/no-unused-vars
   60:60  warning  '__webpack_require__' is defined but never used                                                            @typescript-eslint/no-unused-vars
   70:9   warning  '__unused_webpack_module' is defined but never used                                                        @typescript-eslint/no-unused-vars
   70:34  warning  '__webpack_exports__' is defined but never used                                                            @typescript-eslint/no-unused-vars
   70:55  warning  '__webpack_require__' is defined but never used                                                            @typescript-eslint/no-unused-vars
   81:9   warning  '__unused_webpack_module' is defined but never used                                                        @typescript-eslint/no-unused-vars
   81:34  warning  '__webpack_exports__' is defined but never used                                                            @typescript-eslint/no-unused-vars
   81:55  warning  '__webpack_require__' is defined but never used                                                            @typescript-eslint/no-unused-vars
   92:9   warning  '__unused_webpack_module' is defined but never used                                                        @typescript-eslint/no-unused-vars
   92:34  warning  '__webpack_exports__' is defined but never used                                                            @typescript-eslint/no-unused-vars
   92:55  warning  '__webpack_require__' is defined but never used                                                            @typescript-eslint/no-unused-vars
  103:9   warning  '__unused_webpack_module' is defined but never used                                                        @typescript-eslint/no-unused-vars
  103:34  warning  '__webpack_exports__' is defined but never used                                                            @typescript-eslint/no-unused-vars
  103:55  warning  '__webpack_require__' is defined but never used                                                            @typescript-eslint/no-unused-vars
  114:9   warning  '__unused_webpack_module' is defined but never used                                                        @typescript-eslint/no-unused-vars
  114:34  warning  '__webpack_exports__' is defined but never used                                                            @typescript-eslint/no-unused-vars
  114:55  warning  '__webpack_require__' is defined but never used                                                            @typescript-eslint/no-unused-vars
  125:9   warning  '__unused_webpack_module' is defined but never used                                                        @typescript-eslint/no-unused-vars
  125:34  warning  '__webpack_exports__' is defined but never used                                                            @typescript-eslint/no-unused-vars
  125:55  warning  '__webpack_require__' is defined but never used                                                            @typescript-eslint/no-unused-vars
  136:9   warning  '__unused_webpack_module' is defined but never used                                                        @typescript-eslint/no-unused-vars
  136:34  warning  '__webpack_exports__' is defined but never used                                                            @typescript-eslint/no-unused-vars
  136:55  warning  '__webpack_require__' is defined but never used                                                            @typescript-eslint/no-unused-vars
  147:9   warning  '__unused_webpack_module' is defined but never used                                                        @typescript-eslint/no-unused-vars
  147:34  warning  '__webpack_exports__' is defined but never used                                                            @typescript-eslint/no-unused-vars
  147:55  warning  '__webpack_require__' is defined but never used                                                            @typescript-eslint/no-unused-vars
  158:9   warning  '__unused_webpack_module' is defined but never used                                                        @typescript-eslint/no-unused-vars
  158:34  warning  '__webpack_exports__' is defined but never used                                                            @typescript-eslint/no-unused-vars
  158:55  warning  '__webpack_require__' is defined but never used                                                            @typescript-eslint/no-unused-vars
  169:9   warning  '__unused_webpack_module' is defined but never used                                                        @typescript-eslint/no-unused-vars
  169:34  warning  '__webpack_exports__' is defined but never used                                                            @typescript-eslint/no-unused-vars
  169:55  warning  '__webpack_require__' is defined but never used                                                            @typescript-eslint/no-unused-vars
  180:9   warning  '__unused_webpack_module' is defined but never used                                                        @typescript-eslint/no-unused-vars
  180:34  warning  '__webpack_exports__' is defined but never used                                                            @typescript-eslint/no-unused-vars
  180:55  warning  '__webpack_require__' is defined but never used                                                            @typescript-eslint/no-unused-vars
  191:9   warning  '__unused_webpack_module' is defined but never used                                                        @typescript-eslint/no-unused-vars
  191:34  warning  '__webpack_exports__' is defined but never used                                                            @typescript-eslint/no-unused-vars
  191:55  warning  '__webpack_require__' is defined but never used                                                            @typescript-eslint/no-unused-vars
  202:9   warning  '__unused_webpack_module' is defined but never used                                                        @typescript-eslint/no-unused-vars
  202:34  warning  '__webpack_exports__' is defined but never used                                                            @typescript-eslint/no-unused-vars
  202:55  warning  '__webpack_require__' is defined but never used                                                            @typescript-eslint/no-unused-vars
  213:9   warning  '__unused_webpack_module' is defined but never used                                                        @typescript-eslint/no-unused-vars
  213:34  warning  '__webpack_exports__' is defined but never used                                                            @typescript-eslint/no-unused-vars
  213:55  warning  '__webpack_require__' is defined but never used                                                            @typescript-eslint/no-unused-vars
  224:9   warning  '__unused_webpack_module' is defined but never used                                                        @typescript-eslint/no-unused-vars
  224:34  warning  '__webpack_exports__' is defined but never used                                                            @typescript-eslint/no-unused-vars
  224:55  warning  '__webpack_require__' is defined but never used                                                            @typescript-eslint/no-unused-vars
  235:9   warning  '__unused_webpack_module' is defined but never used                                                        @typescript-eslint/no-unused-vars
  235:34  warning  '__webpack_exports__' is defined but never used                                                            @typescript-eslint/no-unused-vars
  235:55  warning  '__webpack_require__' is defined but never used                                                            @typescript-eslint/no-unused-vars
  246:9   warning  '__unused_webpack_module' is defined but never used                                                        @typescript-eslint/no-unused-vars
  246:34  warning  '__webpack_exports__' is defined but never used                                                            @typescript-eslint/no-unused-vars
  246:55  warning  '__webpack_require__' is defined but never used                                                            @typescript-eslint/no-unused-vars
  257:9   warning  '__unused_webpack_module' is defined but never used                                                        @typescript-eslint/no-unused-vars
  257:34  warning  '__webpack_exports__' is defined but never used                                                            @typescript-eslint/no-unused-vars
  257:55  warning  '__webpack_require__' is defined but never used                                                            @typescript-eslint/no-unused-vars
  268:9   warning  '__unused_webpack_module' is defined but never used                                                        @typescript-eslint/no-unused-vars
  268:34  warning  '__webpack_exports__' is defined but never used                                                            @typescript-eslint/no-unused-vars
  268:55  warning  '__webpack_require__' is defined but never used                                                            @typescript-eslint/no-unused-vars
  279:9   warning  '__unused_webpack_module' is defined but never used                                                        @typescript-eslint/no-unused-vars
  279:34  warning  '__webpack_exports__' is defined but never used                                                            @typescript-eslint/no-unused-vars
  279:55  warning  '__webpack_require__' is defined but never used                                                            @typescript-eslint/no-unused-vars
  290:9   warning  '__unused_webpack_module' is defined but never used                                                        @typescript-eslint/no-unused-vars
  290:34  warning  '__webpack_exports__' is defined but never used                                                            @typescript-eslint/no-unused-vars
  290:55  warning  '__webpack_require__' is defined but never used                                                            @typescript-eslint/no-unused-vars
  301:9   warning  '__unused_webpack_module' is defined but never used                                                        @typescript-eslint/no-unused-vars
  301:34  warning  '__webpack_exports__' is defined but never used                                                            @typescript-eslint/no-unused-vars
  301:55  warning  '__webpack_require__' is defined but never used                                                            @typescript-eslint/no-unused-vars
  312:9   warning  '__unused_webpack_module' is defined but never used                                                        @typescript-eslint/no-unused-vars
  312:34  warning  '__webpack_exports__' is defined but never used                                                            @typescript-eslint/no-unused-vars
  312:55  warning  '__webpack_require__' is defined but never used                                                            @typescript-eslint/no-unused-vars
  323:9   warning  '__unused_webpack_module' is defined but never used                                                        @typescript-eslint/no-unused-vars
  323:34  warning  '__webpack_exports__' is defined but never used                                                            @typescript-eslint/no-unused-vars
  323:55  warning  '__webpack_require__' is defined but never used                                                            @typescript-eslint/no-unused-vars
  349:26  warning  'react_server_dom_webpack_server__WEBPACK_IMPORTED_MODULE_0___default' is assigned a value but never used  @typescript-eslint/no-unused-vars
  400:26  warning  'react_server_dom_webpack_server__WEBPACK_IMPORTED_MODULE_0___default' is assigned a value but never used  @typescript-eslint/no-unused-vars
  426:26  warning  'react_server_dom_webpack_server__WEBPACK_IMPORTED_MODULE_0___default' is assigned a value but never used  @typescript-eslint/no-unused-vars
  448:26  warning  'react_server_dom_webpack_server__WEBPACK_IMPORTED_MODULE_0___default' is assigned a value but never used  @typescript-eslint/no-unused-vars
  462:9   warning  '__unused_webpack_module' is defined but never used                                                        @typescript-eslint/no-unused-vars
  462:34  warning  '__webpack_exports__' is defined but never used                                                            @typescript-eslint/no-unused-vars
  462:55  warning  '__webpack_require__' is defined but never used                                                            @typescript-eslint/no-unused-vars
  481:26  warning  'react_server_dom_webpack_server__WEBPACK_IMPORTED_MODULE_0___default' is assigned a value but never used  @typescript-eslint/no-unused-vars
  495:9   warning  '__unused_webpack_module' is defined but never used                                                        @typescript-eslint/no-unused-vars
  495:34  warning  '__webpack_exports__' is defined but never used                                                            @typescript-eslint/no-unused-vars
  495:55  warning  '__webpack_require__' is defined but never used                                                            @typescript-eslint/no-unused-vars
  506:9   warning  '__unused_webpack_module' is defined but never used                                                        @typescript-eslint/no-unused-vars
  506:34  warning  '__unused_webpack_exports' is defined but never used                                                       @typescript-eslint/no-unused-vars
  506:60  warning  '__webpack_require__' is defined but never used                                                            @typescript-eslint/no-unused-vars
  516:9   warning  '__unused_webpack_module' is defined but never used                                                        @typescript-eslint/no-unused-vars
  516:34  warning  '__unused_webpack_exports' is defined but never used                                                       @typescript-eslint/no-unused-vars
  516:60  warning  '__webpack_require__' is defined but never used                                                            @typescript-eslint/no-unused-vars
  526:9   warning  '__unused_webpack_module' is defined but never used                                                        @typescript-eslint/no-unused-vars
  526:34  warning  '__unused_webpack_exports' is defined but never used                                                       @typescript-eslint/no-unused-vars
  526:60  warning  '__webpack_require__' is defined but never used                                                            @typescript-eslint/no-unused-vars
  536:9   warning  '__unused_webpack_module' is defined but never used                                                        @typescript-eslint/no-unused-vars
  536:34  warning  '__unused_webpack_exports' is defined but never used                                                       @typescript-eslint/no-unused-vars
  536:60  warning  '__webpack_require__' is defined but never used                                                            @typescript-eslint/no-unused-vars
  546:9   warning  '__unused_webpack_module' is defined but never used                                                        @typescript-eslint/no-unused-vars
  546:34  warning  '__webpack_exports__' is defined but never used                                                            @typescript-eslint/no-unused-vars
  546:55  warning  '__webpack_require__' is defined but never used                                                            @typescript-eslint/no-unused-vars
  557:9   warning  '__unused_webpack_module' is defined but never used                                                        @typescript-eslint/no-unused-vars
  557:34  warning  '__webpack_exports__' is defined but never used                                                            @typescript-eslint/no-unused-vars
  557:55  warning  '__webpack_require__' is defined but never used                                                            @typescript-eslint/no-unused-vars
  568:9   warning  '__unused_webpack_module' is defined but never used                                                        @typescript-eslint/no-unused-vars
  568:34  warning  '__webpack_exports__' is defined but never used                                                            @typescript-eslint/no-unused-vars
  568:55  warning  '__webpack_require__' is defined but never used                                                            @typescript-eslint/no-unused-vars
  579:9   warning  '__unused_webpack_module' is defined but never used                                                        @typescript-eslint/no-unused-vars
  579:34  warning  '__webpack_exports__' is defined but never used                                                            @typescript-eslint/no-unused-vars
  579:55  warning  '__webpack_require__' is defined but never used                                                            @typescript-eslint/no-unused-vars
  590:9   warning  '__unused_webpack_module' is defined but never used                                                        @typescript-eslint/no-unused-vars
  590:34  warning  '__webpack_exports__' is defined but never used                                                            @typescript-eslint/no-unused-vars
  590:55  warning  '__webpack_require__' is defined but never used                                                            @typescript-eslint/no-unused-vars
  601:9   warning  '__unused_webpack_module' is defined but never used                                                        @typescript-eslint/no-unused-vars
  601:34  warning  '__webpack_exports__' is defined but never used                                                            @typescript-eslint/no-unused-vars
  601:55  warning  '__webpack_require__' is defined but never used                                                            @typescript-eslint/no-unused-vars
  612:9   warning  '__unused_webpack_module' is defined but never used                                                        @typescript-eslint/no-unused-vars
  612:34  warning  '__webpack_exports__' is defined but never used                                                            @typescript-eslint/no-unused-vars
  612:55  warning  '__webpack_require__' is defined but never used                                                            @typescript-eslint/no-unused-vars
  626:18  error    A `require()` style import is forbidden                                                                    @typescript-eslint/no-require-imports
  637:18  error    A `require()` style import is forbidden                                                                    @typescript-eslint/no-require-imports
  648:18  error    A `require()` style import is forbidden                                                                    @typescript-eslint/no-require-imports
  659:18  error    A `require()` style import is forbidden                                                                    @typescript-eslint/no-require-imports
  670:18  error    A `require()` style import is forbidden                                                                    @typescript-eslint/no-require-imports
  681:18  error    A `require()` style import is forbidden                                                                    @typescript-eslint/no-require-imports
  692:18  error    A `require()` style import is forbidden                                                                    @typescript-eslint/no-require-imports
  703:18  error    A `require()` style import is forbidden                                                                    @typescript-eslint/no-require-imports
  714:18  error    A `require()` style import is forbidden                                                                    @typescript-eslint/no-require-imports
  725:18  error    A `require()` style import is forbidden                                                                    @typescript-eslint/no-require-imports
  736:18  error    A `require()` style import is forbidden                                                                    @typescript-eslint/no-require-imports
  747:18  error    A `require()` style import is forbidden                                                                    @typescript-eslint/no-require-imports
  755:27  error    A `require()` style import is forbidden                                                                    @typescript-eslint/no-require-imports

/home/mmm/t/Thorhi-tools/.next/server/app/rebuild/page.js
   19:9   warning  '__unused_webpack_module' is defined but never used                                                        @typescript-eslint/no-unused-vars
   19:34  warning  '__webpack_exports__' is defined but never used                                                            @typescript-eslint/no-unused-vars
   19:55  warning  '__webpack_require__' is defined but never used                                                            @typescript-eslint/no-unused-vars
   30:9   warning  '__unused_webpack_module' is defined but never used                                                        @typescript-eslint/no-unused-vars
   30:34  warning  '__unused_webpack_exports' is defined but never used                                                       @typescript-eslint/no-unused-vars
   30:60  warning  '__webpack_require__' is defined but never used                                                            @typescript-eslint/no-unused-vars
   40:9   warning  '__unused_webpack_module' is defined but never used                                                        @typescript-eslint/no-unused-vars
   40:34  warning  '__unused_webpack_exports' is defined but never used                                                       @typescript-eslint/no-unused-vars
   40:60  warning  '__webpack_require__' is defined but never used                                                            @typescript-eslint/no-unused-vars
   50:9   warning  '__unused_webpack_module' is defined but never used                                                        @typescript-eslint/no-unused-vars
   50:34  warning  '__unused_webpack_exports' is defined but never used                                                       @typescript-eslint/no-unused-vars
   50:60  warning  '__webpack_require__' is defined but never used                                                            @typescript-eslint/no-unused-vars
   60:9   warning  '__unused_webpack_module' is defined but never used                                                        @typescript-eslint/no-unused-vars
   60:34  warning  '__unused_webpack_exports' is defined but never used                                                       @typescript-eslint/no-unused-vars
   60:60  warning  '__webpack_require__' is defined but never used                                                            @typescript-eslint/no-unused-vars
   70:9   warning  '__unused_webpack_module' is defined but never used                                                        @typescript-eslint/no-unused-vars
   70:34  warning  '__webpack_exports__' is defined but never used                                                            @typescript-eslint/no-unused-vars
   70:55  warning  '__webpack_require__' is defined but never used                                                            @typescript-eslint/no-unused-vars
   81:9   warning  '__unused_webpack_module' is defined but never used                                                        @typescript-eslint/no-unused-vars
   81:34  warning  '__webpack_exports__' is defined but never used                                                            @typescript-eslint/no-unused-vars
   81:55  warning  '__webpack_require__' is defined but never used                                                            @typescript-eslint/no-unused-vars
   92:9   warning  '__unused_webpack_module' is defined but never used                                                        @typescript-eslint/no-unused-vars
   92:34  warning  '__webpack_exports__' is defined but never used                                                            @typescript-eslint/no-unused-vars
   92:55  warning  '__webpack_require__' is defined but never used                                                            @typescript-eslint/no-unused-vars
  103:9   warning  '__unused_webpack_module' is defined but never used                                                        @typescript-eslint/no-unused-vars
  103:34  warning  '__webpack_exports__' is defined but never used                                                            @typescript-eslint/no-unused-vars
  103:55  warning  '__webpack_require__' is defined but never used                                                            @typescript-eslint/no-unused-vars
  114:9   warning  '__unused_webpack_module' is defined but never used                                                        @typescript-eslint/no-unused-vars
  114:34  warning  '__webpack_exports__' is defined but never used                                                            @typescript-eslint/no-unused-vars
  114:55  warning  '__webpack_require__' is defined but never used                                                            @typescript-eslint/no-unused-vars
  133:26  warning  'react_server_dom_webpack_server__WEBPACK_IMPORTED_MODULE_0___default' is assigned a value but never used  @typescript-eslint/no-unused-vars
  147:9   warning  '__unused_webpack_module' is defined but never used                                                        @typescript-eslint/no-unused-vars
  147:34  warning  '__webpack_exports__' is defined but never used                                                            @typescript-eslint/no-unused-vars
  147:55  warning  '__webpack_require__' is defined but never used                                                            @typescript-eslint/no-unused-vars
  158:9   warning  '__unused_webpack_module' is defined but never used                                                        @typescript-eslint/no-unused-vars
  158:34  warning  '__webpack_exports__' is defined but never used                                                            @typescript-eslint/no-unused-vars
  158:55  warning  '__webpack_require__' is defined but never used                                                            @typescript-eslint/no-unused-vars
  169:9   warning  '__unused_webpack_module' is defined but never used                                                        @typescript-eslint/no-unused-vars
  169:34  warning  '__webpack_exports__' is defined but never used                                                            @typescript-eslint/no-unused-vars
  169:55  warning  '__webpack_require__' is defined but never used                                                            @typescript-eslint/no-unused-vars
  180:9   warning  '__unused_webpack_module' is defined but never used                                                        @typescript-eslint/no-unused-vars
  180:34  warning  '__webpack_exports__' is defined but never used                                                            @typescript-eslint/no-unused-vars
  180:55  warning  '__webpack_require__' is defined but never used                                                            @typescript-eslint/no-unused-vars
  191:9   warning  '__unused_webpack_module' is defined but never used                                                        @typescript-eslint/no-unused-vars
  191:34  warning  '__webpack_exports__' is defined but never used                                                            @typescript-eslint/no-unused-vars
  191:55  warning  '__webpack_require__' is defined but never used                                                            @typescript-eslint/no-unused-vars
  202:9   warning  '__unused_webpack_module' is defined but never used                                                        @typescript-eslint/no-unused-vars
  202:34  warning  '__webpack_exports__' is defined but never used                                                            @typescript-eslint/no-unused-vars
  202:55  warning  '__webpack_require__' is defined but never used                                                            @typescript-eslint/no-unused-vars
  213:9   warning  '__unused_webpack_module' is defined but never used                                                        @typescript-eslint/no-unused-vars
  213:34  warning  '__webpack_exports__' is defined but never used                                                            @typescript-eslint/no-unused-vars
  213:55  warning  '__webpack_require__' is defined but never used                                                            @typescript-eslint/no-unused-vars
  224:9   warning  '__unused_webpack_module' is defined but never used                                                        @typescript-eslint/no-unused-vars
  224:34  warning  '__webpack_exports__' is defined but never used                                                            @typescript-eslint/no-unused-vars
  224:55  warning  '__webpack_require__' is defined but never used                                                            @typescript-eslint/no-unused-vars
  235:9   warning  '__unused_webpack_module' is defined but never used                                                        @typescript-eslint/no-unused-vars
  235:34  warning  '__webpack_exports__' is defined but never used                                                            @typescript-eslint/no-unused-vars
  235:55  warning  '__webpack_require__' is defined but never used                                                            @typescript-eslint/no-unused-vars
  246:9   warning  '__unused_webpack_module' is defined but never used                                                        @typescript-eslint/no-unused-vars
  246:34  warning  '__webpack_exports__' is defined but never used                                                            @typescript-eslint/no-unused-vars
  246:55  warning  '__webpack_require__' is defined but never used                                                            @typescript-eslint/no-unused-vars
  257:9   warning  '__unused_webpack_module' is defined but never used                                                        @typescript-eslint/no-unused-vars
  257:34  warning  '__webpack_exports__' is defined but never used                                                            @typescript-eslint/no-unused-vars
  257:55  warning  '__webpack_require__' is defined but never used                                                            @typescript-eslint/no-unused-vars
  268:9   warning  '__unused_webpack_module' is defined but never used                                                        @typescript-eslint/no-unused-vars
  268:34  warning  '__webpack_exports__' is defined but never used                                                            @typescript-eslint/no-unused-vars
  268:55  warning  '__webpack_require__' is defined but never used                                                            @typescript-eslint/no-unused-vars
  279:9   warning  '__unused_webpack_module' is defined but never used                                                        @typescript-eslint/no-unused-vars
  279:34  warning  '__webpack_exports__' is defined but never used                                                            @typescript-eslint/no-unused-vars
  279:55  warning  '__webpack_require__' is defined but never used                                                            @typescript-eslint/no-unused-vars
  290:9   warning  '__unused_webpack_module' is defined but never used                                                        @typescript-eslint/no-unused-vars
  290:34  warning  '__webpack_exports__' is defined but never used                                                            @typescript-eslint/no-unused-vars
  290:55  warning  '__webpack_require__' is defined but never used                                                            @typescript-eslint/no-unused-vars
  301:9   warning  '__unused_webpack_module' is defined but never used                                                        @typescript-eslint/no-unused-vars
  301:34  warning  '__webpack_exports__' is defined but never used                                                            @typescript-eslint/no-unused-vars
  301:55  warning  '__webpack_require__' is defined but never used                                                            @typescript-eslint/no-unused-vars
  312:9   warning  '__unused_webpack_module' is defined but never used                                                        @typescript-eslint/no-unused-vars
  312:34  warning  '__webpack_exports__' is defined but never used                                                            @typescript-eslint/no-unused-vars
  312:55  warning  '__webpack_require__' is defined but never used                                                            @typescript-eslint/no-unused-vars
  323:9   warning  '__unused_webpack_module' is defined but never used                                                        @typescript-eslint/no-unused-vars
  323:34  warning  '__webpack_exports__' is defined but never used                                                            @typescript-eslint/no-unused-vars
  323:55  warning  '__webpack_require__' is defined but never used                                                            @typescript-eslint/no-unused-vars
  334:9   warning  '__unused_webpack_module' is defined but never used                                                        @typescript-eslint/no-unused-vars
  334:34  warning  '__webpack_exports__' is defined but never used                                                            @typescript-eslint/no-unused-vars
  334:55  warning  '__webpack_require__' is defined but never used                                                            @typescript-eslint/no-unused-vars
  345:9   warning  '__unused_webpack_module' is defined but never used                                                        @typescript-eslint/no-unused-vars
  345:34  warning  '__webpack_exports__' is defined but never used                                                            @typescript-eslint/no-unused-vars
  345:55  warning  '__webpack_require__' is defined but never used                                                            @typescript-eslint/no-unused-vars
  365:26  warning  'react_server_dom_webpack_server__WEBPACK_IMPORTED_MODULE_0___default' is assigned a value but never used  @typescript-eslint/no-unused-vars
  391:26  warning  'react_server_dom_webpack_server__WEBPACK_IMPORTED_MODULE_0___default' is assigned a value but never used  @typescript-eslint/no-unused-vars
  413:26  warning  'react_server_dom_webpack_server__WEBPACK_IMPORTED_MODULE_0___default' is assigned a value but never used  @typescript-eslint/no-unused-vars
  427:9   warning  '__unused_webpack_module' is defined but never used                                                        @typescript-eslint/no-unused-vars
  427:34  warning  '__webpack_exports__' is defined but never used                                                            @typescript-eslint/no-unused-vars
  427:55  warning  '__webpack_require__' is defined but never used                                                            @typescript-eslint/no-unused-vars
  446:26  warning  'react_server_dom_webpack_server__WEBPACK_IMPORTED_MODULE_0___default' is assigned a value but never used  @typescript-eslint/no-unused-vars
  460:9   warning  '__unused_webpack_module' is defined but never used                                                        @typescript-eslint/no-unused-vars
  460:34  warning  '__unused_webpack_exports' is defined but never used                                                       @typescript-eslint/no-unused-vars
  460:60  warning  '__webpack_require__' is defined but never used                                                            @typescript-eslint/no-unused-vars
  470:9   warning  '__unused_webpack_module' is defined but never used                                                        @typescript-eslint/no-unused-vars
  470:34  warning  '__unused_webpack_exports' is defined but never used                                                       @typescript-eslint/no-unused-vars
  470:60  warning  '__webpack_require__' is defined but never used                                                            @typescript-eslint/no-unused-vars
  480:9   warning  '__unused_webpack_module' is defined but never used                                                        @typescript-eslint/no-unused-vars
  480:34  warning  '__unused_webpack_exports' is defined but never used                                                       @typescript-eslint/no-unused-vars
  480:60  warning  '__webpack_require__' is defined but never used                                                            @typescript-eslint/no-unused-vars
  490:9   warning  '__unused_webpack_module' is defined but never used                                                        @typescript-eslint/no-unused-vars
  490:34  warning  '__unused_webpack_exports' is defined but never used                                                       @typescript-eslint/no-unused-vars
  490:60  warning  '__webpack_require__' is defined but never used                                                            @typescript-eslint/no-unused-vars
  500:9   warning  '__unused_webpack_module' is defined but never used                                                        @typescript-eslint/no-unused-vars
  500:34  warning  '__webpack_exports__' is defined but never used                                                            @typescript-eslint/no-unused-vars
  500:55  warning  '__webpack_require__' is defined but never used                                                            @typescript-eslint/no-unused-vars
  511:9   warning  'module' is defined but never used                                                                         @typescript-eslint/no-unused-vars
  521:9   warning  '__unused_webpack_module' is defined but never used                                                        @typescript-eslint/no-unused-vars
  521:34  warning  '__webpack_exports__' is defined but never used                                                            @typescript-eslint/no-unused-vars
  521:55  warning  '__webpack_require__' is defined but never used                                                            @typescript-eslint/no-unused-vars
  532:9   warning  '__unused_webpack_module' is defined but never used                                                        @typescript-eslint/no-unused-vars
  532:34  warning  '__webpack_exports__' is defined but never used                                                            @typescript-eslint/no-unused-vars
  532:55  warning  '__webpack_require__' is defined but never used                                                            @typescript-eslint/no-unused-vars
  543:9   warning  'module' is defined but never used                                                                         @typescript-eslint/no-unused-vars
  553:9   warning  '__unused_webpack_module' is defined but never used                                                        @typescript-eslint/no-unused-vars
  553:34  warning  '__webpack_exports__' is defined but never used                                                            @typescript-eslint/no-unused-vars
  553:55  warning  '__webpack_require__' is defined but never used                                                            @typescript-eslint/no-unused-vars
  564:9   warning  '__unused_webpack_module' is defined but never used                                                        @typescript-eslint/no-unused-vars
  564:34  warning  '__webpack_exports__' is defined but never used                                                            @typescript-eslint/no-unused-vars
  564:55  warning  '__webpack_require__' is defined but never used                                                            @typescript-eslint/no-unused-vars
  575:9   warning  '__unused_webpack_module' is defined but never used                                                        @typescript-eslint/no-unused-vars
  575:34  warning  '__webpack_exports__' is defined but never used                                                            @typescript-eslint/no-unused-vars
  575:55  warning  '__webpack_require__' is defined but never used                                                            @typescript-eslint/no-unused-vars
  586:9   warning  '__unused_webpack_module' is defined but never used                                                        @typescript-eslint/no-unused-vars
  586:34  warning  '__webpack_exports__' is defined but never used                                                            @typescript-eslint/no-unused-vars
  586:55  warning  '__webpack_require__' is defined but never used                                                            @typescript-eslint/no-unused-vars
  597:9   warning  '__unused_webpack_module' is defined but never used                                                        @typescript-eslint/no-unused-vars
  597:34  warning  '__webpack_exports__' is defined but never used                                                            @typescript-eslint/no-unused-vars
  597:55  warning  '__webpack_require__' is defined but never used                                                            @typescript-eslint/no-unused-vars
  608:9   warning  '__unused_webpack_module' is defined but never used                                                        @typescript-eslint/no-unused-vars
  608:34  warning  '__webpack_exports__' is defined but never used                                                            @typescript-eslint/no-unused-vars
  608:55  warning  '__webpack_require__' is defined but never used                                                            @typescript-eslint/no-unused-vars
  619:9   warning  '__unused_webpack_module' is defined but never used                                                        @typescript-eslint/no-unused-vars
  619:34  warning  '__webpack_exports__' is defined but never used                                                            @typescript-eslint/no-unused-vars
  619:55  warning  '__webpack_require__' is defined but never used                                                            @typescript-eslint/no-unused-vars
  633:18  error    A `require()` style import is forbidden                                                                    @typescript-eslint/no-require-imports
  644:18  error    A `require()` style import is forbidden                                                                    @typescript-eslint/no-require-imports
  655:18  error    A `require()` style import is forbidden                                                                    @typescript-eslint/no-require-imports
  666:18  error    A `require()` style import is forbidden                                                                    @typescript-eslint/no-require-imports
  677:18  error    A `require()` style import is forbidden                                                                    @typescript-eslint/no-require-imports
  688:18  error    A `require()` style import is forbidden                                                                    @typescript-eslint/no-require-imports
  699:18  error    A `require()` style import is forbidden                                                                    @typescript-eslint/no-require-imports
  710:18  error    A `require()` style import is forbidden                                                                    @typescript-eslint/no-require-imports
  721:18  error    A `require()` style import is forbidden                                                                    @typescript-eslint/no-require-imports
  732:18  error    A `require()` style import is forbidden                                                                    @typescript-eslint/no-require-imports
  743:18  error    A `require()` style import is forbidden                                                                    @typescript-eslint/no-require-imports
  754:18  error    A `require()` style import is forbidden                                                                    @typescript-eslint/no-require-imports
  762:27  error    A `require()` style import is forbidden                                                                    @typescript-eslint/no-require-imports

/home/mmm/t/Thorhi-tools/.next/server/app/resources/page.js
   19:9   warning  '__unused_webpack_module' is defined but never used                                                        @typescript-eslint/no-unused-vars
   19:34  warning  '__webpack_exports__' is defined but never used                                                            @typescript-eslint/no-unused-vars
   19:55  warning  '__webpack_require__' is defined but never used                                                            @typescript-eslint/no-unused-vars
   30:9   warning  '__unused_webpack_module' is defined but never used                                                        @typescript-eslint/no-unused-vars
   30:34  warning  '__unused_webpack_exports' is defined but never used                                                       @typescript-eslint/no-unused-vars
   30:60  warning  '__webpack_require__' is defined but never used                                                            @typescript-eslint/no-unused-vars
   40:9   warning  '__unused_webpack_module' is defined but never used                                                        @typescript-eslint/no-unused-vars
   40:34  warning  '__unused_webpack_exports' is defined but never used                                                       @typescript-eslint/no-unused-vars
   40:60  warning  '__webpack_require__' is defined but never used                                                            @typescript-eslint/no-unused-vars
   50:9   warning  '__unused_webpack_module' is defined but never used                                                        @typescript-eslint/no-unused-vars
   50:34  warning  '__unused_webpack_exports' is defined but never used                                                       @typescript-eslint/no-unused-vars
   50:60  warning  '__webpack_require__' is defined but never used                                                            @typescript-eslint/no-unused-vars
   60:9   warning  '__unused_webpack_module' is defined but never used                                                        @typescript-eslint/no-unused-vars
   60:34  warning  '__unused_webpack_exports' is defined but never used                                                       @typescript-eslint/no-unused-vars
   60:60  warning  '__webpack_require__' is defined but never used                                                            @typescript-eslint/no-unused-vars
   70:9   warning  '__unused_webpack_module' is defined but never used                                                        @typescript-eslint/no-unused-vars
   70:34  warning  '__webpack_exports__' is defined but never used                                                            @typescript-eslint/no-unused-vars
   70:55  warning  '__webpack_require__' is defined but never used                                                            @typescript-eslint/no-unused-vars
   81:9   warning  '__unused_webpack_module' is defined but never used                                                        @typescript-eslint/no-unused-vars
   81:34  warning  '__webpack_exports__' is defined but never used                                                            @typescript-eslint/no-unused-vars
   81:55  warning  '__webpack_require__' is defined but never used                                                            @typescript-eslint/no-unused-vars
   92:9   warning  '__unused_webpack_module' is defined but never used                                                        @typescript-eslint/no-unused-vars
   92:34  warning  '__webpack_exports__' is defined but never used                                                            @typescript-eslint/no-unused-vars
   92:55  warning  '__webpack_require__' is defined but never used                                                            @typescript-eslint/no-unused-vars
  103:9   warning  '__unused_webpack_module' is defined but never used                                                        @typescript-eslint/no-unused-vars
  103:34  warning  '__webpack_exports__' is defined but never used                                                            @typescript-eslint/no-unused-vars
  103:55  warning  '__webpack_require__' is defined but never used                                                            @typescript-eslint/no-unused-vars
  114:9   warning  '__unused_webpack_module' is defined but never used                                                        @typescript-eslint/no-unused-vars
  114:34  warning  '__webpack_exports__' is defined but never used                                                            @typescript-eslint/no-unused-vars
  114:55  warning  '__webpack_require__' is defined but never used                                                            @typescript-eslint/no-unused-vars
  125:9   warning  '__unused_webpack_module' is defined but never used                                                        @typescript-eslint/no-unused-vars
  125:34  warning  '__webpack_exports__' is defined but never used                                                            @typescript-eslint/no-unused-vars
  125:55  warning  '__webpack_require__' is defined but never used                                                            @typescript-eslint/no-unused-vars
  136:9   warning  '__unused_webpack_module' is defined but never used                                                        @typescript-eslint/no-unused-vars
  136:34  warning  '__webpack_exports__' is defined but never used                                                            @typescript-eslint/no-unused-vars
  136:55  warning  '__webpack_require__' is defined but never used                                                            @typescript-eslint/no-unused-vars
  147:9   warning  '__unused_webpack_module' is defined but never used                                                        @typescript-eslint/no-unused-vars
  147:34  warning  '__webpack_exports__' is defined but never used                                                            @typescript-eslint/no-unused-vars
  147:55  warning  '__webpack_require__' is defined but never used                                                            @typescript-eslint/no-unused-vars
  158:9   warning  '__unused_webpack_module' is defined but never used                                                        @typescript-eslint/no-unused-vars
  158:34  warning  '__webpack_exports__' is defined but never used                                                            @typescript-eslint/no-unused-vars
  158:55  warning  '__webpack_require__' is defined but never used                                                            @typescript-eslint/no-unused-vars
  169:9   warning  '__unused_webpack_module' is defined but never used                                                        @typescript-eslint/no-unused-vars
  169:34  warning  '__webpack_exports__' is defined but never used                                                            @typescript-eslint/no-unused-vars
  169:55  warning  '__webpack_require__' is defined but never used                                                            @typescript-eslint/no-unused-vars
  180:9   warning  '__unused_webpack_module' is defined but never used                                                        @typescript-eslint/no-unused-vars
  180:34  warning  '__webpack_exports__' is defined but never used                                                            @typescript-eslint/no-unused-vars
  180:55  warning  '__webpack_require__' is defined but never used                                                            @typescript-eslint/no-unused-vars
  191:9   warning  '__unused_webpack_module' is defined but never used                                                        @typescript-eslint/no-unused-vars
  191:34  warning  '__webpack_exports__' is defined but never used                                                            @typescript-eslint/no-unused-vars
  191:55  warning  '__webpack_require__' is defined but never used                                                            @typescript-eslint/no-unused-vars
  202:9   warning  '__unused_webpack_module' is defined but never used                                                        @typescript-eslint/no-unused-vars
  202:34  warning  '__webpack_exports__' is defined but never used                                                            @typescript-eslint/no-unused-vars
  202:55  warning  '__webpack_require__' is defined but never used                                                            @typescript-eslint/no-unused-vars
  213:9   warning  '__unused_webpack_module' is defined but never used                                                        @typescript-eslint/no-unused-vars
  213:34  warning  '__webpack_exports__' is defined but never used                                                            @typescript-eslint/no-unused-vars
  213:55  warning  '__webpack_require__' is defined but never used                                                            @typescript-eslint/no-unused-vars
  224:9   warning  '__unused_webpack_module' is defined but never used                                                        @typescript-eslint/no-unused-vars
  224:34  warning  '__webpack_exports__' is defined but never used                                                            @typescript-eslint/no-unused-vars
  224:55  warning  '__webpack_require__' is defined but never used                                                            @typescript-eslint/no-unused-vars
  235:9   warning  '__unused_webpack_module' is defined but never used                                                        @typescript-eslint/no-unused-vars
  235:34  warning  '__webpack_exports__' is defined but never used                                                            @typescript-eslint/no-unused-vars
  235:55  warning  '__webpack_require__' is defined but never used                                                            @typescript-eslint/no-unused-vars
  246:9   warning  '__unused_webpack_module' is defined but never used                                                        @typescript-eslint/no-unused-vars
  246:34  warning  '__webpack_exports__' is defined but never used                                                            @typescript-eslint/no-unused-vars
  246:55  warning  '__webpack_require__' is defined but never used                                                            @typescript-eslint/no-unused-vars
  257:9   warning  '__unused_webpack_module' is defined but never used                                                        @typescript-eslint/no-unused-vars
  257:34  warning  '__webpack_exports__' is defined but never used                                                            @typescript-eslint/no-unused-vars
  257:55  warning  '__webpack_require__' is defined but never used                                                            @typescript-eslint/no-unused-vars
  268:9   warning  '__unused_webpack_module' is defined but never used                                                        @typescript-eslint/no-unused-vars
  268:34  warning  '__webpack_exports__' is defined but never used                                                            @typescript-eslint/no-unused-vars
  268:55  warning  '__webpack_require__' is defined but never used                                                            @typescript-eslint/no-unused-vars
  279:9   warning  '__unused_webpack_module' is defined but never used                                                        @typescript-eslint/no-unused-vars
  279:34  warning  '__webpack_exports__' is defined but never used                                                            @typescript-eslint/no-unused-vars
  279:55  warning  '__webpack_require__' is defined but never used                                                            @typescript-eslint/no-unused-vars
  290:9   warning  '__unused_webpack_module' is defined but never used                                                        @typescript-eslint/no-unused-vars
  290:34  warning  '__webpack_exports__' is defined but never used                                                            @typescript-eslint/no-unused-vars
  290:55  warning  '__webpack_require__' is defined but never used                                                            @typescript-eslint/no-unused-vars
  301:9   warning  '__unused_webpack_module' is defined but never used                                                        @typescript-eslint/no-unused-vars
  301:34  warning  '__webpack_exports__' is defined but never used                                                            @typescript-eslint/no-unused-vars
  301:55  warning  '__webpack_require__' is defined but never used                                                            @typescript-eslint/no-unused-vars
  312:9   warning  '__unused_webpack_module' is defined but never used                                                        @typescript-eslint/no-unused-vars
  312:34  warning  '__webpack_exports__' is defined but never used                                                            @typescript-eslint/no-unused-vars
  312:55  warning  '__webpack_require__' is defined but never used                                                            @typescript-eslint/no-unused-vars
  323:9   warning  '__unused_webpack_module' is defined but never used                                                        @typescript-eslint/no-unused-vars
  323:34  warning  '__webpack_exports__' is defined but never used                                                            @typescript-eslint/no-unused-vars
  323:55  warning  '__webpack_require__' is defined but never used                                                            @typescript-eslint/no-unused-vars
  349:26  warning  'react_server_dom_webpack_server__WEBPACK_IMPORTED_MODULE_0___default' is assigned a value but never used  @typescript-eslint/no-unused-vars
  400:26  warning  'react_server_dom_webpack_server__WEBPACK_IMPORTED_MODULE_0___default' is assigned a value but never used  @typescript-eslint/no-unused-vars
  426:26  warning  'react_server_dom_webpack_server__WEBPACK_IMPORTED_MODULE_0___default' is assigned a value but never used  @typescript-eslint/no-unused-vars
  448:26  warning  'react_server_dom_webpack_server__WEBPACK_IMPORTED_MODULE_0___default' is assigned a value but never used  @typescript-eslint/no-unused-vars
  462:9   warning  '__unused_webpack_module' is defined but never used                                                        @typescript-eslint/no-unused-vars
  462:34  warning  '__webpack_exports__' is defined but never used                                                            @typescript-eslint/no-unused-vars
  462:55  warning  '__webpack_require__' is defined but never used                                                            @typescript-eslint/no-unused-vars
  481:26  warning  'react_server_dom_webpack_server__WEBPACK_IMPORTED_MODULE_0___default' is assigned a value but never used  @typescript-eslint/no-unused-vars
  495:9   warning  '__unused_webpack_module' is defined but never used                                                        @typescript-eslint/no-unused-vars
  495:34  warning  '__webpack_exports__' is defined but never used                                                            @typescript-eslint/no-unused-vars
  495:55  warning  '__webpack_require__' is defined but never used                                                            @typescript-eslint/no-unused-vars
  506:9   warning  '__unused_webpack_module' is defined but never used                                                        @typescript-eslint/no-unused-vars
  506:34  warning  '__unused_webpack_exports' is defined but never used                                                       @typescript-eslint/no-unused-vars
  506:60  warning  '__webpack_require__' is defined but never used                                                            @typescript-eslint/no-unused-vars
  516:9   warning  '__unused_webpack_module' is defined but never used                                                        @typescript-eslint/no-unused-vars
  516:34  warning  '__unused_webpack_exports' is defined but never used                                                       @typescript-eslint/no-unused-vars
  516:60  warning  '__webpack_require__' is defined but never used                                                            @typescript-eslint/no-unused-vars
  526:9   warning  '__unused_webpack_module' is defined but never used                                                        @typescript-eslint/no-unused-vars
  526:34  warning  '__unused_webpack_exports' is defined but never used                                                       @typescript-eslint/no-unused-vars
  526:60  warning  '__webpack_require__' is defined but never used                                                            @typescript-eslint/no-unused-vars
  536:9   warning  '__unused_webpack_module' is defined but never used                                                        @typescript-eslint/no-unused-vars
  536:34  warning  '__unused_webpack_exports' is defined but never used                                                       @typescript-eslint/no-unused-vars
  536:60  warning  '__webpack_require__' is defined but never used                                                            @typescript-eslint/no-unused-vars
  546:9   warning  '__unused_webpack_module' is defined but never used                                                        @typescript-eslint/no-unused-vars
  546:34  warning  '__webpack_exports__' is defined but never used                                                            @typescript-eslint/no-unused-vars
  546:55  warning  '__webpack_require__' is defined but never used                                                            @typescript-eslint/no-unused-vars
  557:9   warning  '__unused_webpack_module' is defined but never used                                                        @typescript-eslint/no-unused-vars
  557:34  warning  '__webpack_exports__' is defined but never used                                                            @typescript-eslint/no-unused-vars
  557:55  warning  '__webpack_require__' is defined but never used                                                            @typescript-eslint/no-unused-vars
  568:9   warning  '__unused_webpack_module' is defined but never used                                                        @typescript-eslint/no-unused-vars
  568:34  warning  '__webpack_exports__' is defined but never used                                                            @typescript-eslint/no-unused-vars
  568:55  warning  '__webpack_require__' is defined but never used                                                            @typescript-eslint/no-unused-vars
  579:9   warning  '__unused_webpack_module' is defined but never used                                                        @typescript-eslint/no-unused-vars
  579:34  warning  '__webpack_exports__' is defined but never used                                                            @typescript-eslint/no-unused-vars
  579:55  warning  '__webpack_require__' is defined but never used                                                            @typescript-eslint/no-unused-vars
  590:9   warning  '__unused_webpack_module' is defined but never used                                                        @typescript-eslint/no-unused-vars
  590:34  warning  '__webpack_exports__' is defined but never used                                                            @typescript-eslint/no-unused-vars
  590:55  warning  '__webpack_require__' is defined but never used                                                            @typescript-eslint/no-unused-vars
  601:9   warning  '__unused_webpack_module' is defined but never used                                                        @typescript-eslint/no-unused-vars
  601:34  warning  '__webpack_exports__' is defined but never used                                                            @typescript-eslint/no-unused-vars
  601:55  warning  '__webpack_require__' is defined but never used                                                            @typescript-eslint/no-unused-vars
  612:9   warning  '__unused_webpack_module' is defined but never used                                                        @typescript-eslint/no-unused-vars
  612:34  warning  '__webpack_exports__' is defined but never used                                                            @typescript-eslint/no-unused-vars
  612:55  warning  '__webpack_require__' is defined but never used                                                            @typescript-eslint/no-unused-vars
  626:18  error    A `require()` style import is forbidden                                                                    @typescript-eslint/no-require-imports
  637:18  error    A `require()` style import is forbidden                                                                    @typescript-eslint/no-require-imports
  648:18  error    A `require()` style import is forbidden                                                                    @typescript-eslint/no-require-imports
  659:18  error    A `require()` style import is forbidden                                                                    @typescript-eslint/no-require-imports
  670:18  error    A `require()` style import is forbidden                                                                    @typescript-eslint/no-require-imports
  681:18  error    A `require()` style import is forbidden                                                                    @typescript-eslint/no-require-imports
  692:18  error    A `require()` style import is forbidden                                                                    @typescript-eslint/no-require-imports
  703:18  error    A `require()` style import is forbidden                                                                    @typescript-eslint/no-require-imports
  714:18  error    A `require()` style import is forbidden                                                                    @typescript-eslint/no-require-imports
  725:18  error    A `require()` style import is forbidden                                                                    @typescript-eslint/no-require-imports
  736:18  error    A `require()` style import is forbidden                                                                    @typescript-eslint/no-require-imports
  747:18  error    A `require()` style import is forbidden                                                                    @typescript-eslint/no-require-imports
  755:27  error    A `require()` style import is forbidden                                                                    @typescript-eslint/no-require-imports

/home/mmm/t/Thorhi-tools/.next/server/vendor-chunks/@swc.js
  18:9   warning  '__unused_webpack___webpack_module__' is defined but never used  @typescript-eslint/no-unused-vars
  18:46  warning  '__webpack_exports__' is defined but never used                  @typescript-eslint/no-unused-vars
  18:67  warning  '__webpack_require__' is defined but never used                  @typescript-eslint/no-unused-vars
  28:9   warning  '__unused_webpack___webpack_module__' is defined but never used  @typescript-eslint/no-unused-vars
  28:46  warning  '__webpack_exports__' is defined but never used                  @typescript-eslint/no-unused-vars
  28:67  warning  '__webpack_require__' is defined but never used                  @typescript-eslint/no-unused-vars
  38:9   warning  '__unused_webpack___webpack_module__' is defined but never used  @typescript-eslint/no-unused-vars
  38:46  warning  '__webpack_exports__' is defined but never used                  @typescript-eslint/no-unused-vars
  38:67  warning  '__webpack_require__' is defined but never used                  @typescript-eslint/no-unused-vars
  48:9   warning  '__unused_webpack___webpack_module__' is defined but never used  @typescript-eslint/no-unused-vars
  48:46  warning  '__webpack_exports__' is defined but never used                  @typescript-eslint/no-unused-vars
  48:67  warning  '__webpack_require__' is defined but never used                  @typescript-eslint/no-unused-vars

/home/mmm/t/Thorhi-tools/.next/server/vendor-chunks/animejs.js
   18:9   warning  '__unused_webpack___webpack_module__' is defined but never used  @typescript-eslint/no-unused-vars
   18:46  warning  '__webpack_exports__' is defined but never used                  @typescript-eslint/no-unused-vars
   18:67  warning  '__webpack_require__' is defined but never used                  @typescript-eslint/no-unused-vars
   28:9   warning  '__unused_webpack___webpack_module__' is defined but never used  @typescript-eslint/no-unused-vars
   28:46  warning  '__webpack_exports__' is defined but never used                  @typescript-eslint/no-unused-vars
   28:67  warning  '__webpack_require__' is defined but never used                  @typescript-eslint/no-unused-vars
   38:9   warning  '__unused_webpack___webpack_module__' is defined but never used  @typescript-eslint/no-unused-vars
   38:46  warning  '__webpack_exports__' is defined but never used                  @typescript-eslint/no-unused-vars
   38:67  warning  '__webpack_require__' is defined but never used                  @typescript-eslint/no-unused-vars
   48:9   warning  '__unused_webpack___webpack_module__' is defined but never used  @typescript-eslint/no-unused-vars
   48:46  warning  '__webpack_exports__' is defined but never used                  @typescript-eslint/no-unused-vars
   48:67  warning  '__webpack_require__' is defined but never used                  @typescript-eslint/no-unused-vars
   58:9   warning  '__unused_webpack___webpack_module__' is defined but never used  @typescript-eslint/no-unused-vars
   58:46  warning  '__webpack_exports__' is defined but never used                  @typescript-eslint/no-unused-vars
   58:67  warning  '__webpack_require__' is defined but never used                  @typescript-eslint/no-unused-vars
   68:9   warning  '__unused_webpack___webpack_module__' is defined but never used  @typescript-eslint/no-unused-vars
   68:46  warning  '__webpack_exports__' is defined but never used                  @typescript-eslint/no-unused-vars
   68:67  warning  '__webpack_require__' is defined but never used                  @typescript-eslint/no-unused-vars
   78:9   warning  '__unused_webpack___webpack_module__' is defined but never used  @typescript-eslint/no-unused-vars
   78:46  warning  '__webpack_exports__' is defined but never used                  @typescript-eslint/no-unused-vars
   78:67  warning  '__webpack_require__' is defined but never used                  @typescript-eslint/no-unused-vars
   88:9   warning  '__unused_webpack___webpack_module__' is defined but never used  @typescript-eslint/no-unused-vars
   88:46  warning  '__webpack_exports__' is defined but never used                  @typescript-eslint/no-unused-vars
   88:67  warning  '__webpack_require__' is defined but never used                  @typescript-eslint/no-unused-vars
   98:9   warning  '__unused_webpack___webpack_module__' is defined but never used  @typescript-eslint/no-unused-vars
   98:46  warning  '__webpack_exports__' is defined but never used                  @typescript-eslint/no-unused-vars
   98:67  warning  '__webpack_require__' is defined but never used                  @typescript-eslint/no-unused-vars
  108:9   warning  '__unused_webpack___webpack_module__' is defined but never used  @typescript-eslint/no-unused-vars
  108:46  warning  '__webpack_exports__' is defined but never used                  @typescript-eslint/no-unused-vars
  108:67  warning  '__webpack_require__' is defined but never used                  @typescript-eslint/no-unused-vars
  118:9   warning  '__unused_webpack___webpack_module__' is defined but never used  @typescript-eslint/no-unused-vars
  118:46  warning  '__webpack_exports__' is defined but never used                  @typescript-eslint/no-unused-vars
  118:67  warning  '__webpack_require__' is defined but never used                  @typescript-eslint/no-unused-vars
  128:9   warning  '__unused_webpack___webpack_module__' is defined but never used  @typescript-eslint/no-unused-vars
  128:46  warning  '__webpack_exports__' is defined but never used                  @typescript-eslint/no-unused-vars
  128:67  warning  '__webpack_require__' is defined but never used                  @typescript-eslint/no-unused-vars
  138:9   warning  '__unused_webpack___webpack_module__' is defined but never used  @typescript-eslint/no-unused-vars
  138:46  warning  '__webpack_exports__' is defined but never used                  @typescript-eslint/no-unused-vars
  138:67  warning  '__webpack_require__' is defined but never used                  @typescript-eslint/no-unused-vars
  148:9   warning  '__unused_webpack___webpack_module__' is defined but never used  @typescript-eslint/no-unused-vars
  148:46  warning  '__webpack_exports__' is defined but never used                  @typescript-eslint/no-unused-vars
  148:67  warning  '__webpack_require__' is defined but never used                  @typescript-eslint/no-unused-vars
  158:9   warning  '__unused_webpack___webpack_module__' is defined but never used  @typescript-eslint/no-unused-vars
  158:46  warning  '__webpack_exports__' is defined but never used                  @typescript-eslint/no-unused-vars
  158:67  warning  '__webpack_require__' is defined but never used                  @typescript-eslint/no-unused-vars
  168:9   warning  '__unused_webpack___webpack_module__' is defined but never used  @typescript-eslint/no-unused-vars
  168:46  warning  '__webpack_exports__' is defined but never used                  @typescript-eslint/no-unused-vars
  168:67  warning  '__webpack_require__' is defined but never used                  @typescript-eslint/no-unused-vars
  178:9   warning  '__unused_webpack___webpack_module__' is defined but never used  @typescript-eslint/no-unused-vars
  178:46  warning  '__webpack_exports__' is defined but never used                  @typescript-eslint/no-unused-vars
  178:67  warning  '__webpack_require__' is defined but never used                  @typescript-eslint/no-unused-vars
  188:9   warning  '__unused_webpack___webpack_module__' is defined but never used  @typescript-eslint/no-unused-vars
  188:46  warning  '__webpack_exports__' is defined but never used                  @typescript-eslint/no-unused-vars
  188:67  warning  '__webpack_require__' is defined but never used                  @typescript-eslint/no-unused-vars
  198:9   warning  '__unused_webpack___webpack_module__' is defined but never used  @typescript-eslint/no-unused-vars
  198:46  warning  '__webpack_exports__' is defined but never used                  @typescript-eslint/no-unused-vars
  198:67  warning  '__webpack_require__' is defined but never used                  @typescript-eslint/no-unused-vars
  208:9   warning  '__unused_webpack___webpack_module__' is defined but never used  @typescript-eslint/no-unused-vars
  208:46  warning  '__webpack_exports__' is defined but never used                  @typescript-eslint/no-unused-vars
  208:67  warning  '__webpack_require__' is defined but never used                  @typescript-eslint/no-unused-vars
  218:9   warning  '__unused_webpack___webpack_module__' is defined but never used  @typescript-eslint/no-unused-vars
  218:46  warning  '__webpack_exports__' is defined but never used                  @typescript-eslint/no-unused-vars
  218:67  warning  '__webpack_require__' is defined but never used                  @typescript-eslint/no-unused-vars
  228:9   warning  '__unused_webpack___webpack_module__' is defined but never used  @typescript-eslint/no-unused-vars
  228:46  warning  '__webpack_exports__' is defined but never used                  @typescript-eslint/no-unused-vars
  228:67  warning  '__webpack_require__' is defined but never used                  @typescript-eslint/no-unused-vars
  238:9   warning  '__unused_webpack___webpack_module__' is defined but never used  @typescript-eslint/no-unused-vars
  238:46  warning  '__webpack_exports__' is defined but never used                  @typescript-eslint/no-unused-vars
  238:67  warning  '__webpack_require__' is defined but never used                  @typescript-eslint/no-unused-vars
  248:9   warning  '__unused_webpack___webpack_module__' is defined but never used  @typescript-eslint/no-unused-vars
  248:46  warning  '__webpack_exports__' is defined but never used                  @typescript-eslint/no-unused-vars
  248:67  warning  '__webpack_require__' is defined but never used                  @typescript-eslint/no-unused-vars
  258:9   warning  '__unused_webpack___webpack_module__' is defined but never used  @typescript-eslint/no-unused-vars
  258:46  warning  '__webpack_exports__' is defined but never used                  @typescript-eslint/no-unused-vars
  258:67  warning  '__webpack_require__' is defined but never used                  @typescript-eslint/no-unused-vars
  268:9   warning  '__unused_webpack___webpack_module__' is defined but never used  @typescript-eslint/no-unused-vars
  268:46  warning  '__webpack_exports__' is defined but never used                  @typescript-eslint/no-unused-vars
  268:67  warning  '__webpack_require__' is defined but never used                  @typescript-eslint/no-unused-vars

/home/mmm/t/Thorhi-tools/.next/server/vendor-chunks/next.js
    17:9   warning  '__unused_webpack_module' is defined but never used   @typescript-eslint/no-unused-vars
    17:34  warning  'exports' is defined but never used                   @typescript-eslint/no-unused-vars
    17:43  warning  '__webpack_require__' is defined but never used       @typescript-eslint/no-unused-vars
    28:9   warning  '__unused_webpack_module' is defined but never used   @typescript-eslint/no-unused-vars
    28:34  warning  'exports' is defined but never used                   @typescript-eslint/no-unused-vars
    28:43  warning  '__webpack_require__' is defined but never used       @typescript-eslint/no-unused-vars
    52:9   warning  'module' is defined but never used                    @typescript-eslint/no-unused-vars
    52:17  warning  'exports' is defined but never used                   @typescript-eslint/no-unused-vars
    63:9   warning  'module' is defined but never used                    @typescript-eslint/no-unused-vars
    63:17  warning  'exports' is defined but never used                   @typescript-eslint/no-unused-vars
    63:26  warning  '__webpack_require__' is defined but never used       @typescript-eslint/no-unused-vars
    87:9   warning  'module' is defined but never used                    @typescript-eslint/no-unused-vars
    87:17  warning  'exports' is defined but never used                   @typescript-eslint/no-unused-vars
    87:26  warning  '__webpack_require__' is defined but never used       @typescript-eslint/no-unused-vars
   124:9   warning  'module' is defined but never used                    @typescript-eslint/no-unused-vars
   124:17  warning  'exports' is defined but never used                   @typescript-eslint/no-unused-vars
   148:9   warning  'module' is defined but never used                    @typescript-eslint/no-unused-vars
   148:17  warning  'exports' is defined but never used                   @typescript-eslint/no-unused-vars
   148:26  warning  '__webpack_require__' is defined but never used       @typescript-eslint/no-unused-vars
   159:9   warning  'module' is defined but never used                    @typescript-eslint/no-unused-vars
   159:17  warning  'exports' is defined but never used                   @typescript-eslint/no-unused-vars
   170:9   warning  'module' is defined but never used                    @typescript-eslint/no-unused-vars
   170:17  warning  'exports' is defined but never used                   @typescript-eslint/no-unused-vars
   170:26  warning  '__webpack_require__' is defined but never used       @typescript-eslint/no-unused-vars
   220:9   warning  'module' is defined but never used                    @typescript-eslint/no-unused-vars
   220:17  warning  'exports' is defined but never used                   @typescript-eslint/no-unused-vars
   220:26  warning  '__webpack_require__' is defined but never used       @typescript-eslint/no-unused-vars
   231:9   warning  'module' is defined but never used                    @typescript-eslint/no-unused-vars
   231:17  warning  'exports' is defined but never used                   @typescript-eslint/no-unused-vars
   255:9   warning  'module' is defined but never used                    @typescript-eslint/no-unused-vars
   255:17  warning  'exports' is defined but never used                   @typescript-eslint/no-unused-vars
   266:9   warning  'module' is defined but never used                    @typescript-eslint/no-unused-vars
   266:17  warning  'exports' is defined but never used                   @typescript-eslint/no-unused-vars
   277:9   warning  'module' is defined but never used                    @typescript-eslint/no-unused-vars
   288:9   warning  'module' is defined but never used                    @typescript-eslint/no-unused-vars
   298:9   warning  'module' is defined but never used                    @typescript-eslint/no-unused-vars
   308:9   warning  'module' is defined but never used                    @typescript-eslint/no-unused-vars
   318:9   warning  '__unused_webpack_module' is defined but never used   @typescript-eslint/no-unused-vars
   318:34  warning  'exports' is defined but never used                   @typescript-eslint/no-unused-vars
   318:43  warning  '__webpack_require__' is defined but never used       @typescript-eslint/no-unused-vars
   329:9   warning  'module' is defined but never used                    @typescript-eslint/no-unused-vars
   329:17  warning  '__unused_webpack_exports' is defined but never used  @typescript-eslint/no-unused-vars
   329:43  warning  '__webpack_require__' is defined but never used       @typescript-eslint/no-unused-vars
   350:9   warning  'module' is defined but never used                    @typescript-eslint/no-unused-vars
   360:9   warning  '__unused_webpack_module' is defined but never used   @typescript-eslint/no-unused-vars
   360:34  warning  'exports' is defined but never used                   @typescript-eslint/no-unused-vars
   360:43  warning  '__webpack_require__' is defined but never used       @typescript-eslint/no-unused-vars
   371:9   warning  '__unused_webpack_module' is defined but never used   @typescript-eslint/no-unused-vars
   371:34  warning  'exports' is defined but never used                   @typescript-eslint/no-unused-vars
   382:9   warning  '__unused_webpack_module' is defined but never used   @typescript-eslint/no-unused-vars
   382:34  warning  'exports' is defined but never used                   @typescript-eslint/no-unused-vars
   393:9   warning  '__unused_webpack_module' is defined but never used   @typescript-eslint/no-unused-vars
   393:34  warning  'exports' is defined but never used                   @typescript-eslint/no-unused-vars
   404:9   warning  '__unused_webpack_module' is defined but never used   @typescript-eslint/no-unused-vars
   404:34  warning  'exports' is defined but never used                   @typescript-eslint/no-unused-vars
   415:9   warning  '__unused_webpack_module' is defined but never used   @typescript-eslint/no-unused-vars
   415:34  warning  'exports' is defined but never used                   @typescript-eslint/no-unused-vars
   426:9   warning  '__unused_webpack_module' is defined but never used   @typescript-eslint/no-unused-vars
   426:34  warning  'exports' is defined but never used                   @typescript-eslint/no-unused-vars
   437:9   warning  '__unused_webpack_module' is defined but never used   @typescript-eslint/no-unused-vars
   437:34  warning  'exports' is defined but never used                   @typescript-eslint/no-unused-vars
   437:43  warning  '__webpack_require__' is defined but never used       @typescript-eslint/no-unused-vars
   448:9   warning  '__unused_webpack_module' is defined but never used   @typescript-eslint/no-unused-vars
   448:34  warning  'exports' is defined but never used                   @typescript-eslint/no-unused-vars
   459:9   warning  '__unused_webpack_module' is defined but never used   @typescript-eslint/no-unused-vars
   459:34  warning  'exports' is defined but never used                   @typescript-eslint/no-unused-vars
   470:9   warning  '__unused_webpack_module' is defined but never used   @typescript-eslint/no-unused-vars
   470:34  warning  'exports' is defined but never used                   @typescript-eslint/no-unused-vars
   481:9   warning  '__unused_webpack_module' is defined but never used   @typescript-eslint/no-unused-vars
   481:34  warning  'exports' is defined but never used                   @typescript-eslint/no-unused-vars
   481:43  warning  '__webpack_require__' is defined but never used       @typescript-eslint/no-unused-vars
   492:9   warning  '__unused_webpack_module' is defined but never used   @typescript-eslint/no-unused-vars
   492:34  warning  'exports' is defined but never used                   @typescript-eslint/no-unused-vars
   492:43  warning  '__webpack_require__' is defined but never used       @typescript-eslint/no-unused-vars
   516:9   warning  '__unused_webpack_module' is defined but never used   @typescript-eslint/no-unused-vars
   516:34  warning  'exports' is defined but never used                   @typescript-eslint/no-unused-vars
   516:43  warning  '__webpack_require__' is defined but never used       @typescript-eslint/no-unused-vars
   527:9   warning  '__unused_webpack_module' is defined but never used   @typescript-eslint/no-unused-vars
   527:34  warning  'exports' is defined but never used                   @typescript-eslint/no-unused-vars
   527:43  warning  '__webpack_require__' is defined but never used       @typescript-eslint/no-unused-vars
   538:9   warning  '__unused_webpack_module' is defined but never used   @typescript-eslint/no-unused-vars
   538:34  warning  'exports' is defined but never used                   @typescript-eslint/no-unused-vars
   538:43  warning  '__webpack_require__' is defined but never used       @typescript-eslint/no-unused-vars
   549:9   warning  '__unused_webpack_module' is defined but never used   @typescript-eslint/no-unused-vars
   549:34  warning  'exports' is defined but never used                   @typescript-eslint/no-unused-vars
   560:9   warning  '__unused_webpack_module' is defined but never used   @typescript-eslint/no-unused-vars
   560:34  warning  'exports' is defined but never used                   @typescript-eslint/no-unused-vars
   571:9   warning  '__unused_webpack_module' is defined but never used   @typescript-eslint/no-unused-vars
   571:34  warning  'exports' is defined but never used                   @typescript-eslint/no-unused-vars
   571:43  warning  '__webpack_require__' is defined but never used       @typescript-eslint/no-unused-vars
   582:9   warning  '__unused_webpack_module' is defined but never used   @typescript-eslint/no-unused-vars
   582:34  warning  'exports' is defined but never used                   @typescript-eslint/no-unused-vars
   582:43  warning  '__webpack_require__' is defined but never used       @typescript-eslint/no-unused-vars
   593:9   warning  '__unused_webpack_module' is defined but never used   @typescript-eslint/no-unused-vars
   593:34  warning  'exports' is defined but never used                   @typescript-eslint/no-unused-vars
   593:43  warning  '__webpack_require__' is defined but never used       @typescript-eslint/no-unused-vars
   604:9   warning  '__unused_webpack_module' is defined but never used   @typescript-eslint/no-unused-vars
   604:34  warning  'exports' is defined but never used                   @typescript-eslint/no-unused-vars
   604:43  warning  '__webpack_require__' is defined but never used       @typescript-eslint/no-unused-vars
   615:9   warning  '__unused_webpack_module' is defined but never used   @typescript-eslint/no-unused-vars
   615:34  warning  'exports' is defined but never used                   @typescript-eslint/no-unused-vars
   615:43  warning  '__webpack_require__' is defined but never used       @typescript-eslint/no-unused-vars
   626:9   warning  '__unused_webpack_module' is defined but never used   @typescript-eslint/no-unused-vars
   626:34  warning  'exports' is defined but never used                   @typescript-eslint/no-unused-vars
   637:9   warning  '__unused_webpack_module' is defined but never used   @typescript-eslint/no-unused-vars
   637:34  warning  'exports' is defined but never used                   @typescript-eslint/no-unused-vars
   637:43  warning  '__webpack_require__' is defined but never used       @typescript-eslint/no-unused-vars
   648:9   warning  '__unused_webpack_module' is defined but never used   @typescript-eslint/no-unused-vars
   648:34  warning  'exports' is defined but never used                   @typescript-eslint/no-unused-vars
   659:9   warning  '__unused_webpack_module' is defined but never used   @typescript-eslint/no-unused-vars
   659:34  warning  'exports' is defined but never used                   @typescript-eslint/no-unused-vars
   670:9   warning  '__unused_webpack_module' is defined but never used   @typescript-eslint/no-unused-vars
   670:34  warning  'exports' is defined but never used                   @typescript-eslint/no-unused-vars
   681:9   warning  '__unused_webpack_module' is defined but never used   @typescript-eslint/no-unused-vars
   681:34  warning  'exports' is defined but never used                   @typescript-eslint/no-unused-vars
   681:43  warning  '__webpack_require__' is defined but never used       @typescript-eslint/no-unused-vars
   705:9   warning  '__unused_webpack_module' is defined but never used   @typescript-eslint/no-unused-vars
   705:34  warning  'exports' is defined but never used                   @typescript-eslint/no-unused-vars
   705:43  warning  '__webpack_require__' is defined but never used       @typescript-eslint/no-unused-vars
   716:9   warning  '__unused_webpack_module' is defined but never used   @typescript-eslint/no-unused-vars
   716:34  warning  'exports' is defined but never used                   @typescript-eslint/no-unused-vars
   716:43  warning  '__webpack_require__' is defined but never used       @typescript-eslint/no-unused-vars
   727:9   warning  '__unused_webpack_module' is defined but never used   @typescript-eslint/no-unused-vars
   727:34  warning  'exports' is defined but never used                   @typescript-eslint/no-unused-vars
   727:43  warning  '__webpack_require__' is defined but never used       @typescript-eslint/no-unused-vars
   738:9   warning  '__unused_webpack_module' is defined but never used   @typescript-eslint/no-unused-vars
   738:34  warning  'exports' is defined but never used                   @typescript-eslint/no-unused-vars
   738:43  warning  '__webpack_require__' is defined but never used       @typescript-eslint/no-unused-vars
   749:9   warning  '__unused_webpack_module' is defined but never used   @typescript-eslint/no-unused-vars
   749:34  warning  'exports' is defined but never used                   @typescript-eslint/no-unused-vars
   749:43  warning  '__webpack_require__' is defined but never used       @typescript-eslint/no-unused-vars
   760:9   warning  '__unused_webpack_module' is defined but never used   @typescript-eslint/no-unused-vars
   760:34  warning  'exports' is defined but never used                   @typescript-eslint/no-unused-vars
   760:43  warning  '__webpack_require__' is defined but never used       @typescript-eslint/no-unused-vars
   771:9   warning  '__unused_webpack_module' is defined but never used   @typescript-eslint/no-unused-vars
   771:34  warning  'exports' is defined but never used                   @typescript-eslint/no-unused-vars
   771:43  warning  '__webpack_require__' is defined but never used       @typescript-eslint/no-unused-vars
   782:9   warning  '__unused_webpack_module' is defined but never used   @typescript-eslint/no-unused-vars
   782:34  warning  'exports' is defined but never used                   @typescript-eslint/no-unused-vars
   782:43  warning  '__webpack_require__' is defined but never used       @typescript-eslint/no-unused-vars
   793:9   warning  '__unused_webpack_module' is defined but never used   @typescript-eslint/no-unused-vars
   793:34  warning  'exports' is defined but never used                   @typescript-eslint/no-unused-vars
   804:9   warning  '__unused_webpack_module' is defined but never used   @typescript-eslint/no-unused-vars
   804:34  warning  'exports' is defined but never used                   @typescript-eslint/no-unused-vars
   815:9   warning  '__unused_webpack_module' is defined but never used   @typescript-eslint/no-unused-vars
   815:34  warning  'exports' is defined but never used                   @typescript-eslint/no-unused-vars
   815:43  warning  '__webpack_require__' is defined but never used       @typescript-eslint/no-unused-vars
   826:9   warning  '__unused_webpack_module' is defined but never used   @typescript-eslint/no-unused-vars
   826:34  warning  'exports' is defined but never used                   @typescript-eslint/no-unused-vars
   826:43  warning  '__webpack_require__' is defined but never used       @typescript-eslint/no-unused-vars
   837:9   warning  '__unused_webpack_module' is defined but never used   @typescript-eslint/no-unused-vars
   837:34  warning  'exports' is defined but never used                   @typescript-eslint/no-unused-vars
   837:43  warning  '__webpack_require__' is defined but never used       @typescript-eslint/no-unused-vars
   848:9   warning  '__unused_webpack_module' is defined but never used   @typescript-eslint/no-unused-vars
   848:34  warning  'exports' is defined but never used                   @typescript-eslint/no-unused-vars
   859:9   warning  '__unused_webpack_module' is defined but never used   @typescript-eslint/no-unused-vars
   859:34  warning  'exports' is defined but never used                   @typescript-eslint/no-unused-vars
   859:43  warning  '__webpack_require__' is defined but never used       @typescript-eslint/no-unused-vars
   870:9   warning  '__unused_webpack_module' is defined but never used   @typescript-eslint/no-unused-vars
   870:34  warning  'exports' is defined but never used                   @typescript-eslint/no-unused-vars
   870:43  warning  '__webpack_require__' is defined but never used       @typescript-eslint/no-unused-vars
   881:9   warning  '__unused_webpack_module' is defined but never used   @typescript-eslint/no-unused-vars
   881:34  warning  'exports' is defined but never used                   @typescript-eslint/no-unused-vars
   892:9   warning  '__unused_webpack_module' is defined but never used   @typescript-eslint/no-unused-vars
   892:34  warning  'exports' is defined but never used                   @typescript-eslint/no-unused-vars
   892:43  warning  '__webpack_require__' is defined but never used       @typescript-eslint/no-unused-vars
   903:9   warning  '__unused_webpack_module' is defined but never used   @typescript-eslint/no-unused-vars
   903:34  warning  'exports' is defined but never used                   @typescript-eslint/no-unused-vars
   914:9   warning  '__unused_webpack_module' is defined but never used   @typescript-eslint/no-unused-vars
   914:34  warning  'exports' is defined but never used                   @typescript-eslint/no-unused-vars
   925:9   warning  '__unused_webpack_module' is defined but never used   @typescript-eslint/no-unused-vars
   925:34  warning  'exports' is defined but never used                   @typescript-eslint/no-unused-vars
   925:43  warning  '__webpack_require__' is defined but never used       @typescript-eslint/no-unused-vars
   936:9   warning  '__unused_webpack_module' is defined but never used   @typescript-eslint/no-unused-vars
   936:34  warning  'exports' is defined but never used                   @typescript-eslint/no-unused-vars
   936:43  warning  '__webpack_require__' is defined but never used       @typescript-eslint/no-unused-vars
   947:9   warning  '__unused_webpack_module' is defined but never used   @typescript-eslint/no-unused-vars
   947:34  warning  'exports' is defined but never used                   @typescript-eslint/no-unused-vars
   958:9   warning  '__unused_webpack_module' is defined but never used   @typescript-eslint/no-unused-vars
   958:34  warning  'exports' is defined but never used                   @typescript-eslint/no-unused-vars
   958:43  warning  '__webpack_require__' is defined but never used       @typescript-eslint/no-unused-vars
   969:9   warning  '__unused_webpack_module' is defined but never used   @typescript-eslint/no-unused-vars
   969:34  warning  'exports' is defined but never used                   @typescript-eslint/no-unused-vars
   980:9   warning  '__unused_webpack_module' is defined but never used   @typescript-eslint/no-unused-vars
   980:34  warning  'exports' is defined but never used                   @typescript-eslint/no-unused-vars
   991:9   warning  '__unused_webpack_module' is defined but never used   @typescript-eslint/no-unused-vars
   991:34  warning  'exports' is defined but never used                   @typescript-eslint/no-unused-vars
  1002:9   warning  '__unused_webpack_module' is defined but never used   @typescript-eslint/no-unused-vars
  1002:34  warning  'exports' is defined but never used                   @typescript-eslint/no-unused-vars
  1002:43  warning  '__webpack_require__' is defined but never used       @typescript-eslint/no-unused-vars
  1013:9   warning  '__unused_webpack_module' is defined but never used   @typescript-eslint/no-unused-vars
  1013:34  warning  'exports' is defined but never used                   @typescript-eslint/no-unused-vars
  1024:9   warning  '__unused_webpack_module' is defined but never used   @typescript-eslint/no-unused-vars
  1024:34  warning  'exports' is defined but never used                   @typescript-eslint/no-unused-vars
  1024:43  warning  '__webpack_require__' is defined but never used       @typescript-eslint/no-unused-vars
  1035:9   warning  '__unused_webpack_module' is defined but never used   @typescript-eslint/no-unused-vars
  1035:34  warning  'exports' is defined but never used                   @typescript-eslint/no-unused-vars
  1035:43  warning  '__webpack_require__' is defined but never used       @typescript-eslint/no-unused-vars
  1046:9   warning  '__unused_webpack_module' is defined but never used   @typescript-eslint/no-unused-vars
  1046:34  warning  'exports' is defined but never used                   @typescript-eslint/no-unused-vars
  1046:43  warning  '__webpack_require__' is defined but never used       @typescript-eslint/no-unused-vars
  1057:9   warning  '__unused_webpack_module' is defined but never used   @typescript-eslint/no-unused-vars
  1057:34  warning  'exports' is defined but never used                   @typescript-eslint/no-unused-vars
  1068:9   warning  '__unused_webpack_module' is defined but never used   @typescript-eslint/no-unused-vars
  1068:34  warning  'exports' is defined but never used                   @typescript-eslint/no-unused-vars
  1068:43  warning  '__webpack_require__' is defined but never used       @typescript-eslint/no-unused-vars
  1079:9   warning  '__unused_webpack_module' is defined but never used   @typescript-eslint/no-unused-vars
  1079:34  warning  'exports' is defined but never used                   @typescript-eslint/no-unused-vars
  1079:43  warning  '__webpack_require__' is defined but never used       @typescript-eslint/no-unused-vars
  1090:9   warning  '__unused_webpack_module' is defined but never used   @typescript-eslint/no-unused-vars
  1090:34  warning  'exports' is defined but never used                   @typescript-eslint/no-unused-vars
  1090:43  warning  '__webpack_require__' is defined but never used       @typescript-eslint/no-unused-vars
  1101:9   warning  '__unused_webpack_module' is defined but never used   @typescript-eslint/no-unused-vars
  1101:34  warning  'exports' is defined but never used                   @typescript-eslint/no-unused-vars
  1112:9   warning  '__unused_webpack_module' is defined but never used   @typescript-eslint/no-unused-vars
  1112:34  warning  'exports' is defined but never used                   @typescript-eslint/no-unused-vars
  1112:43  warning  '__webpack_require__' is defined but never used       @typescript-eslint/no-unused-vars
  1123:9   warning  '__unused_webpack_module' is defined but never used   @typescript-eslint/no-unused-vars
  1123:34  warning  'exports' is defined but never used                   @typescript-eslint/no-unused-vars
  1123:43  warning  '__webpack_require__' is defined but never used       @typescript-eslint/no-unused-vars
  1134:9   warning  '__unused_webpack_module' is defined but never used   @typescript-eslint/no-unused-vars
  1134:34  warning  'exports' is defined but never used                   @typescript-eslint/no-unused-vars
  1134:43  warning  '__webpack_require__' is defined but never used       @typescript-eslint/no-unused-vars
  1145:9   warning  '__unused_webpack_module' is defined but never used   @typescript-eslint/no-unused-vars
  1145:34  warning  'exports' is defined but never used                   @typescript-eslint/no-unused-vars
  1145:43  warning  '__webpack_require__' is defined but never used       @typescript-eslint/no-unused-vars
  1156:9   warning  '__unused_webpack_module' is defined but never used   @typescript-eslint/no-unused-vars
  1156:34  warning  'exports' is defined but never used                   @typescript-eslint/no-unused-vars
  1156:43  warning  '__webpack_require__' is defined but never used       @typescript-eslint/no-unused-vars
  1167:9   warning  '__unused_webpack_module' is defined but never used   @typescript-eslint/no-unused-vars
  1167:34  warning  'exports' is defined but never used                   @typescript-eslint/no-unused-vars
  1167:43  warning  '__webpack_require__' is defined but never used       @typescript-eslint/no-unused-vars
  1178:9   warning  '__unused_webpack_module' is defined but never used   @typescript-eslint/no-unused-vars
  1178:34  warning  'exports' is defined but never used                   @typescript-eslint/no-unused-vars
  1189:9   warning  '__unused_webpack_module' is defined but never used   @typescript-eslint/no-unused-vars
  1189:34  warning  'exports' is defined but never used                   @typescript-eslint/no-unused-vars
  1189:43  warning  '__webpack_require__' is defined but never used       @typescript-eslint/no-unused-vars
  1200:9   warning  '__unused_webpack_module' is defined but never used   @typescript-eslint/no-unused-vars
  1200:34  warning  'exports' is defined but never used                   @typescript-eslint/no-unused-vars
  1211:9   warning  'module' is defined but never used                    @typescript-eslint/no-unused-vars
  1211:17  warning  '__unused_webpack_exports' is defined but never used  @typescript-eslint/no-unused-vars
  1211:43  warning  '__webpack_require__' is defined but never used       @typescript-eslint/no-unused-vars
  1222:9   warning  'module' is defined but never used                    @typescript-eslint/no-unused-vars
  1222:17  warning  '__unused_webpack_exports' is defined but never used  @typescript-eslint/no-unused-vars
  1222:43  warning  '__webpack_require__' is defined but never used       @typescript-eslint/no-unused-vars
  1233:9   warning  'module' is defined but never used                    @typescript-eslint/no-unused-vars
  1233:17  warning  '__unused_webpack_exports' is defined but never used  @typescript-eslint/no-unused-vars
  1233:43  warning  '__webpack_require__' is defined but never used       @typescript-eslint/no-unused-vars
  1244:9   warning  'module' is defined but never used                    @typescript-eslint/no-unused-vars
  1244:17  warning  '__unused_webpack_exports' is defined but never used  @typescript-eslint/no-unused-vars
  1244:43  warning  '__webpack_require__' is defined but never used       @typescript-eslint/no-unused-vars
  1255:9   warning  'module' is defined but never used                    @typescript-eslint/no-unused-vars
  1255:17  warning  '__unused_webpack_exports' is defined but never used  @typescript-eslint/no-unused-vars
  1255:43  warning  '__webpack_require__' is defined but never used       @typescript-eslint/no-unused-vars
  1266:9   warning  'module' is defined but never used                    @typescript-eslint/no-unused-vars
  1266:17  warning  '__unused_webpack_exports' is defined but never used  @typescript-eslint/no-unused-vars
  1266:43  warning  '__webpack_require__' is defined but never used       @typescript-eslint/no-unused-vars
  1277:9   warning  '__unused_webpack_module' is defined but never used   @typescript-eslint/no-unused-vars
  1277:34  warning  'exports' is defined but never used                   @typescript-eslint/no-unused-vars
  1277:43  warning  '__webpack_require__' is defined but never used       @typescript-eslint/no-unused-vars
  1288:9   warning  '__unused_webpack_module' is defined but never used   @typescript-eslint/no-unused-vars
  1288:34  warning  'exports' is defined but never used                   @typescript-eslint/no-unused-vars
  1299:9   warning  '__unused_webpack_module' is defined but never used   @typescript-eslint/no-unused-vars
  1299:34  warning  'exports' is defined but never used                   @typescript-eslint/no-unused-vars
  1299:43  warning  '__webpack_require__' is defined but never used       @typescript-eslint/no-unused-vars
  1310:9   warning  '__unused_webpack_module' is defined but never used   @typescript-eslint/no-unused-vars
  1310:34  warning  'exports' is defined but never used                   @typescript-eslint/no-unused-vars
  1321:9   warning  '__unused_webpack_module' is defined but never used   @typescript-eslint/no-unused-vars
  1321:34  warning  'exports' is defined but never used                   @typescript-eslint/no-unused-vars
  1332:9   warning  '__unused_webpack_module' is defined but never used   @typescript-eslint/no-unused-vars
  1332:34  warning  'exports' is defined but never used                   @typescript-eslint/no-unused-vars
  1332:43  warning  '__webpack_require__' is defined but never used       @typescript-eslint/no-unused-vars
  1343:9   warning  '__unused_webpack_module' is defined but never used   @typescript-eslint/no-unused-vars
  1343:34  warning  'exports' is defined but never used                   @typescript-eslint/no-unused-vars
  1343:43  warning  '__webpack_require__' is defined but never used       @typescript-eslint/no-unused-vars
  1354:9   warning  '__unused_webpack_module' is defined but never used   @typescript-eslint/no-unused-vars
  1354:34  warning  'exports' is defined but never used                   @typescript-eslint/no-unused-vars
  1354:43  warning  '__webpack_require__' is defined but never used       @typescript-eslint/no-unused-vars
  1365:9   warning  '__unused_webpack_module' is defined but never used   @typescript-eslint/no-unused-vars
  1365:34  warning  'exports' is defined but never used                   @typescript-eslint/no-unused-vars
  1376:9   warning  '__unused_webpack_module' is defined but never used   @typescript-eslint/no-unused-vars
  1376:34  warning  'exports' is defined but never used                   @typescript-eslint/no-unused-vars
  1376:43  warning  '__webpack_require__' is defined but never used       @typescript-eslint/no-unused-vars
  1387:9   warning  '__unused_webpack_module' is defined but never used   @typescript-eslint/no-unused-vars
  1387:34  warning  'exports' is defined but never used                   @typescript-eslint/no-unused-vars
  1387:43  warning  '__webpack_require__' is defined but never used       @typescript-eslint/no-unused-vars
  1398:9   warning  '__unused_webpack_module' is defined but never used   @typescript-eslint/no-unused-vars
  1398:34  warning  'exports' is defined but never used                   @typescript-eslint/no-unused-vars
  1398:43  warning  '__webpack_require__' is defined but never used       @typescript-eslint/no-unused-vars
  1409:9   warning  '__unused_webpack_module' is defined but never used   @typescript-eslint/no-unused-vars
  1409:34  warning  'exports' is defined but never used                   @typescript-eslint/no-unused-vars
  1420:9   warning  'module' is defined but never used                    @typescript-eslint/no-unused-vars
  1420:17  warning  'exports' is defined but never used                   @typescript-eslint/no-unused-vars
  1431:9   warning  '__unused_webpack_module' is defined but never used   @typescript-eslint/no-unused-vars
  1431:34  warning  'exports' is defined but never used                   @typescript-eslint/no-unused-vars
  1442:9   warning  '__unused_webpack_module' is defined but never used   @typescript-eslint/no-unused-vars
  1442:34  warning  'exports' is defined but never used                   @typescript-eslint/no-unused-vars
  1453:9   warning  '__unused_webpack_module' is defined but never used   @typescript-eslint/no-unused-vars
  1453:34  warning  'exports' is defined but never used                   @typescript-eslint/no-unused-vars
  1464:9   warning  '__unused_webpack_module' is defined but never used   @typescript-eslint/no-unused-vars
  1464:34  warning  'exports' is defined but never used                   @typescript-eslint/no-unused-vars
  1475:9   warning  '__unused_webpack_module' is defined but never used   @typescript-eslint/no-unused-vars
  1475:34  warning  'exports' is defined but never used                   @typescript-eslint/no-unused-vars
  1486:9   warning  '__unused_webpack_module' is defined but never used   @typescript-eslint/no-unused-vars
  1486:34  warning  'exports' is defined but never used                   @typescript-eslint/no-unused-vars
  1497:9   warning  '__unused_webpack_module' is defined but never used   @typescript-eslint/no-unused-vars
  1497:34  warning  'exports' is defined but never used                   @typescript-eslint/no-unused-vars
  1508:9   warning  'module' is defined but never used                    @typescript-eslint/no-unused-vars
  1508:17  warning  '__unused_webpack_exports' is defined but never used  @typescript-eslint/no-unused-vars
  1508:43  warning  '__webpack_require__' is defined but never used       @typescript-eslint/no-unused-vars
  1519:9   warning  '__unused_webpack_module' is defined but never used   @typescript-eslint/no-unused-vars
  1519:34  warning  'exports' is defined but never used                   @typescript-eslint/no-unused-vars
  1530:9   warning  '__unused_webpack_module' is defined but never used   @typescript-eslint/no-unused-vars
  1530:34  warning  'exports' is defined but never used                   @typescript-eslint/no-unused-vars
  1541:9   warning  '__unused_webpack_module' is defined but never used   @typescript-eslint/no-unused-vars
  1541:34  warning  'exports' is defined but never used                   @typescript-eslint/no-unused-vars
  1541:43  warning  '__webpack_require__' is defined but never used       @typescript-eslint/no-unused-vars
  1552:9   warning  '__unused_webpack_module' is defined but never used   @typescript-eslint/no-unused-vars
  1552:34  warning  'exports' is defined but never used                   @typescript-eslint/no-unused-vars
  1552:43  warning  '__webpack_require__' is defined but never used       @typescript-eslint/no-unused-vars
  1563:9   warning  '__unused_webpack_module' is defined but never used   @typescript-eslint/no-unused-vars
  1563:34  warning  'exports' is defined but never used                   @typescript-eslint/no-unused-vars
  1563:43  warning  '__webpack_require__' is defined but never used       @typescript-eslint/no-unused-vars
  1574:9   warning  '__unused_webpack_module' is defined but never used   @typescript-eslint/no-unused-vars
  1574:34  warning  'exports' is defined but never used                   @typescript-eslint/no-unused-vars
  1574:43  warning  '__webpack_require__' is defined but never used       @typescript-eslint/no-unused-vars
  1585:9   warning  '__unused_webpack_module' is defined but never used   @typescript-eslint/no-unused-vars
  1585:34  warning  'exports' is defined but never used                   @typescript-eslint/no-unused-vars
  1585:43  warning  '__webpack_require__' is defined but never used       @typescript-eslint/no-unused-vars
  1596:9   warning  '__unused_webpack_module' is defined but never used   @typescript-eslint/no-unused-vars
  1596:34  warning  'exports' is defined but never used                   @typescript-eslint/no-unused-vars
  1596:43  warning  '__webpack_require__' is defined but never used       @typescript-eslint/no-unused-vars
  1607:9   warning  '__unused_webpack_module' is defined but never used   @typescript-eslint/no-unused-vars
  1607:34  warning  'exports' is defined but never used                   @typescript-eslint/no-unused-vars
  1618:9   warning  '__unused_webpack_module' is defined but never used   @typescript-eslint/no-unused-vars
  1618:34  warning  'exports' is defined but never used                   @typescript-eslint/no-unused-vars
  1618:43  warning  '__webpack_require__' is defined but never used       @typescript-eslint/no-unused-vars
  1629:9   warning  '__unused_webpack_module' is defined but never used   @typescript-eslint/no-unused-vars
  1629:34  warning  'exports' is defined but never used                   @typescript-eslint/no-unused-vars
  1629:43  warning  '__webpack_require__' is defined but never used       @typescript-eslint/no-unused-vars
  1640:9   warning  '__unused_webpack_module' is defined but never used   @typescript-eslint/no-unused-vars
  1640:34  warning  'exports' is defined but never used                   @typescript-eslint/no-unused-vars
  1651:9   warning  '__unused_webpack_module' is defined but never used   @typescript-eslint/no-unused-vars
  1651:34  warning  'exports' is defined but never used                   @typescript-eslint/no-unused-vars
  1651:43  warning  '__webpack_require__' is defined but never used       @typescript-eslint/no-unused-vars
  1662:9   warning  '__unused_webpack_module' is defined but never used   @typescript-eslint/no-unused-vars
  1662:34  warning  'exports' is defined but never used                   @typescript-eslint/no-unused-vars
  1662:43  warning  '__webpack_require__' is defined but never used       @typescript-eslint/no-unused-vars
  1673:9   warning  '__unused_webpack_module' is defined but never used   @typescript-eslint/no-unused-vars
  1673:34  warning  'exports' is defined but never used                   @typescript-eslint/no-unused-vars
  1684:9   warning  '__unused_webpack_module' is defined but never used   @typescript-eslint/no-unused-vars
  1684:34  warning  'exports' is defined but never used                   @typescript-eslint/no-unused-vars
  1684:43  warning  '__webpack_require__' is defined but never used       @typescript-eslint/no-unused-vars
  1695:9   warning  '__unused_webpack_module' is defined but never used   @typescript-eslint/no-unused-vars
  1695:34  warning  'exports' is defined but never used                   @typescript-eslint/no-unused-vars
  1695:43  warning  '__webpack_require__' is defined but never used       @typescript-eslint/no-unused-vars
  1706:9   warning  '__unused_webpack_module' is defined but never used   @typescript-eslint/no-unused-vars
  1706:34  warning  'exports' is defined but never used                   @typescript-eslint/no-unused-vars
  1717:9   warning  '__unused_webpack_module' is defined but never used   @typescript-eslint/no-unused-vars
  1717:34  warning  'exports' is defined but never used                   @typescript-eslint/no-unused-vars
  1717:43  warning  '__webpack_require__' is defined but never used       @typescript-eslint/no-unused-vars
  1728:9   warning  '__unused_webpack_module' is defined but never used   @typescript-eslint/no-unused-vars
  1728:34  warning  'exports' is defined but never used                   @typescript-eslint/no-unused-vars
  1739:9   warning  '__unused_webpack_module' is defined but never used   @typescript-eslint/no-unused-vars
  1739:34  warning  'exports' is defined but never used                   @typescript-eslint/no-unused-vars
  1750:9   warning  '__unused_webpack_module' is defined but never used   @typescript-eslint/no-unused-vars
  1750:34  warning  'exports' is defined but never used                   @typescript-eslint/no-unused-vars
  1761:9   warning  'module' is defined but never used                    @typescript-eslint/no-unused-vars
  1771:9   warning  'module' is defined but never used                    @typescript-eslint/no-unused-vars
  1781:9   warning  'module' is defined but never used                    @typescript-eslint/no-unused-vars
  1791:9   warning  '__unused_webpack_module' is defined but never used   @typescript-eslint/no-unused-vars
  1791:34  warning  '__webpack_exports__' is defined but never used       @typescript-eslint/no-unused-vars
  1791:55  warning  '__webpack_require__' is defined but never used       @typescript-eslint/no-unused-vars
  1802:9   warning  '__unused_webpack_module' is defined but never used   @typescript-eslint/no-unused-vars
  1802:34  warning  '__webpack_exports__' is defined but never used       @typescript-eslint/no-unused-vars
  1802:55  warning  '__webpack_require__' is defined but never used       @typescript-eslint/no-unused-vars
  1813:9   warning  'module' is defined but never used                    @typescript-eslint/no-unused-vars
  1813:17  warning  'exports' is defined but never used                   @typescript-eslint/no-unused-vars
  1813:26  warning  '__webpack_require__' is defined but never used       @typescript-eslint/no-unused-vars
  1824:9   warning  'module' is defined but never used                    @typescript-eslint/no-unused-vars
  1824:17  warning  'exports' is defined but never used                   @typescript-eslint/no-unused-vars
  1835:9   warning  'module' is defined but never used                    @typescript-eslint/no-unused-vars
  1835:17  warning  'exports' is defined but never used                   @typescript-eslint/no-unused-vars
  1835:26  warning  '__webpack_require__' is defined but never used       @typescript-eslint/no-unused-vars
  1846:9   warning  'module' is defined but never used                    @typescript-eslint/no-unused-vars
  1846:17  warning  'exports' is defined but never used                   @typescript-eslint/no-unused-vars
  1846:26  warning  '__webpack_require__' is defined but never used       @typescript-eslint/no-unused-vars
  1857:9   warning  'module' is defined but never used                    @typescript-eslint/no-unused-vars
  1857:17  warning  'exports' is defined but never used                   @typescript-eslint/no-unused-vars
  1868:9   warning  'module' is defined but never used                    @typescript-eslint/no-unused-vars
  1868:17  warning  'exports' is defined but never used                   @typescript-eslint/no-unused-vars
  1868:26  warning  '__webpack_require__' is defined but never used       @typescript-eslint/no-unused-vars
  1879:9   warning  'module' is defined but never used                    @typescript-eslint/no-unused-vars
  1879:17  warning  'exports' is defined but never used                   @typescript-eslint/no-unused-vars
  1879:26  warning  '__webpack_require__' is defined but never used       @typescript-eslint/no-unused-vars
  1890:9   warning  'module' is defined but never used                    @typescript-eslint/no-unused-vars
  1890:17  warning  'exports' is defined but never used                   @typescript-eslint/no-unused-vars
  1901:9   warning  'module' is defined but never used                    @typescript-eslint/no-unused-vars
  1901:17  warning  'exports' is defined but never used                   @typescript-eslint/no-unused-vars
  1901:26  warning  '__webpack_require__' is defined but never used       @typescript-eslint/no-unused-vars
  1912:9   warning  'module' is defined but never used                    @typescript-eslint/no-unused-vars
  1912:17  warning  'exports' is defined but never used                   @typescript-eslint/no-unused-vars
  1912:26  warning  '__webpack_require__' is defined but never used       @typescript-eslint/no-unused-vars
  1923:9   warning  'module' is defined but never used                    @typescript-eslint/no-unused-vars
  1923:17  warning  'exports' is defined but never used                   @typescript-eslint/no-unused-vars
  1923:26  warning  '__webpack_require__' is defined but never used       @typescript-eslint/no-unused-vars
  1934:9   warning  'module' is defined but never used                    @typescript-eslint/no-unused-vars
  1934:17  warning  'exports' is defined but never used                   @typescript-eslint/no-unused-vars
  1934:26  warning  '__webpack_require__' is defined but never used       @typescript-eslint/no-unused-vars
  1945:9   warning  'module' is defined but never used                    @typescript-eslint/no-unused-vars
  1945:17  warning  'exports' is defined but never used                   @typescript-eslint/no-unused-vars
  1945:26  warning  '__webpack_require__' is defined but never used       @typescript-eslint/no-unused-vars
  1956:9   warning  'module' is defined but never used                    @typescript-eslint/no-unused-vars
  1956:17  warning  'exports' is defined but never used                   @typescript-eslint/no-unused-vars
  1956:26  warning  '__webpack_require__' is defined but never used       @typescript-eslint/no-unused-vars
  1967:9   warning  'module' is defined but never used                    @typescript-eslint/no-unused-vars
  1967:17  warning  'exports' is defined but never used                   @typescript-eslint/no-unused-vars
  1967:26  warning  '__webpack_require__' is defined but never used       @typescript-eslint/no-unused-vars
  1978:9   warning  'module' is defined but never used                    @typescript-eslint/no-unused-vars
  1978:17  warning  'exports' is defined but never used                   @typescript-eslint/no-unused-vars
  1978:26  warning  '__webpack_require__' is defined but never used       @typescript-eslint/no-unused-vars
  1989:9   warning  'module' is defined but never used                    @typescript-eslint/no-unused-vars
  1989:17  warning  'exports' is defined but never used                   @typescript-eslint/no-unused-vars
  1989:26  warning  '__webpack_require__' is defined but never used       @typescript-eslint/no-unused-vars
  2000:9   warning  'module' is defined but never used                    @typescript-eslint/no-unused-vars
  2000:17  warning  'exports' is defined but never used                   @typescript-eslint/no-unused-vars
  2000:26  warning  '__webpack_require__' is defined but never used       @typescript-eslint/no-unused-vars
  2011:9   warning  'module' is defined but never used                    @typescript-eslint/no-unused-vars
  2011:17  warning  'exports' is defined but never used                   @typescript-eslint/no-unused-vars
  2011:26  warning  '__webpack_require__' is defined but never used       @typescript-eslint/no-unused-vars
  2022:9   warning  'module' is defined but never used                    @typescript-eslint/no-unused-vars
  2022:17  warning  'exports' is defined but never used                   @typescript-eslint/no-unused-vars
  2033:9   warning  'module' is defined but never used                    @typescript-eslint/no-unused-vars
  2033:17  warning  'exports' is defined but never used                   @typescript-eslint/no-unused-vars
  2033:26  warning  '__webpack_require__' is defined but never used       @typescript-eslint/no-unused-vars
  2044:9   warning  'module' is defined but never used                    @typescript-eslint/no-unused-vars
  2044:17  warning  'exports' is defined but never used                   @typescript-eslint/no-unused-vars
  2055:9   warning  'module' is defined but never used                    @typescript-eslint/no-unused-vars
  2055:17  warning  'exports' is defined but never used                   @typescript-eslint/no-unused-vars
  2055:26  warning  '__webpack_require__' is defined but never used       @typescript-eslint/no-unused-vars
  2066:9   warning  'module' is defined but never used                    @typescript-eslint/no-unused-vars
  2066:17  warning  'exports' is defined but never used                   @typescript-eslint/no-unused-vars
  2066:26  warning  '__webpack_require__' is defined but never used       @typescript-eslint/no-unused-vars
  2077:9   warning  'module' is defined but never used                    @typescript-eslint/no-unused-vars
  2077:17  warning  'exports' is defined but never used                   @typescript-eslint/no-unused-vars
  2077:26  warning  '__webpack_require__' is defined but never used       @typescript-eslint/no-unused-vars
  2088:9   warning  'module' is defined but never used                    @typescript-eslint/no-unused-vars
  2088:17  warning  'exports' is defined but never used                   @typescript-eslint/no-unused-vars
  2099:9   warning  'module' is defined but never used                    @typescript-eslint/no-unused-vars
  2099:17  warning  'exports' is defined but never used                   @typescript-eslint/no-unused-vars
  2099:26  warning  '__webpack_require__' is defined but never used       @typescript-eslint/no-unused-vars
  2110:9   warning  'module' is defined but never used                    @typescript-eslint/no-unused-vars
  2110:17  warning  'exports' is defined but never used                   @typescript-eslint/no-unused-vars
  2110:26  warning  '__webpack_require__' is defined but never used       @typescript-eslint/no-unused-vars
  2121:9   warning  'module' is defined but never used                    @typescript-eslint/no-unused-vars
  2121:17  warning  'exports' is defined but never used                   @typescript-eslint/no-unused-vars
  2121:26  warning  '__webpack_require__' is defined but never used       @typescript-eslint/no-unused-vars
  2132:9   warning  'module' is defined but never used                    @typescript-eslint/no-unused-vars
  2132:17  warning  'exports' is defined but never used                   @typescript-eslint/no-unused-vars
  2132:26  warning  '__webpack_require__' is defined but never used       @typescript-eslint/no-unused-vars
  2143:9   warning  'module' is defined but never used                    @typescript-eslint/no-unused-vars
  2143:17  warning  'exports' is defined but never used                   @typescript-eslint/no-unused-vars
  2143:26  warning  '__webpack_require__' is defined but never used       @typescript-eslint/no-unused-vars
  2154:9   warning  'module' is defined but never used                    @typescript-eslint/no-unused-vars
  2154:17  warning  'exports' is defined but never used                   @typescript-eslint/no-unused-vars
  2154:26  warning  '__webpack_require__' is defined but never used       @typescript-eslint/no-unused-vars
  2165:9   warning  'module' is defined but never used                    @typescript-eslint/no-unused-vars
  2165:17  warning  'exports' is defined but never used                   @typescript-eslint/no-unused-vars
  2165:26  warning  '__webpack_require__' is defined but never used       @typescript-eslint/no-unused-vars
  2176:9   warning  'module' is defined but never used                    @typescript-eslint/no-unused-vars
  2176:17  warning  'exports' is defined but never used                   @typescript-eslint/no-unused-vars
  2176:26  warning  '__webpack_require__' is defined but never used       @typescript-eslint/no-unused-vars
  2187:9   warning  'module' is defined but never used                    @typescript-eslint/no-unused-vars
  2187:17  warning  'exports' is defined but never used                   @typescript-eslint/no-unused-vars
  2187:26  warning  '__webpack_require__' is defined but never used       @typescript-eslint/no-unused-vars
  2198:9   warning  'module' is defined but never used                    @typescript-eslint/no-unused-vars
  2198:17  warning  'exports' is defined but never used                   @typescript-eslint/no-unused-vars
  2198:26  warning  '__webpack_require__' is defined but never used       @typescript-eslint/no-unused-vars
  2209:9   warning  'module' is defined but never used                    @typescript-eslint/no-unused-vars
  2209:17  warning  'exports' is defined but never used                   @typescript-eslint/no-unused-vars
  2220:9   warning  'module' is defined but never used                    @typescript-eslint/no-unused-vars
  2220:17  warning  'exports' is defined but never used                   @typescript-eslint/no-unused-vars
  2220:26  warning  '__webpack_require__' is defined but never used       @typescript-eslint/no-unused-vars
  2231:9   warning  'module' is defined but never used                    @typescript-eslint/no-unused-vars
  2231:17  warning  'exports' is defined but never used                   @typescript-eslint/no-unused-vars
  2231:26  warning  '__webpack_require__' is defined but never used       @typescript-eslint/no-unused-vars
  2242:9   warning  'module' is defined but never used                    @typescript-eslint/no-unused-vars
  2242:17  warning  'exports' is defined but never used                   @typescript-eslint/no-unused-vars
  2242:26  warning  '__webpack_require__' is defined but never used       @typescript-eslint/no-unused-vars
  2253:9   warning  'module' is defined but never used                    @typescript-eslint/no-unused-vars
  2253:17  warning  'exports' is defined but never used                   @typescript-eslint/no-unused-vars
  2253:26  warning  '__webpack_require__' is defined but never used       @typescript-eslint/no-unused-vars
  2264:9   warning  'module' is defined but never used                    @typescript-eslint/no-unused-vars
  2264:17  warning  'exports' is defined but never used                   @typescript-eslint/no-unused-vars
  2264:26  warning  '__webpack_require__' is defined but never used       @typescript-eslint/no-unused-vars
  2275:9   warning  'module' is defined but never used                    @typescript-eslint/no-unused-vars
  2275:17  warning  'exports' is defined but never used                   @typescript-eslint/no-unused-vars
  2275:26  warning  '__webpack_require__' is defined but never used       @typescript-eslint/no-unused-vars
  2286:9   warning  'module' is defined but never used                    @typescript-eslint/no-unused-vars
  2286:17  warning  'exports' is defined but never used                   @typescript-eslint/no-unused-vars
  2286:26  warning  '__webpack_require__' is defined but never used       @typescript-eslint/no-unused-vars
  2297:9   warning  'module' is defined but never used                    @typescript-eslint/no-unused-vars
  2297:17  warning  'exports' is defined but never used                   @typescript-eslint/no-unused-vars
  2308:9   warning  'module' is defined but never used                    @typescript-eslint/no-unused-vars
  2308:17  warning  'exports' is defined but never used                   @typescript-eslint/no-unused-vars
  2308:26  warning  '__webpack_require__' is defined but never used       @typescript-eslint/no-unused-vars
  2319:9   warning  'module' is defined but never used                    @typescript-eslint/no-unused-vars
  2319:17  warning  'exports' is defined but never used                   @typescript-eslint/no-unused-vars
  2319:26  warning  '__webpack_require__' is defined but never used       @typescript-eslint/no-unused-vars
  2330:9   warning  'module' is defined but never used                    @typescript-eslint/no-unused-vars
  2330:17  warning  'exports' is defined but never used                   @typescript-eslint/no-unused-vars
  2330:26  warning  '__webpack_require__' is defined but never used       @typescript-eslint/no-unused-vars
  2341:9   warning  'module' is defined but never used                    @typescript-eslint/no-unused-vars
  2341:17  warning  'exports' is defined but never used                   @typescript-eslint/no-unused-vars
  2341:26  warning  '__webpack_require__' is defined but never used       @typescript-eslint/no-unused-vars
  2352:9   warning  'module' is defined but never used                    @typescript-eslint/no-unused-vars
  2352:17  warning  'exports' is defined but never used                   @typescript-eslint/no-unused-vars
  2352:26  warning  '__webpack_require__' is defined but never used       @typescript-eslint/no-unused-vars
  2363:9   warning  'module' is defined but never used                    @typescript-eslint/no-unused-vars
  2363:17  warning  'exports' is defined but never used                   @typescript-eslint/no-unused-vars
  2363:26  warning  '__webpack_require__' is defined but never used       @typescript-eslint/no-unused-vars
  2374:9   warning  'module' is defined but never used                    @typescript-eslint/no-unused-vars
  2374:17  warning  'exports' is defined but never used                   @typescript-eslint/no-unused-vars
  2374:26  warning  '__webpack_require__' is defined but never used       @typescript-eslint/no-unused-vars
  2385:9   warning  'module' is defined but never used                    @typescript-eslint/no-unused-vars
  2385:17  warning  'exports' is defined but never used                   @typescript-eslint/no-unused-vars
  2385:26  warning  '__webpack_require__' is defined but never used       @typescript-eslint/no-unused-vars
  2396:9   warning  'module' is defined but never used                    @typescript-eslint/no-unused-vars
  2396:17  warning  'exports' is defined but never used                   @typescript-eslint/no-unused-vars
  2407:9   warning  'module' is defined but never used                    @typescript-eslint/no-unused-vars
  2407:17  warning  'exports' is defined but never used                   @typescript-eslint/no-unused-vars
  2407:26  warning  '__webpack_require__' is defined but never used       @typescript-eslint/no-unused-vars
  2418:9   warning  'module' is defined but never used                    @typescript-eslint/no-unused-vars
  2418:17  warning  'exports' is defined but never used                   @typescript-eslint/no-unused-vars
  2418:26  warning  '__webpack_require__' is defined but never used       @typescript-eslint/no-unused-vars
  2429:9   warning  'module' is defined but never used                    @typescript-eslint/no-unused-vars
  2429:17  warning  'exports' is defined but never used                   @typescript-eslint/no-unused-vars
  2429:26  warning  '__webpack_require__' is defined but never used       @typescript-eslint/no-unused-vars
  2440:9   warning  'module' is defined but never used                    @typescript-eslint/no-unused-vars
  2440:17  warning  'exports' is defined but never used                   @typescript-eslint/no-unused-vars
  2451:9   warning  'module' is defined but never used                    @typescript-eslint/no-unused-vars
  2451:17  warning  'exports' is defined but never used                   @typescript-eslint/no-unused-vars
  2451:26  warning  '__webpack_require__' is defined but never used       @typescript-eslint/no-unused-vars
  2462:9   warning  'module' is defined but never used                    @typescript-eslint/no-unused-vars
  2462:17  warning  'exports' is defined but never used                   @typescript-eslint/no-unused-vars
  2462:26  warning  '__webpack_require__' is defined but never used       @typescript-eslint/no-unused-vars
  2473:9   warning  'module' is defined but never used                    @typescript-eslint/no-unused-vars
  2473:17  warning  'exports' is defined but never used                   @typescript-eslint/no-unused-vars
  2473:26  warning  '__webpack_require__' is defined but never used       @typescript-eslint/no-unused-vars
  2484:9   warning  'module' is defined but never used                    @typescript-eslint/no-unused-vars
  2484:17  warning  'exports' is defined but never used                   @typescript-eslint/no-unused-vars
  2484:26  warning  '__webpack_require__' is defined but never used       @typescript-eslint/no-unused-vars
  2495:9   warning  'module' is defined but never used                    @typescript-eslint/no-unused-vars
  2495:17  warning  'exports' is defined but never used                   @typescript-eslint/no-unused-vars
  2495:26  warning  '__webpack_require__' is defined but never used       @typescript-eslint/no-unused-vars
  2506:9   warning  'module' is defined but never used                    @typescript-eslint/no-unused-vars
  2506:17  warning  'exports' is defined but never used                   @typescript-eslint/no-unused-vars
  2506:26  warning  '__webpack_require__' is defined but never used       @typescript-eslint/no-unused-vars
  2517:9   warning  'module' is defined but never used                    @typescript-eslint/no-unused-vars
  2517:17  warning  'exports' is defined but never used                   @typescript-eslint/no-unused-vars
  2517:26  warning  '__webpack_require__' is defined but never used       @typescript-eslint/no-unused-vars
  2528:9   warning  'module' is defined but never used                    @typescript-eslint/no-unused-vars
  2528:17  warning  'exports' is defined but never used                   @typescript-eslint/no-unused-vars
  2528:26  warning  '__webpack_require__' is defined but never used       @typescript-eslint/no-unused-vars
  2539:9   warning  'module' is defined but never used                    @typescript-eslint/no-unused-vars
  2539:17  warning  'exports' is defined but never used                   @typescript-eslint/no-unused-vars
  2539:26  warning  '__webpack_require__' is defined but never used       @typescript-eslint/no-unused-vars
  2550:9   warning  'module' is defined but never used                    @typescript-eslint/no-unused-vars
  2550:17  warning  'exports' is defined but never used                   @typescript-eslint/no-unused-vars
  2561:9   warning  'module' is defined but never used                    @typescript-eslint/no-unused-vars
  2561:17  warning  'exports' is defined but never used                   @typescript-eslint/no-unused-vars
  2561:26  warning  '__webpack_require__' is defined but never used       @typescript-eslint/no-unused-vars
  2572:9   warning  'module' is defined but never used                    @typescript-eslint/no-unused-vars
  2572:17  warning  'exports' is defined but never used                   @typescript-eslint/no-unused-vars
  2572:26  warning  '__webpack_require__' is defined but never used       @typescript-eslint/no-unused-vars
  2583:9   warning  'module' is defined but never used                    @typescript-eslint/no-unused-vars
  2583:17  warning  'exports' is defined but never used                   @typescript-eslint/no-unused-vars
  2583:26  warning  '__webpack_require__' is defined but never used       @typescript-eslint/no-unused-vars
  2594:9   warning  'module' is defined but never used                    @typescript-eslint/no-unused-vars
  2594:17  warning  'exports' is defined but never used                   @typescript-eslint/no-unused-vars
  2605:9   warning  'module' is defined but never used                    @typescript-eslint/no-unused-vars
  2605:17  warning  'exports' is defined but never used                   @typescript-eslint/no-unused-vars
  2616:9   warning  'module' is defined but never used                    @typescript-eslint/no-unused-vars
  2616:17  warning  'exports' is defined but never used                   @typescript-eslint/no-unused-vars
  2616:26  warning  '__webpack_require__' is defined but never used       @typescript-eslint/no-unused-vars
  2627:9   warning  'module' is defined but never used                    @typescript-eslint/no-unused-vars
  2627:17  warning  'exports' is defined but never used                   @typescript-eslint/no-unused-vars
  2638:9   warning  'module' is defined but never used                    @typescript-eslint/no-unused-vars
  2638:17  warning  'exports' is defined but never used                   @typescript-eslint/no-unused-vars
  2638:26  warning  '__webpack_require__' is defined but never used       @typescript-eslint/no-unused-vars
  2649:9   warning  'module' is defined but never used                    @typescript-eslint/no-unused-vars
  2649:17  warning  'exports' is defined but never used                   @typescript-eslint/no-unused-vars
  2649:26  warning  '__webpack_require__' is defined but never used       @typescript-eslint/no-unused-vars
  2660:9   warning  'module' is defined but never used                    @typescript-eslint/no-unused-vars
  2660:17  warning  'exports' is defined but never used                   @typescript-eslint/no-unused-vars
  2660:26  warning  '__webpack_require__' is defined but never used       @typescript-eslint/no-unused-vars
  2671:9   warning  'module' is defined but never used                    @typescript-eslint/no-unused-vars
  2671:17  warning  'exports' is defined but never used                   @typescript-eslint/no-unused-vars
  2671:26  warning  '__webpack_require__' is defined but never used       @typescript-eslint/no-unused-vars
  2682:9   warning  'module' is defined but never used                    @typescript-eslint/no-unused-vars
  2682:17  warning  'exports' is defined but never used                   @typescript-eslint/no-unused-vars
  2682:26  warning  '__webpack_require__' is defined but never used       @typescript-eslint/no-unused-vars
  2693:9   warning  'module' is defined but never used                    @typescript-eslint/no-unused-vars
  2693:17  warning  'exports' is defined but never used                   @typescript-eslint/no-unused-vars
  2693:26  warning  '__webpack_require__' is defined but never used       @typescript-eslint/no-unused-vars
  2704:9   warning  'module' is defined but never used                    @typescript-eslint/no-unused-vars
  2704:17  warning  'exports' is defined but never used                   @typescript-eslint/no-unused-vars
  2715:9   warning  'module' is defined but never used                    @typescript-eslint/no-unused-vars
  2715:17  warning  'exports' is defined but never used                   @typescript-eslint/no-unused-vars
  2715:26  warning  '__webpack_require__' is defined but never used       @typescript-eslint/no-unused-vars
  2726:9   warning  'module' is defined but never used                    @typescript-eslint/no-unused-vars
  2726:17  warning  'exports' is defined but never used                   @typescript-eslint/no-unused-vars
  2737:9   warning  'module' is defined but never used                    @typescript-eslint/no-unused-vars
  2737:17  warning  'exports' is defined but never used                   @typescript-eslint/no-unused-vars
  2748:9   warning  'module' is defined but never used                    @typescript-eslint/no-unused-vars
  2748:17  warning  'exports' is defined but never used                   @typescript-eslint/no-unused-vars
  2759:9   warning  'module' is defined but never used                    @typescript-eslint/no-unused-vars
  2759:17  warning  'exports' is defined but never used                   @typescript-eslint/no-unused-vars
  2759:26  warning  '__webpack_require__' is defined but never used       @typescript-eslint/no-unused-vars
  2770:9   warning  'module' is defined but never used                    @typescript-eslint/no-unused-vars
  2770:17  warning  'exports' is defined but never used                   @typescript-eslint/no-unused-vars
  2770:26  warning  '__webpack_require__' is defined but never used       @typescript-eslint/no-unused-vars
  2781:9   warning  'module' is defined but never used                    @typescript-eslint/no-unused-vars
  2781:17  warning  'exports' is defined but never used                   @typescript-eslint/no-unused-vars
  2781:26  warning  '__webpack_require__' is defined but never used       @typescript-eslint/no-unused-vars
  2792:9   warning  'module' is defined but never used                    @typescript-eslint/no-unused-vars
  2792:17  warning  'exports' is defined but never used                   @typescript-eslint/no-unused-vars
  2792:26  warning  '__webpack_require__' is defined but never used       @typescript-eslint/no-unused-vars
  2803:9   warning  'module' is defined but never used                    @typescript-eslint/no-unused-vars
  2803:17  warning  'exports' is defined but never used                   @typescript-eslint/no-unused-vars
  2803:26  warning  '__webpack_require__' is defined but never used       @typescript-eslint/no-unused-vars
  2814:9   warning  'module' is defined but never used                    @typescript-eslint/no-unused-vars
  2814:17  warning  'exports' is defined but never used                   @typescript-eslint/no-unused-vars
  2814:26  warning  '__webpack_require__' is defined but never used       @typescript-eslint/no-unused-vars
  2825:9   warning  'module' is defined but never used                    @typescript-eslint/no-unused-vars
  2825:17  warning  'exports' is defined but never used                   @typescript-eslint/no-unused-vars
  2825:26  warning  '__webpack_require__' is defined but never used       @typescript-eslint/no-unused-vars
  2836:9   warning  '__unused_webpack_module' is defined but never used   @typescript-eslint/no-unused-vars
  2836:34  warning  'exports' is defined but never used                   @typescript-eslint/no-unused-vars
  2846:9   warning  'module' is defined but never used                    @typescript-eslint/no-unused-vars
  2856:9   warning  'module' is defined but never used                    @typescript-eslint/no-unused-vars
  2866:9   warning  'module' is defined but never used                    @typescript-eslint/no-unused-vars
  2877:9   warning  '__unused_webpack_module' is defined but never used   @typescript-eslint/no-unused-vars
  2877:34  warning  'exports' is defined but never used                   @typescript-eslint/no-unused-vars
  2877:43  warning  '__webpack_require__' is defined but never used       @typescript-eslint/no-unused-vars
  2888:9   warning  '__unused_webpack_module' is defined but never used   @typescript-eslint/no-unused-vars
  2888:34  warning  'exports' is defined but never used                   @typescript-eslint/no-unused-vars
  2888:43  warning  '__webpack_require__' is defined but never used       @typescript-eslint/no-unused-vars
  2899:9   warning  '__unused_webpack_module' is defined but never used   @typescript-eslint/no-unused-vars
  2899:34  warning  'exports' is defined but never used                   @typescript-eslint/no-unused-vars
  2910:9   warning  '__unused_webpack_module' is defined but never used   @typescript-eslint/no-unused-vars
  2910:34  warning  'exports' is defined but never used                   @typescript-eslint/no-unused-vars
  2921:9   warning  'module' is defined but never used                    @typescript-eslint/no-unused-vars
  2921:17  warning  'exports' is defined but never used                   @typescript-eslint/no-unused-vars
  2932:9   warning  'module' is defined but never used                    @typescript-eslint/no-unused-vars
  2932:17  warning  'exports' is defined but never used                   @typescript-eslint/no-unused-vars
  2943:9   warning  'module' is defined but never used                    @typescript-eslint/no-unused-vars
  2943:17  warning  'exports' is defined but never used                   @typescript-eslint/no-unused-vars
  2943:26  warning  '__webpack_require__' is defined but never used       @typescript-eslint/no-unused-vars
  2954:9   warning  'module' is defined but never used                    @typescript-eslint/no-unused-vars
  2954:17  warning  'exports' is defined but never used                   @typescript-eslint/no-unused-vars
  2954:26  warning  '__webpack_require__' is defined but never used       @typescript-eslint/no-unused-vars
  2965:9   warning  'module' is defined but never used                    @typescript-eslint/no-unused-vars
  2965:17  warning  'exports' is defined but never used                   @typescript-eslint/no-unused-vars
  2965:26  warning  '__webpack_require__' is defined but never used       @typescript-eslint/no-unused-vars
  2976:9   warning  'module' is defined but never used                    @typescript-eslint/no-unused-vars
  2976:17  warning  'exports' is defined but never used                   @typescript-eslint/no-unused-vars
  2976:26  warning  '__webpack_require__' is defined but never used       @typescript-eslint/no-unused-vars
  2987:9   warning  'module' is defined but never used                    @typescript-eslint/no-unused-vars
  2987:17  warning  'exports' is defined but never used                   @typescript-eslint/no-unused-vars
  2987:26  warning  '__webpack_require__' is defined but never used       @typescript-eslint/no-unused-vars
  2998:9   warning  'module' is defined but never used                    @typescript-eslint/no-unused-vars
  2998:17  warning  'exports' is defined but never used                   @typescript-eslint/no-unused-vars
  2998:26  warning  '__webpack_require__' is defined but never used       @typescript-eslint/no-unused-vars
  3009:9   warning  'module' is defined but never used                    @typescript-eslint/no-unused-vars
  3009:17  warning  'exports' is defined but never used                   @typescript-eslint/no-unused-vars
  3009:26  warning  '__webpack_require__' is defined but never used       @typescript-eslint/no-unused-vars
  3020:9   warning  'module' is defined but never used                    @typescript-eslint/no-unused-vars
  3020:17  warning  'exports' is defined but never used                   @typescript-eslint/no-unused-vars
  3031:9   warning  'module' is defined but never used                    @typescript-eslint/no-unused-vars
  3031:17  warning  'exports' is defined but never used                   @typescript-eslint/no-unused-vars
  3031:26  warning  '__webpack_require__' is defined but never used       @typescript-eslint/no-unused-vars
  3042:9   warning  '__unused_webpack_module' is defined but never used   @typescript-eslint/no-unused-vars
  3042:34  warning  'exports' is defined but never used                   @typescript-eslint/no-unused-vars
  3042:43  warning  '__webpack_require__' is defined but never used       @typescript-eslint/no-unused-vars
  3053:9   warning  '__unused_webpack_module' is defined but never used   @typescript-eslint/no-unused-vars
  3053:34  warning  'exports' is defined but never used                   @typescript-eslint/no-unused-vars
  3053:43  warning  '__webpack_require__' is defined but never used       @typescript-eslint/no-unused-vars
  3064:9   warning  '__unused_webpack_module' is defined but never used   @typescript-eslint/no-unused-vars
  3064:34  warning  'exports' is defined but never used                   @typescript-eslint/no-unused-vars
  3075:9   warning  '__unused_webpack_module' is defined but never used   @typescript-eslint/no-unused-vars
  3075:34  warning  'exports' is defined but never used                   @typescript-eslint/no-unused-vars
  3086:9   warning  '__unused_webpack_module' is defined but never used   @typescript-eslint/no-unused-vars
  3086:34  warning  'exports' is defined but never used                   @typescript-eslint/no-unused-vars
  3097:9   warning  '__unused_webpack_module' is defined but never used   @typescript-eslint/no-unused-vars
  3097:34  warning  'exports' is defined but never used                   @typescript-eslint/no-unused-vars
  3097:43  warning  '__webpack_require__' is defined but never used       @typescript-eslint/no-unused-vars
  3108:9   warning  '__unused_webpack_module' is defined but never used   @typescript-eslint/no-unused-vars
  3108:34  warning  'exports' is defined but never used                   @typescript-eslint/no-unused-vars
  3108:43  warning  '__webpack_require__' is defined but never used       @typescript-eslint/no-unused-vars
  3119:9   warning  '__unused_webpack_module' is defined but never used   @typescript-eslint/no-unused-vars
  3119:34  warning  'exports' is defined but never used                   @typescript-eslint/no-unused-vars
  3119:43  warning  '__webpack_require__' is defined but never used       @typescript-eslint/no-unused-vars
  3130:9   warning  'module' is defined but never used                    @typescript-eslint/no-unused-vars
  3130:17  warning  '__unused_webpack_exports' is defined but never used  @typescript-eslint/no-unused-vars
  3130:43  warning  '__webpack_require__' is defined but never used       @typescript-eslint/no-unused-vars
  3141:9   warning  'module' is defined but never used                    @typescript-eslint/no-unused-vars
  3141:17  warning  '__unused_webpack_exports' is defined but never used  @typescript-eslint/no-unused-vars
  3141:43  warning  '__webpack_require__' is defined but never used       @typescript-eslint/no-unused-vars
  3152:9   warning  'module' is defined but never used                    @typescript-eslint/no-unused-vars
  3152:17  warning  '__unused_webpack_exports' is defined but never used  @typescript-eslint/no-unused-vars
  3152:43  warning  '__webpack_require__' is defined but never used       @typescript-eslint/no-unused-vars
  3163:9   warning  'module' is defined but never used                    @typescript-eslint/no-unused-vars
  3163:17  warning  '__unused_webpack_exports' is defined but never used  @typescript-eslint/no-unused-vars
  3163:43  warning  '__webpack_require__' is defined but never used       @typescript-eslint/no-unused-vars
  3174:9   warning  'module' is defined but never used                    @typescript-eslint/no-unused-vars
  3174:17  warning  '__unused_webpack_exports' is defined but never used  @typescript-eslint/no-unused-vars
  3174:43  warning  '__webpack_require__' is defined but never used       @typescript-eslint/no-unused-vars
  3185:9   warning  'module' is defined but never used                    @typescript-eslint/no-unused-vars
  3185:17  warning  '__unused_webpack_exports' is defined but never used  @typescript-eslint/no-unused-vars
  3185:43  warning  '__webpack_require__' is defined but never used       @typescript-eslint/no-unused-vars
  3196:9   warning  'module' is defined but never used                    @typescript-eslint/no-unused-vars
  3196:17  warning  '__unused_webpack_exports' is defined but never used  @typescript-eslint/no-unused-vars
  3196:43  warning  '__webpack_require__' is defined but never used       @typescript-eslint/no-unused-vars
  3207:9   warning  'module' is defined but never used                    @typescript-eslint/no-unused-vars
  3207:17  warning  '__unused_webpack_exports' is defined but never used  @typescript-eslint/no-unused-vars
  3207:43  warning  '__webpack_require__' is defined but never used       @typescript-eslint/no-unused-vars
  3218:9   warning  'module' is defined but never used                    @typescript-eslint/no-unused-vars
  3218:17  warning  '__unused_webpack_exports' is defined but never used  @typescript-eslint/no-unused-vars
  3218:43  warning  '__webpack_require__' is defined but never used       @typescript-eslint/no-unused-vars
  3229:9   warning  'module' is defined but never used                    @typescript-eslint/no-unused-vars
  3229:17  warning  '__unused_webpack_exports' is defined but never used  @typescript-eslint/no-unused-vars
  3229:43  warning  '__webpack_require__' is defined but never used       @typescript-eslint/no-unused-vars
  3240:9   warning  'module' is defined but never used                    @typescript-eslint/no-unused-vars
  3240:17  warning  '__unused_webpack_exports' is defined but never used  @typescript-eslint/no-unused-vars
  3240:43  warning  '__webpack_require__' is defined but never used       @typescript-eslint/no-unused-vars
  3251:9   warning  'module' is defined but never used                    @typescript-eslint/no-unused-vars
  3251:17  warning  '__unused_webpack_exports' is defined but never used  @typescript-eslint/no-unused-vars
  3251:43  warning  '__webpack_require__' is defined but never used       @typescript-eslint/no-unused-vars
  3262:9   warning  'module' is defined but never used                    @typescript-eslint/no-unused-vars
  3262:17  warning  '__unused_webpack_exports' is defined but never used  @typescript-eslint/no-unused-vars
  3262:43  warning  '__webpack_require__' is defined but never used       @typescript-eslint/no-unused-vars
  3273:9   warning  'module' is defined but never used                    @typescript-eslint/no-unused-vars
  3273:17  warning  '__unused_webpack_exports' is defined but never used  @typescript-eslint/no-unused-vars
  3273:43  warning  '__webpack_require__' is defined but never used       @typescript-eslint/no-unused-vars
  3284:9   warning  '__unused_webpack_module' is defined but never used   @typescript-eslint/no-unused-vars
  3284:34  warning  'exports' is defined but never used                   @typescript-eslint/no-unused-vars
  3295:9   warning  '__unused_webpack_module' is defined but never used   @typescript-eslint/no-unused-vars
  3295:34  warning  'exports' is defined but never used                   @typescript-eslint/no-unused-vars
  3306:9   warning  '__unused_webpack_module' is defined but never used   @typescript-eslint/no-unused-vars
  3306:34  warning  'exports' is defined but never used                   @typescript-eslint/no-unused-vars
  3317:9   warning  'module' is defined but never used                    @typescript-eslint/no-unused-vars
  3317:17  warning  'exports' is defined but never used                   @typescript-eslint/no-unused-vars
  3328:9   warning  '__unused_webpack_module' is defined but never used   @typescript-eslint/no-unused-vars
  3328:34  warning  'exports' is defined but never used                   @typescript-eslint/no-unused-vars
  3328:43  warning  '__webpack_require__' is defined but never used       @typescript-eslint/no-unused-vars
  3339:9   warning  '__unused_webpack_module' is defined but never used   @typescript-eslint/no-unused-vars
  3339:34  warning  'exports' is defined but never used                   @typescript-eslint/no-unused-vars
  3339:43  warning  '__webpack_require__' is defined but never used       @typescript-eslint/no-unused-vars
  3350:9   warning  '__unused_webpack_module' is defined but never used   @typescript-eslint/no-unused-vars
  3350:34  warning  'exports' is defined but never used                   @typescript-eslint/no-unused-vars
  3361:9   warning  'module' is defined but never used                    @typescript-eslint/no-unused-vars
  3361:17  warning  'exports' is defined but never used                   @typescript-eslint/no-unused-vars
  3361:26  warning  '__webpack_require__' is defined but never used       @typescript-eslint/no-unused-vars
  3372:9   warning  '__unused_webpack_module' is defined but never used   @typescript-eslint/no-unused-vars
  3372:34  warning  'exports' is defined but never used                   @typescript-eslint/no-unused-vars
  3383:9   warning  '__unused_webpack_module' is defined but never used   @typescript-eslint/no-unused-vars
  3383:34  warning  'exports' is defined but never used                   @typescript-eslint/no-unused-vars
  3394:9   warning  '__unused_webpack_module' is defined but never used   @typescript-eslint/no-unused-vars
  3394:34  warning  'exports' is defined but never used                   @typescript-eslint/no-unused-vars
  3394:43  warning  '__webpack_require__' is defined but never used       @typescript-eslint/no-unused-vars
  3405:9   warning  '__unused_webpack_module' is defined but never used   @typescript-eslint/no-unused-vars
  3405:34  warning  'exports' is defined but never used                   @typescript-eslint/no-unused-vars
  3405:43  warning  '__webpack_require__' is defined but never used       @typescript-eslint/no-unused-vars
  3416:9   warning  '__unused_webpack_module' is defined but never used   @typescript-eslint/no-unused-vars
  3416:34  warning  'exports' is defined but never used                   @typescript-eslint/no-unused-vars
  3427:9   warning  '__unused_webpack_module' is defined but never used   @typescript-eslint/no-unused-vars
  3427:34  warning  'exports' is defined but never used                   @typescript-eslint/no-unused-vars
  3438:9   warning  '__unused_webpack_module' is defined but never used   @typescript-eslint/no-unused-vars
  3438:34  warning  'exports' is defined but never used                   @typescript-eslint/no-unused-vars
  3449:9   warning  '__unused_webpack_module' is defined but never used   @typescript-eslint/no-unused-vars
  3449:34  warning  'exports' is defined but never used                   @typescript-eslint/no-unused-vars
  3460:9   warning  '__unused_webpack_module' is defined but never used   @typescript-eslint/no-unused-vars
  3460:34  warning  'exports' is defined but never used                   @typescript-eslint/no-unused-vars
  3460:43  warning  '__webpack_require__' is defined but never used       @typescript-eslint/no-unused-vars
  3471:9   warning  '__unused_webpack_module' is defined but never used   @typescript-eslint/no-unused-vars
  3471:34  warning  'exports' is defined but never used                   @typescript-eslint/no-unused-vars
  3471:43  warning  '__webpack_require__' is defined but never used       @typescript-eslint/no-unused-vars
  3482:9   warning  '__unused_webpack_module' is defined but never used   @typescript-eslint/no-unused-vars
  3482:34  warning  'exports' is defined but never used                   @typescript-eslint/no-unused-vars
  3493:9   warning  '__unused_webpack_module' is defined but never used   @typescript-eslint/no-unused-vars
  3493:34  warning  'exports' is defined but never used                   @typescript-eslint/no-unused-vars
  3504:9   warning  '__unused_webpack_module' is defined but never used   @typescript-eslint/no-unused-vars
  3504:34  warning  'exports' is defined but never used                   @typescript-eslint/no-unused-vars
  3504:43  warning  '__webpack_require__' is defined but never used       @typescript-eslint/no-unused-vars
  3515:9   warning  '__unused_webpack_module' is defined but never used   @typescript-eslint/no-unused-vars
  3515:34  warning  'exports' is defined but never used                   @typescript-eslint/no-unused-vars
  3515:43  warning  '__webpack_require__' is defined but never used       @typescript-eslint/no-unused-vars
  3526:9   warning  '__unused_webpack_module' is defined but never used   @typescript-eslint/no-unused-vars
  3526:34  warning  'exports' is defined but never used                   @typescript-eslint/no-unused-vars
  3526:43  warning  '__webpack_require__' is defined but never used       @typescript-eslint/no-unused-vars
  3537:9   warning  '__unused_webpack_module' is defined but never used   @typescript-eslint/no-unused-vars
  3537:34  warning  'exports' is defined but never used                   @typescript-eslint/no-unused-vars
  3537:43  warning  '__webpack_require__' is defined but never used       @typescript-eslint/no-unused-vars
  3548:9   warning  '__unused_webpack_module' is defined but never used   @typescript-eslint/no-unused-vars
  3548:34  warning  'exports' is defined but never used                   @typescript-eslint/no-unused-vars
  3548:43  warning  '__webpack_require__' is defined but never used       @typescript-eslint/no-unused-vars
  3559:9   warning  '__unused_webpack_module' is defined but never used   @typescript-eslint/no-unused-vars
  3559:34  warning  'exports' is defined but never used                   @typescript-eslint/no-unused-vars
  3570:9   warning  '__unused_webpack_module' is defined but never used   @typescript-eslint/no-unused-vars
  3570:34  warning  'exports' is defined but never used                   @typescript-eslint/no-unused-vars
  3570:43  warning  '__webpack_require__' is defined but never used       @typescript-eslint/no-unused-vars
  3581:9   warning  '__unused_webpack_module' is defined but never used   @typescript-eslint/no-unused-vars
  3581:34  warning  'exports' is defined but never used                   @typescript-eslint/no-unused-vars
  3581:43  warning  '__webpack_require__' is defined but never used       @typescript-eslint/no-unused-vars
  3592:9   warning  '__unused_webpack_module' is defined but never used   @typescript-eslint/no-unused-vars
  3592:34  warning  'exports' is defined but never used                   @typescript-eslint/no-unused-vars
  3592:43  warning  '__webpack_require__' is defined but never used       @typescript-eslint/no-unused-vars
  3603:9   warning  '__unused_webpack_module' is defined but never used   @typescript-eslint/no-unused-vars
  3603:34  warning  'exports' is defined but never used                   @typescript-eslint/no-unused-vars
  3614:9   warning  '__unused_webpack_module' is defined but never used   @typescript-eslint/no-unused-vars
  3614:34  warning  'exports' is defined but never used                   @typescript-eslint/no-unused-vars
  3614:43  warning  '__webpack_require__' is defined but never used       @typescript-eslint/no-unused-vars
  3625:9   warning  '__unused_webpack_module' is defined but never used   @typescript-eslint/no-unused-vars
  3625:34  warning  'exports' is defined but never used                   @typescript-eslint/no-unused-vars
  3636:9   warning  '__unused_webpack_module' is defined but never used   @typescript-eslint/no-unused-vars
  3636:34  warning  'exports' is defined but never used                   @typescript-eslint/no-unused-vars
  3647:9   warning  '__unused_webpack_module' is defined but never used   @typescript-eslint/no-unused-vars
  3647:34  warning  'exports' is defined but never used                   @typescript-eslint/no-unused-vars
  3658:9   warning  '__unused_webpack_module' is defined but never used   @typescript-eslint/no-unused-vars
  3658:34  warning  'exports' is defined but never used                   @typescript-eslint/no-unused-vars
  3669:9   warning  '__unused_webpack_module' is defined but never used   @typescript-eslint/no-unused-vars
  3669:34  warning  'exports' is defined but never used                   @typescript-eslint/no-unused-vars
  3669:43  warning  '__webpack_require__' is defined but never used       @typescript-eslint/no-unused-vars
  3680:9   warning  '__unused_webpack_module' is defined but never used   @typescript-eslint/no-unused-vars
  3680:34  warning  'exports' is defined but never used                   @typescript-eslint/no-unused-vars
  3691:9   warning  '__unused_webpack_module' is defined but never used   @typescript-eslint/no-unused-vars
  3691:34  warning  'exports' is defined but never used                   @typescript-eslint/no-unused-vars
  3702:9   warning  '__unused_webpack_module' is defined but never used   @typescript-eslint/no-unused-vars
  3702:34  warning  'exports' is defined but never used                   @typescript-eslint/no-unused-vars
  3713:9   warning  '__unused_webpack_module' is defined but never used   @typescript-eslint/no-unused-vars
  3713:34  warning  'exports' is defined but never used                   @typescript-eslint/no-unused-vars

/home/mmm/t/Thorhi-tools/.next/server/webpack-runtime.js
   16:12  error    Do not assign to the variable `module`. See: https://nextjs.org/docs/messages/no-assign-module-variable  @next/next/no-assign-module-variable
  153:21  warning  Expected an assignment or function call and instead saw an expression                                    @typescript-eslint/no-unused-expressions
  186:54  warning  'promises' is defined but never used                                                                     @typescript-eslint/no-unused-vars
  190:28  error    A `require()` style import is forbidden                                                                  @typescript-eslint/no-require-imports

/home/mmm/t/Thorhi-tools/.next/static/chunks/main-app.js
  1793:9   warning  '__unused_webpack_module' is defined but never used   @typescript-eslint/no-unused-vars
  1793:34  warning  '__unused_webpack_exports' is defined but never used  @typescript-eslint/no-unused-vars
  1793:60  warning  '__webpack_require__' is defined but never used       @typescript-eslint/no-unused-vars

/home/mmm/t/Thorhi-tools/.next/static/chunks/polyfills.js
  1:1       warning  Expected an assignment or function call and instead saw an expression  @typescript-eslint/no-unused-expressions
  1:532     warning  't' is defined but never used                                          @typescript-eslint/no-unused-vars
  1:1923    warning  Expected an assignment or function call and instead saw an expression  @typescript-eslint/no-unused-expressions
  1:2443    warning  't' is defined but never used                                          @typescript-eslint/no-unused-vars
  1:2708    warning  'r' is defined but never used                                          @typescript-eslint/no-unused-vars
  1:4295    warning  't' is defined but never used                                          @typescript-eslint/no-unused-vars
  1:4803    warning  Expected an assignment or function call and instead saw an expression  @typescript-eslint/no-unused-expressions
  1:4998    warning  't' is defined but never used                                          @typescript-eslint/no-unused-vars
  1:5395    warning  Expected an assignment or function call and instead saw an expression  @typescript-eslint/no-unused-expressions
  1:5721    warning  Expected an assignment or function call and instead saw an expression  @typescript-eslint/no-unused-expressions
  1:5937    warning  Expected an assignment or function call and instead saw an expression  @typescript-eslint/no-unused-expressions
  1:6593    warning  Expected an assignment or function call and instead saw an expression  @typescript-eslint/no-unused-expressions
  1:6877    warning  Expected an assignment or function call and instead saw an expression  @typescript-eslint/no-unused-expressions
  1:6989    warning  't' is defined but never used                                          @typescript-eslint/no-unused-vars
  1:7188    warning  Expected an assignment or function call and instead saw an expression  @typescript-eslint/no-unused-expressions
  1:7272    warning  Expected an assignment or function call and instead saw an expression  @typescript-eslint/no-unused-expressions
  1:7298    warning  Expected an assignment or function call and instead saw an expression  @typescript-eslint/no-unused-expressions
  1:7338    warning  't' is defined but never used                                          @typescript-eslint/no-unused-vars
  1:7342    warning  Expected an assignment or function call and instead saw an expression  @typescript-eslint/no-unused-expressions
  1:8113    warning  Expected an assignment or function call and instead saw an expression  @typescript-eslint/no-unused-expressions
  1:8158    warning  Expected an assignment or function call and instead saw an expression  @typescript-eslint/no-unused-expressions
  1:8635    warning  Expected an assignment or function call and instead saw an expression  @typescript-eslint/no-unused-expressions
  1:9168    warning  Expected an assignment or function call and instead saw an expression  @typescript-eslint/no-unused-expressions
  1:9563    warning  Expected an assignment or function call and instead saw an expression  @typescript-eslint/no-unused-expressions
  1:9691    warning  't' is defined but never used                                          @typescript-eslint/no-unused-vars
  1:10194   warning  Expected an assignment or function call and instead saw an expression  @typescript-eslint/no-unused-expressions
  1:10287   warning  Expected an assignment or function call and instead saw an expression  @typescript-eslint/no-unused-expressions
  1:10802   warning  Expected an assignment or function call and instead saw an expression  @typescript-eslint/no-unused-expressions
  1:10847   warning  Expected an assignment or function call and instead saw an expression  @typescript-eslint/no-unused-expressions
  1:11656   warning  't' is defined but never used                                          @typescript-eslint/no-unused-vars
  1:11902   warning  't' is defined but never used                                          @typescript-eslint/no-unused-vars
  1:12081   warning  't' is defined but never used                                          @typescript-eslint/no-unused-vars
  1:12957   warning  Expected an assignment or function call and instead saw an expression  @typescript-eslint/no-unused-expressions
  1:13182   warning  Expected an assignment or function call and instead saw an expression  @typescript-eslint/no-unused-expressions
  1:13552   warning  Expected an assignment or function call and instead saw an expression  @typescript-eslint/no-unused-expressions
  1:13667   warning  Expected an assignment or function call and instead saw an expression  @typescript-eslint/no-unused-expressions
  1:14857   warning  Expected an assignment or function call and instead saw an expression  @typescript-eslint/no-unused-expressions
  1:15006   warning  Expected an assignment or function call and instead saw an expression  @typescript-eslint/no-unused-expressions
  1:15167   warning  Expected an assignment or function call and instead saw an expression  @typescript-eslint/no-unused-expressions
  1:15485   warning  't' is defined but never used                                          @typescript-eslint/no-unused-vars
  1:15705   warning  Expected an assignment or function call and instead saw an expression  @typescript-eslint/no-unused-expressions
  1:15781   warning  't' is defined but never used                                          @typescript-eslint/no-unused-vars
  1:16640   warning  Expected an assignment or function call and instead saw an expression  @typescript-eslint/no-unused-expressions
  1:17180   warning  Expected an assignment or function call and instead saw an expression  @typescript-eslint/no-unused-expressions
  1:17442   warning  Expected an assignment or function call and instead saw an expression  @typescript-eslint/no-unused-expressions
  1:17790   warning  Expected an assignment or function call and instead saw an expression  @typescript-eslint/no-unused-expressions
  1:17921   warning  Expected an assignment or function call and instead saw an expression  @typescript-eslint/no-unused-expressions
  1:18015   warning  Expected an assignment or function call and instead saw an expression  @typescript-eslint/no-unused-expressions
  1:18185   warning  Expected an assignment or function call and instead saw an expression  @typescript-eslint/no-unused-expressions
  1:18257   warning  't' is defined but never used                                          @typescript-eslint/no-unused-vars
  1:18312   warning  't' is defined but never used                                          @typescript-eslint/no-unused-vars
  1:18346   warning  Expected an assignment or function call and instead saw an expression  @typescript-eslint/no-unused-expressions
  1:18418   warning  't' is defined but never used                                          @typescript-eslint/no-unused-vars
  1:18585   warning  Expected an assignment or function call and instead saw an expression  @typescript-eslint/no-unused-expressions
  1:19227   warning  't' is defined but never used                                          @typescript-eslint/no-unused-vars
  1:19231   warning  Expected an assignment or function call and instead saw an expression  @typescript-eslint/no-unused-expressions
  1:19646   warning  Expected an assignment or function call and instead saw an expression  @typescript-eslint/no-unused-expressions
  1:20042   warning  Expected an assignment or function call and instead saw an expression  @typescript-eslint/no-unused-expressions
  1:20131   warning  't' is defined but never used                                          @typescript-eslint/no-unused-vars
  1:20355   warning  't' is defined but never used                                          @typescript-eslint/no-unused-vars
  1:20464   warning  Expected an assignment or function call and instead saw an expression  @typescript-eslint/no-unused-expressions
  1:20871   warning  Expected an assignment or function call and instead saw an expression  @typescript-eslint/no-unused-expressions
  1:20929   warning  Expected an assignment or function call and instead saw an expression  @typescript-eslint/no-unused-expressions
  1:21479   warning  Expected an assignment or function call and instead saw an expression  @typescript-eslint/no-unused-expressions
  1:22850   warning  Expected an assignment or function call and instead saw an expression  @typescript-eslint/no-unused-expressions
  1:23069   warning  Expected an assignment or function call and instead saw an expression  @typescript-eslint/no-unused-expressions
  1:23478   warning  Expected an assignment or function call and instead saw an expression  @typescript-eslint/no-unused-expressions
  1:23647   warning  Expected an assignment or function call and instead saw an expression  @typescript-eslint/no-unused-expressions
  1:24191   warning  Expected an assignment or function call and instead saw an expression  @typescript-eslint/no-unused-expressions
  1:24259   warning  Expected an assignment or function call and instead saw an expression  @typescript-eslint/no-unused-expressions
  1:24343   error    Unexpected aliasing of 'this' to local variable                        @typescript-eslint/no-this-alias
  1:24398   warning  Expected an assignment or function call and instead saw an expression  @typescript-eslint/no-unused-expressions
  1:25034   warning  Expected an assignment or function call and instead saw an expression  @typescript-eslint/no-unused-expressions
  1:25763   warning  Expected an assignment or function call and instead saw an expression  @typescript-eslint/no-unused-expressions
  1:25829   warning  Expected an assignment or function call and instead saw an expression  @typescript-eslint/no-unused-expressions
  1:26576   warning  'e' is defined but never used                                          @typescript-eslint/no-unused-vars
  1:26664   warning  'e' is defined but never used                                          @typescript-eslint/no-unused-vars
  1:26958   warning  Expected an assignment or function call and instead saw an expression  @typescript-eslint/no-unused-expressions
  1:27165   warning  Expected an assignment or function call and instead saw an expression  @typescript-eslint/no-unused-expressions
  1:27449   warning  Expected an assignment or function call and instead saw an expression  @typescript-eslint/no-unused-expressions
  1:28217   warning  Expected an assignment or function call and instead saw an expression  @typescript-eslint/no-unused-expressions
  1:28379   warning  Expected an assignment or function call and instead saw an expression  @typescript-eslint/no-unused-expressions
  1:28975   warning  Expected an assignment or function call and instead saw an expression  @typescript-eslint/no-unused-expressions
  1:29774   warning  't' is defined but never used                                          @typescript-eslint/no-unused-vars
  1:29913   warning  Expected an assignment or function call and instead saw an expression  @typescript-eslint/no-unused-expressions
  1:30065   warning  Expected an assignment or function call and instead saw an expression  @typescript-eslint/no-unused-expressions
  1:30913   warning  Expected an assignment or function call and instead saw an expression  @typescript-eslint/no-unused-expressions
  1:31892   warning  Expected an assignment or function call and instead saw an expression  @typescript-eslint/no-unused-expressions
  1:31924   warning  Expected an assignment or function call and instead saw an expression  @typescript-eslint/no-unused-expressions
  1:32078   error    Unexpected aliasing of 'this' to local variable                        @typescript-eslint/no-this-alias
  1:32133   warning  Expected an assignment or function call and instead saw an expression  @typescript-eslint/no-unused-expressions
  1:32482   warning  Expected an assignment or function call and instead saw an expression  @typescript-eslint/no-unused-expressions
  1:32833   warning  Expected an assignment or function call and instead saw an expression  @typescript-eslint/no-unused-expressions
  1:32957   warning  Expected an assignment or function call and instead saw an expression  @typescript-eslint/no-unused-expressions
  1:34054   warning  Expected an assignment or function call and instead saw an expression  @typescript-eslint/no-unused-expressions
  1:34168   warning  Expected an assignment or function call and instead saw an expression  @typescript-eslint/no-unused-expressions
  1:34365   warning  Expected an assignment or function call and instead saw an expression  @typescript-eslint/no-unused-expressions
  1:34648   warning  Expected an assignment or function call and instead saw an expression  @typescript-eslint/no-unused-expressions
  1:35769   warning  Expected an assignment or function call and instead saw an expression  @typescript-eslint/no-unused-expressions
  1:36361   warning  't' is defined but never used                                          @typescript-eslint/no-unused-vars
  1:36584   warning  Expected an assignment or function call and instead saw an expression  @typescript-eslint/no-unused-expressions
  1:37311   warning  't' is defined but never used                                          @typescript-eslint/no-unused-vars
  1:37448   warning  Expected an assignment or function call and instead saw an expression  @typescript-eslint/no-unused-expressions
  1:37722   warning  Expected an assignment or function call and instead saw an expression  @typescript-eslint/no-unused-expressions
  1:37887   warning  Expected an assignment or function call and instead saw an expression  @typescript-eslint/no-unused-expressions
  1:37927   warning  't' is defined but never used                                          @typescript-eslint/no-unused-vars
  1:38381   warning  Expected an assignment or function call and instead saw an expression  @typescript-eslint/no-unused-expressions
  1:38591   warning  Expected an assignment or function call and instead saw an expression  @typescript-eslint/no-unused-expressions
  1:39522   warning  Expected an assignment or function call and instead saw an expression  @typescript-eslint/no-unused-expressions
  1:40081   warning  Expected an assignment or function call and instead saw an expression  @typescript-eslint/no-unused-expressions
  1:40189   warning  Expected an assignment or function call and instead saw an expression  @typescript-eslint/no-unused-expressions
  1:41801   warning  Expected an assignment or function call and instead saw an expression  @typescript-eslint/no-unused-expressions
  1:43725   warning  Expected an assignment or function call and instead saw an expression  @typescript-eslint/no-unused-expressions
  1:45027   warning  Expected an assignment or function call and instead saw an expression  @typescript-eslint/no-unused-expressions
  1:45147   warning  Expected an assignment or function call and instead saw an expression  @typescript-eslint/no-unused-expressions
  1:45192   warning  Expected an assignment or function call and instead saw an expression  @typescript-eslint/no-unused-expressions
  1:45370   warning  Expected an assignment or function call and instead saw an expression  @typescript-eslint/no-unused-expressions
  1:45570   warning  't' is defined but never used                                          @typescript-eslint/no-unused-vars
  1:45632   warning  Expected an assignment or function call and instead saw an expression  @typescript-eslint/no-unused-expressions
  1:45775   warning  Expected an assignment or function call and instead saw an expression  @typescript-eslint/no-unused-expressions
  1:45991   warning  Expected an assignment or function call and instead saw an expression  @typescript-eslint/no-unused-expressions
  1:46479   warning  Expected an assignment or function call and instead saw an expression  @typescript-eslint/no-unused-expressions
  1:46535   error    Unexpected aliasing of 'this' to local variable                        @typescript-eslint/no-this-alias
  1:47202   warning  Expected an assignment or function call and instead saw an expression  @typescript-eslint/no-unused-expressions
  1:47427   warning  Expected an assignment or function call and instead saw an expression  @typescript-eslint/no-unused-expressions
  1:47474   warning  'e' is defined but never used                                          @typescript-eslint/no-unused-vars
  1:47871   warning  Expected an assignment or function call and instead saw an expression  @typescript-eslint/no-unused-expressions
  1:48858   warning  Expected an assignment or function call and instead saw an expression  @typescript-eslint/no-unused-expressions
  1:48900   warning  Expected an assignment or function call and instead saw an expression  @typescript-eslint/no-unused-expressions
  1:49484   warning  Expected an assignment or function call and instead saw an expression  @typescript-eslint/no-unused-expressions
  1:50380   warning  Expected an assignment or function call and instead saw an expression  @typescript-eslint/no-unused-expressions
  1:50664   warning  Expected an assignment or function call and instead saw an expression  @typescript-eslint/no-unused-expressions
  1:50694   warning  Expected an assignment or function call and instead saw an expression  @typescript-eslint/no-unused-expressions
  1:50773   warning  Expected an assignment or function call and instead saw an expression  @typescript-eslint/no-unused-expressions
  1:51027   warning  Expected an assignment or function call and instead saw an expression  @typescript-eslint/no-unused-expressions
  1:51091   warning  Expected an assignment or function call and instead saw an expression  @typescript-eslint/no-unused-expressions
  1:51375   warning  Expected an assignment or function call and instead saw an expression  @typescript-eslint/no-unused-expressions
  1:53004   warning  Expected an assignment or function call and instead saw an expression  @typescript-eslint/no-unused-expressions
  1:53656   warning  Expected an assignment or function call and instead saw an expression  @typescript-eslint/no-unused-expressions
  1:53715   warning  Expected an assignment or function call and instead saw an expression  @typescript-eslint/no-unused-expressions
  1:53997   warning  Expected an assignment or function call and instead saw an expression  @typescript-eslint/no-unused-expressions
  1:54704   warning  Expected an assignment or function call and instead saw an expression  @typescript-eslint/no-unused-expressions
  1:55161   warning  Expected an assignment or function call and instead saw an expression  @typescript-eslint/no-unused-expressions
  1:55217   warning  Expected an assignment or function call and instead saw an expression  @typescript-eslint/no-unused-expressions
  1:55443   warning  't' is defined but never used                                          @typescript-eslint/no-unused-vars
  1:55462   warning  't' is defined but never used                                          @typescript-eslint/no-unused-vars
  1:55685   warning  Expected an assignment or function call and instead saw an expression  @typescript-eslint/no-unused-expressions
  1:55721   warning  Expected an assignment or function call and instead saw an expression  @typescript-eslint/no-unused-expressions
  1:56800   warning  Expected an assignment or function call and instead saw an expression  @typescript-eslint/no-unused-expressions
  1:57035   warning  Expected an assignment or function call and instead saw an expression  @typescript-eslint/no-unused-expressions
  1:57406   warning  Expected an assignment or function call and instead saw an expression  @typescript-eslint/no-unused-expressions
  1:57530   warning  Expected an assignment or function call and instead saw an expression  @typescript-eslint/no-unused-expressions
  1:58129   warning  Expected an assignment or function call and instead saw an expression  @typescript-eslint/no-unused-expressions
  1:58289   warning  Expected an assignment or function call and instead saw an expression  @typescript-eslint/no-unused-expressions
  1:59307   warning  Expected an assignment or function call and instead saw an expression  @typescript-eslint/no-unused-expressions
  1:59457   warning  Expected an assignment or function call and instead saw an expression  @typescript-eslint/no-unused-expressions
  1:60316   warning  't' is defined but never used                                          @typescript-eslint/no-unused-vars
  1:60461   warning  Expected an assignment or function call and instead saw an expression  @typescript-eslint/no-unused-expressions
  1:60487   warning  Expected an assignment or function call and instead saw an expression  @typescript-eslint/no-unused-expressions
  1:60599   warning  Expected an assignment or function call and instead saw an expression  @typescript-eslint/no-unused-expressions
  1:60717   warning  Expected an assignment or function call and instead saw an expression  @typescript-eslint/no-unused-expressions
  1:60743   warning  't' is defined but never used                                          @typescript-eslint/no-unused-vars
  1:61111   warning  Expected an assignment or function call and instead saw an expression  @typescript-eslint/no-unused-expressions
  1:61387   warning  Expected an assignment or function call and instead saw an expression  @typescript-eslint/no-unused-expressions
  1:61674   warning  Expected an assignment or function call and instead saw an expression  @typescript-eslint/no-unused-expressions
  1:62055   warning  Expected an assignment or function call and instead saw an expression  @typescript-eslint/no-unused-expressions
  1:62161   warning  Expected an assignment or function call and instead saw an expression  @typescript-eslint/no-unused-expressions
  1:62203   warning  Expected an assignment or function call and instead saw an expression  @typescript-eslint/no-unused-expressions
  1:62398   warning  Expected an assignment or function call and instead saw an expression  @typescript-eslint/no-unused-expressions
  1:64364   warning  Expected an assignment or function call and instead saw an expression  @typescript-eslint/no-unused-expressions
  1:64819   warning  Expected an assignment or function call and instead saw an expression  @typescript-eslint/no-unused-expressions
  1:64892   warning  't' is defined but never used                                          @typescript-eslint/no-unused-vars
  1:64894   warning  'e' is defined but never used                                          @typescript-eslint/no-unused-vars
  1:64896   warning  'r' is defined but never used                                          @typescript-eslint/no-unused-vars
  1:65022   warning  Expected an assignment or function call and instead saw an expression  @typescript-eslint/no-unused-expressions
  1:65421   warning  Expected an assignment or function call and instead saw an expression  @typescript-eslint/no-unused-expressions
  1:65636   warning  Expected an assignment or function call and instead saw an expression  @typescript-eslint/no-unused-expressions
  1:65844   warning  Expected an assignment or function call and instead saw an expression  @typescript-eslint/no-unused-expressions
  1:66158   warning  Expected an assignment or function call and instead saw an expression  @typescript-eslint/no-unused-expressions
  1:66285   warning  Expected an assignment or function call and instead saw an expression  @typescript-eslint/no-unused-expressions
  1:66488   warning  Expected an assignment or function call and instead saw an expression  @typescript-eslint/no-unused-expressions
  1:66757   warning  't' is defined but never used                                          @typescript-eslint/no-unused-vars
  1:67006   warning  Expected an assignment or function call and instead saw an expression  @typescript-eslint/no-unused-expressions
  1:67030   warning  't' is defined but never used                                          @typescript-eslint/no-unused-vars
  1:67157   warning  't' is defined but never used                                          @typescript-eslint/no-unused-vars
  1:67171   warning  Expected an assignment or function call and instead saw an expression  @typescript-eslint/no-unused-expressions
  1:67534   warning  Expected an assignment or function call and instead saw an expression  @typescript-eslint/no-unused-expressions
  1:67812   warning  'r' is defined but never used                                          @typescript-eslint/no-unused-vars
  1:67853   warning  't' is defined but never used                                          @typescript-eslint/no-unused-vars
  1:68006   warning  Expected an assignment or function call and instead saw an expression  @typescript-eslint/no-unused-expressions
  1:68413   warning  't' is defined but never used                                          @typescript-eslint/no-unused-vars
  1:68643   warning  Expected an assignment or function call and instead saw an expression  @typescript-eslint/no-unused-expressions
  1:68926   warning  Expected an assignment or function call and instead saw an expression  @typescript-eslint/no-unused-expressions
  1:69086   warning  Expected an assignment or function call and instead saw an expression  @typescript-eslint/no-unused-expressions
  1:69260   warning  Expected an assignment or function call and instead saw an expression  @typescript-eslint/no-unused-expressions
  1:69429   warning  Expected an assignment or function call and instead saw an expression  @typescript-eslint/no-unused-expressions
  1:69672   warning  Expected an assignment or function call and instead saw an expression  @typescript-eslint/no-unused-expressions
  1:70078   warning  Expected an assignment or function call and instead saw an expression  @typescript-eslint/no-unused-expressions
  1:70346   warning  Expected an assignment or function call and instead saw an expression  @typescript-eslint/no-unused-expressions
  1:70831   warning  Expected an assignment or function call and instead saw an expression  @typescript-eslint/no-unused-expressions
  1:71466   warning  Expected an assignment or function call and instead saw an expression  @typescript-eslint/no-unused-expressions
  1:72605   warning  Expected an assignment or function call and instead saw an expression  @typescript-eslint/no-unused-expressions
  1:72650   warning  Expected an assignment or function call and instead saw an expression  @typescript-eslint/no-unused-expressions
  1:72722   warning  Expected an assignment or function call and instead saw an expression  @typescript-eslint/no-unused-expressions
  1:72852   warning  Expected an assignment or function call and instead saw an expression  @typescript-eslint/no-unused-expressions
  1:72914   warning  Expected an assignment or function call and instead saw an expression  @typescript-eslint/no-unused-expressions
  1:72939   warning  Expected an assignment or function call and instead saw an expression  @typescript-eslint/no-unused-expressions
  1:73433   warning  Expected an assignment or function call and instead saw an expression  @typescript-eslint/no-unused-expressions
  1:73611   warning  Expected an assignment or function call and instead saw an expression  @typescript-eslint/no-unused-expressions
  1:73934   warning  Expected an assignment or function call and instead saw an expression  @typescript-eslint/no-unused-expressions
  1:74056   warning  Expected an assignment or function call and instead saw an expression  @typescript-eslint/no-unused-expressions
  1:74199   warning  Expected an assignment or function call and instead saw an expression  @typescript-eslint/no-unused-expressions
  1:74276   warning  Expected an assignment or function call and instead saw an expression  @typescript-eslint/no-unused-expressions
  1:74352   warning  Expected an assignment or function call and instead saw an expression  @typescript-eslint/no-unused-expressions
  1:74474   warning  Expected an assignment or function call and instead saw an expression  @typescript-eslint/no-unused-expressions
  1:74569   warning  Expected an assignment or function call and instead saw an expression  @typescript-eslint/no-unused-expressions
  1:74897   warning  Expected an assignment or function call and instead saw an expression  @typescript-eslint/no-unused-expressions
  1:75185   warning  Expected an assignment or function call and instead saw an expression  @typescript-eslint/no-unused-expressions
  1:75556   warning  Expected an assignment or function call and instead saw an expression  @typescript-eslint/no-unused-expressions
  1:75607   warning  Expected an assignment or function call and instead saw an expression  @typescript-eslint/no-unused-expressions
  1:75702   warning  Expected an assignment or function call and instead saw an expression  @typescript-eslint/no-unused-expressions
  1:76872   warning  Expected an assignment or function call and instead saw an expression  @typescript-eslint/no-unused-expressions
  1:77142   warning  Expected an assignment or function call and instead saw an expression  @typescript-eslint/no-unused-expressions
  1:77315   warning  Expected an assignment or function call and instead saw an expression  @typescript-eslint/no-unused-expressions
  1:77424   warning  Expected an assignment or function call and instead saw an expression  @typescript-eslint/no-unused-expressions
  1:77482   warning  Expected an assignment or function call and instead saw an expression  @typescript-eslint/no-unused-expressions
  1:77651   warning  Expected an assignment or function call and instead saw an expression  @typescript-eslint/no-unused-expressions
  1:77962   warning  Expected an assignment or function call and instead saw an expression  @typescript-eslint/no-unused-expressions
  1:78471   warning  'e' is defined but never used                                          @typescript-eslint/no-unused-vars
  1:78606   warning  Expected an assignment or function call and instead saw an expression  @typescript-eslint/no-unused-expressions
  1:79039   warning  Expected an assignment or function call and instead saw an expression  @typescript-eslint/no-unused-expressions
  1:79214   warning  Expected an assignment or function call and instead saw an expression  @typescript-eslint/no-unused-expressions
  1:79364   warning  Expected an assignment or function call and instead saw an expression  @typescript-eslint/no-unused-expressions
  1:79464   warning  Expected an assignment or function call and instead saw an expression  @typescript-eslint/no-unused-expressions
  1:79701   warning  Expected an assignment or function call and instead saw an expression  @typescript-eslint/no-unused-expressions
  1:79737   warning  Expected an assignment or function call and instead saw an expression  @typescript-eslint/no-unused-expressions
  1:79778   warning  Expected an assignment or function call and instead saw an expression  @typescript-eslint/no-unused-expressions
  1:80500   warning  Expected an assignment or function call and instead saw an expression  @typescript-eslint/no-unused-expressions
  1:80629   warning  Expected an assignment or function call and instead saw an expression  @typescript-eslint/no-unused-expressions
  1:80719   warning  Expected an assignment or function call and instead saw an expression  @typescript-eslint/no-unused-expressions
  1:81693   warning  Expected an assignment or function call and instead saw an expression  @typescript-eslint/no-unused-expressions
  1:81805   error    Unexpected aliasing of 'this' to local variable                        @typescript-eslint/no-this-alias
  1:82124   warning  Expected an assignment or function call and instead saw an expression  @typescript-eslint/no-unused-expressions
  1:82237   warning  Expected an assignment or function call and instead saw an expression  @typescript-eslint/no-unused-expressions
  1:82463   warning  Expected an assignment or function call and instead saw an expression  @typescript-eslint/no-unused-expressions
  1:82711   warning  Expected an assignment or function call and instead saw an expression  @typescript-eslint/no-unused-expressions
  1:82893   warning  Expected an assignment or function call and instead saw an expression  @typescript-eslint/no-unused-expressions
  1:82989   warning  Expected an assignment or function call and instead saw an expression  @typescript-eslint/no-unused-expressions
  1:83157   warning  Expected an assignment or function call and instead saw an expression  @typescript-eslint/no-unused-expressions
  1:83280   warning  Expected an assignment or function call and instead saw an expression  @typescript-eslint/no-unused-expressions
  1:83400   warning  Expected an assignment or function call and instead saw an expression  @typescript-eslint/no-unused-expressions
  1:83589   warning  Expected an assignment or function call and instead saw an expression  @typescript-eslint/no-unused-expressions
  1:83826   warning  Expected an assignment or function call and instead saw an expression  @typescript-eslint/no-unused-expressions
  1:83923   warning  Expected an assignment or function call and instead saw an expression  @typescript-eslint/no-unused-expressions
  1:84075   warning  Expected an assignment or function call and instead saw an expression  @typescript-eslint/no-unused-expressions
  1:84409   warning  Expected an assignment or function call and instead saw an expression  @typescript-eslint/no-unused-expressions
  1:84665   warning  Expected an assignment or function call and instead saw an expression  @typescript-eslint/no-unused-expressions
  1:84876   warning  Expected an assignment or function call and instead saw an expression  @typescript-eslint/no-unused-expressions
  1:84938   warning  Expected an assignment or function call and instead saw an expression  @typescript-eslint/no-unused-expressions
  1:85000   warning  Expected an assignment or function call and instead saw an expression  @typescript-eslint/no-unused-expressions
  1:85081   warning  Expected an assignment or function call and instead saw an expression  @typescript-eslint/no-unused-expressions
  1:85213   warning  Expected an assignment or function call and instead saw an expression  @typescript-eslint/no-unused-expressions
  1:85521   warning  Expected an assignment or function call and instead saw an expression  @typescript-eslint/no-unused-expressions
  1:85686   warning  Expected an assignment or function call and instead saw an expression  @typescript-eslint/no-unused-expressions
  1:85710   warning  Expected an assignment or function call and instead saw an expression  @typescript-eslint/no-unused-expressions
  1:86182   warning  Expected an assignment or function call and instead saw an expression  @typescript-eslint/no-unused-expressions
  1:86269   warning  Expected an assignment or function call and instead saw an expression  @typescript-eslint/no-unused-expressions
  1:86368   warning  Expected an assignment or function call and instead saw an expression  @typescript-eslint/no-unused-expressions
  1:86494   warning  Expected an assignment or function call and instead saw an expression  @typescript-eslint/no-unused-expressions
  1:86754   warning  Expected an assignment or function call and instead saw an expression  @typescript-eslint/no-unused-expressions
  1:86833   warning  Expected an assignment or function call and instead saw an expression  @typescript-eslint/no-unused-expressions
  1:87088   warning  Expected an assignment or function call and instead saw an expression  @typescript-eslint/no-unused-expressions
  1:87230   warning  Expected an assignment or function call and instead saw an expression  @typescript-eslint/no-unused-expressions
  1:87279   warning  Expected an assignment or function call and instead saw an expression  @typescript-eslint/no-unused-expressions
  1:88429   warning  Expected an assignment or function call and instead saw an expression  @typescript-eslint/no-unused-expressions
  1:88512   error    Unexpected aliasing of 'this' to local variable                        @typescript-eslint/no-this-alias
  1:89035   warning  't' is defined but never used                                          @typescript-eslint/no-unused-vars
  1:89749   warning  Expected an assignment or function call and instead saw an expression  @typescript-eslint/no-unused-expressions
  1:89879   warning  Expected an assignment or function call and instead saw an expression  @typescript-eslint/no-unused-expressions
  1:90001   warning  Expected an assignment or function call and instead saw an expression  @typescript-eslint/no-unused-expressions
  1:90214   warning  Expected an assignment or function call and instead saw an expression  @typescript-eslint/no-unused-expressions
  1:90349   warning  Expected an assignment or function call and instead saw an expression  @typescript-eslint/no-unused-expressions
  1:90606   warning  Expected an assignment or function call and instead saw an expression  @typescript-eslint/no-unused-expressions
  1:90878   warning  Expected an assignment or function call and instead saw an expression  @typescript-eslint/no-unused-expressions
  1:92059   warning  Expected an assignment or function call and instead saw an expression  @typescript-eslint/no-unused-expressions
  1:92137   warning  Expected an assignment or function call and instead saw an expression  @typescript-eslint/no-unused-expressions
  1:92492   warning  't' is defined but never used                                          @typescript-eslint/no-unused-vars
  1:92524   warning  Expected an assignment or function call and instead saw an expression  @typescript-eslint/no-unused-expressions
  1:92699   warning  't' is defined but never used                                          @typescript-eslint/no-unused-vars
  1:92998   warning  Expected an assignment or function call and instead saw an expression  @typescript-eslint/no-unused-expressions
  1:93356   warning  Expected an assignment or function call and instead saw an expression  @typescript-eslint/no-unused-expressions
  1:93484   warning  Expected an assignment or function call and instead saw an expression  @typescript-eslint/no-unused-expressions
  1:93999   warning  Expected an assignment or function call and instead saw an expression  @typescript-eslint/no-unused-expressions
  1:94127   warning  Expected an assignment or function call and instead saw an expression  @typescript-eslint/no-unused-expressions
  1:94645   warning  Expected an assignment or function call and instead saw an expression  @typescript-eslint/no-unused-expressions
  1:95086   warning  Expected an assignment or function call and instead saw an expression  @typescript-eslint/no-unused-expressions
  1:95881   warning  Expected an assignment or function call and instead saw an expression  @typescript-eslint/no-unused-expressions
  1:96030   warning  Expected an assignment or function call and instead saw an expression  @typescript-eslint/no-unused-expressions
  1:96566   warning  Expected an assignment or function call and instead saw an expression  @typescript-eslint/no-unused-expressions
  1:96668   warning  Expected an assignment or function call and instead saw an expression  @typescript-eslint/no-unused-expressions
  1:96766   warning  Expected an assignment or function call and instead saw an expression  @typescript-eslint/no-unused-expressions
  1:97263   warning  Expected an assignment or function call and instead saw an expression  @typescript-eslint/no-unused-expressions
  1:97277   warning  Expected an assignment or function call and instead saw an expression  @typescript-eslint/no-unused-expressions
  1:97589   warning  Expected an assignment or function call and instead saw an expression  @typescript-eslint/no-unused-expressions
  1:98186   warning  Expected an assignment or function call and instead saw an expression  @typescript-eslint/no-unused-expressions
  1:98285   warning  Expected an assignment or function call and instead saw an expression  @typescript-eslint/no-unused-expressions
  1:98793   warning  Expected an assignment or function call and instead saw an expression  @typescript-eslint/no-unused-expressions
  1:98978   warning  Expected an assignment or function call and instead saw an expression  @typescript-eslint/no-unused-expressions
  1:99018   warning  Expected an assignment or function call and instead saw an expression  @typescript-eslint/no-unused-expressions
  1:99102   warning  Expected an assignment or function call and instead saw an expression  @typescript-eslint/no-unused-expressions
  1:99170   warning  Expected an assignment or function call and instead saw an expression  @typescript-eslint/no-unused-expressions
  1:99337   warning  Expected an assignment or function call and instead saw an expression  @typescript-eslint/no-unused-expressions
  1:99400   warning  't' is defined but never used                                          @typescript-eslint/no-unused-vars
  1:99527   warning  Expected an assignment or function call and instead saw an expression  @typescript-eslint/no-unused-expressions
  1:99727   warning  Expected an assignment or function call and instead saw an expression  @typescript-eslint/no-unused-expressions
  1:99864   warning  Expected an assignment or function call and instead saw an expression  @typescript-eslint/no-unused-expressions
  1:99954   warning  Expected an assignment or function call and instead saw an expression  @typescript-eslint/no-unused-expressions
  1:100054  warning  Expected an assignment or function call and instead saw an expression  @typescript-eslint/no-unused-expressions
  1:100225  warning  Expected an assignment or function call and instead saw an expression  @typescript-eslint/no-unused-expressions
  1:100325  warning  't' is defined but never used                                          @typescript-eslint/no-unused-vars
  1:100690  warning  Expected an assignment or function call and instead saw an expression  @typescript-eslint/no-unused-expressions
  1:100843  warning  Expected an assignment or function call and instead saw an expression  @typescript-eslint/no-unused-expressions
  1:100889  error    Unexpected aliasing of 'this' to local variable                        @typescript-eslint/no-this-alias
  1:100994  warning  't' is defined but never used                                          @typescript-eslint/no-unused-vars
  1:100998  warning  Expected an assignment or function call and instead saw an expression  @typescript-eslint/no-unused-expressions
  1:101012  warning  Expected an assignment or function call and instead saw an expression  @typescript-eslint/no-unused-expressions
  1:101232  error    Unexpected aliasing of 'this' to local variable                        @typescript-eslint/no-this-alias
  1:101320  warning  Expected an assignment or function call and instead saw an expression  @typescript-eslint/no-unused-expressions
  1:101352  warning  Expected an assignment or function call and instead saw an expression  @typescript-eslint/no-unused-expressions
  1:101382  warning  Expected an assignment or function call and instead saw an expression  @typescript-eslint/no-unused-expressions
  1:101647  warning  Expected an assignment or function call and instead saw an expression  @typescript-eslint/no-unused-expressions
  1:101692  warning  Expected an assignment or function call and instead saw an expression  @typescript-eslint/no-unused-expressions
  1:101754  error    Unexpected aliasing of 'this' to local variable                        @typescript-eslint/no-this-alias
  1:102140  warning  Expected an assignment or function call and instead saw an expression  @typescript-eslint/no-unused-expressions
  1:102302  error    Unexpected aliasing of 'this' to local variable                        @typescript-eslint/no-this-alias
  1:102390  warning  Expected an assignment or function call and instead saw an expression  @typescript-eslint/no-unused-expressions
  1:102422  warning  Expected an assignment or function call and instead saw an expression  @typescript-eslint/no-unused-expressions
  1:102452  warning  Expected an assignment or function call and instead saw an expression  @typescript-eslint/no-unused-expressions
  1:102519  warning  Expected an assignment or function call and instead saw an expression  @typescript-eslint/no-unused-expressions
  1:102662  warning  Expected an assignment or function call and instead saw an expression  @typescript-eslint/no-unused-expressions
  1:102723  error    Unexpected aliasing of 'this' to local variable                        @typescript-eslint/no-this-alias
  1:102838  warning  Expected an assignment or function call and instead saw an expression  @typescript-eslint/no-unused-expressions
  1:102870  warning  Expected an assignment or function call and instead saw an expression  @typescript-eslint/no-unused-expressions
  1:102900  warning  Expected an assignment or function call and instead saw an expression  @typescript-eslint/no-unused-expressions
  1:102931  warning  Expected an assignment or function call and instead saw an expression  @typescript-eslint/no-unused-expressions
  1:103566  warning  Expected an assignment or function call and instead saw an expression  @typescript-eslint/no-unused-expressions
  1:103714  warning  Expected an assignment or function call and instead saw an expression  @typescript-eslint/no-unused-expressions
  1:104103  warning  't' is defined but never used                                          @typescript-eslint/no-unused-vars
  1:104872  warning  Expected an assignment or function call and instead saw an expression  @typescript-eslint/no-unused-expressions
  1:105241  warning  Expected an assignment or function call and instead saw an expression  @typescript-eslint/no-unused-expressions
  1:105576  warning  Expected an assignment or function call and instead saw an expression  @typescript-eslint/no-unused-expressions
  1:107498  warning  Expected an assignment or function call and instead saw an expression  @typescript-eslint/no-unused-expressions
  1:107532  warning  Expected an assignment or function call and instead saw an expression  @typescript-eslint/no-unused-expressions
  1:107901  warning  Expected an assignment or function call and instead saw an expression  @typescript-eslint/no-unused-expressions
  1:108458  warning  Expected an assignment or function call and instead saw an expression  @typescript-eslint/no-unused-expressions
  1:109377  warning  Expected an assignment or function call and instead saw an expression  @typescript-eslint/no-unused-expressions
  1:109611  warning  Expected an assignment or function call and instead saw an expression  @typescript-eslint/no-unused-expressions
  1:110184  warning  't' is defined but never used                                          @typescript-eslint/no-unused-vars
  1:110187  warning  Expected an assignment or function call and instead saw an expression  @typescript-eslint/no-unused-expressions
  1:110205  warning  Expected an assignment or function call and instead saw an expression  @typescript-eslint/no-unused-expressions
  1:110524  warning  Expected an assignment or function call and instead saw an expression  @typescript-eslint/no-unused-expressions
  1:110800  warning  Expected an assignment or function call and instead saw an expression  @typescript-eslint/no-unused-expressions
  1:111418  warning  Expected an assignment or function call and instead saw an expression  @typescript-eslint/no-unused-expressions
  1:111526  warning  Expected an assignment or function call and instead saw an expression  @typescript-eslint/no-unused-expressions
  1:112164  warning  't' is defined but never used                                          @typescript-eslint/no-unused-vars
  1:112205  warning  'e' is defined but never used                                          @typescript-eslint/no-unused-vars
  1:112407  warning  Expected an assignment or function call and instead saw an expression  @typescript-eslint/no-unused-expressions
  1:112475  warning  Expected an assignment or function call and instead saw an expression  @typescript-eslint/no-unused-expressions

/home/mmm/t/Thorhi-tools/.next/static/chunks/webpack.js
    17:12   error    Do not assign to the variable `module`. See: https://nextjs.org/docs/messages/no-assign-module-variable  @next/next/no-assign-module-variable
   154:37   warning  'chunkId' is defined but never used                                                                      @typescript-eslint/no-unused-vars
   172:44   warning  'chunkId' is defined but never used                                                                      @typescript-eslint/no-unused-vars
   194:22   warning  'e' is defined but never used                                                                            @typescript-eslint/no-unused-vars
   210:53   warning  'chunkId' is defined but never used                                                                      @typescript-eslint/no-unused-vars
   240:14   warning  Expected an assignment or function call and instead saw an expression                                    @typescript-eslint/no-unused-expressions
   241:14   warning  Expected an assignment or function call and instead saw an expression                                    @typescript-eslint/no-unused-expressions
   247:13   warning  Expected an assignment or function call and instead saw an expression                                    @typescript-eslint/no-unused-expressions
   323:13   error    Do not assign to the variable `module`. See: https://nextjs.org/docs/messages/no-assign-module-variable  @next/next/no-assign-module-variable
   778:16   warning  'loadStylesheet' is assigned a value but never used                                                      @typescript-eslint/no-unused-vars
   790:32   warning  'options' is defined but never used                                                                      @typescript-eslint/no-unused-vars
   802:114  warning  'updatedModulesList' is defined but never used                                                           @typescript-eslint/no-unused-vars
   937:15   error    Do not assign to the variable `module`. See: https://nextjs.org/docs/messages/no-assign-module-variable  @next/next/no-assign-module-variable
  1100:14   error    Do not assign to the variable `module`. See: https://nextjs.org/docs/messages/no-assign-module-variable  @next/next/no-assign-module-variable
  1130:16   error    Do not assign to the variable `module`. See: https://nextjs.org/docs/messages/no-assign-module-variable  @next/next/no-assign-module-variable
  1195:17   error    Do not assign to the variable `module`. See: https://nextjs.org/docs/messages/no-assign-module-variable  @next/next/no-assign-module-variable

/home/mmm/t/Thorhi-tools/.next/static/development/_buildManifest.js
  1:185  warning  Expected an assignment or function call and instead saw an expression  @typescript-eslint/no-unused-expressions

/home/mmm/t/Thorhi-tools/.next/static/development/_ssgManifest.js
  1:29  warning  Expected an assignment or function call and instead saw an expression  @typescript-eslint/no-unused-expressions

/home/mmm/t/Thorhi-tools/.next/types/app/company/page.ts
   7:30   error    Prefer using the primitive `object` as a type name, rather than the upper-cased `Object`                                                                                                                                                                                                                                                                                                   @typescript-eslint/no-wrapper-object-types
   7:39   error    Unexpected any. Specify a different type                                                                                                                                                                                                                                                                                                                                                   @typescript-eslint/no-explicit-any
   7:71   error    Unexpected any. Specify a different type                                                                                                                                                                                                                                                                                                                                                   @typescript-eslint/no-explicit-any
  13:12   error    The `Function` type accepts any function-like value.
Prefer explicitly defining any function parameters and return type                                                                                                                                                                                                                                                                    @typescript-eslint/no-unsafe-function-type
  14:12   error    The `{}` ("empty object") type allows any non-nullish value, including literals like `0` and `""`.
- If that's what you want, disable this lint rule with an inline comment or configure the 'allowObjectTypes' rule option.
- If you want a type meaning "any object", you probably want `object` instead.
- If you want a type meaning "any value", you probably want `unknown` instead  @typescript-eslint/no-empty-object-type
  15:26   error    The `Function` type accepts any function-like value.
Prefer explicitly defining any function parameters and return type                                                                                                                                                                                                                                                                    @typescript-eslint/no-unsafe-function-type
  24:14   error    Unexpected any. Specify a different type                                                                                                                                                                                                                                                                                                                                                   @typescript-eslint/no-explicit-any
  25:22   error    The `Function` type accepts any function-like value.
Prefer explicitly defining any function parameters and return type                                                                                                                                                                                                                                                                    @typescript-eslint/no-unsafe-function-type
  26:14   error    Unexpected any. Specify a different type                                                                                                                                                                                                                                                                                                                                                   @typescript-eslint/no-explicit-any
  27:22   error    The `Function` type accepts any function-like value.
Prefer explicitly defining any function parameters and return type                                                                                                                                                                                                                                                                    @typescript-eslint/no-unsafe-function-type
  51:72   error    Unexpected any. Specify a different type                                                                                                                                                                                                                                                                                                                                                   @typescript-eslint/no-explicit-any
  51:88   error    Unexpected any. Specify a different type                                                                                                                                                                                                                                                                                                                                                   @typescript-eslint/no-explicit-any
  56:26   error    Unexpected any. Specify a different type                                                                                                                                                                                                                                                                                                                                                   @typescript-eslint/no-explicit-any
  66:51   error    Unexpected any. Specify a different type                                                                                                                                                                                                                                                                                                                                                   @typescript-eslint/no-explicit-any
  69:37   error    Unexpected any. Specify a different type                                                                                                                                                                                                                                                                                                                                                   @typescript-eslint/no-explicit-any
  69:42   warning  '_M' is defined but never used                                                                                                                                                                                                                                                                                                                                                             @typescript-eslint/no-unused-vars
  70:84   error    The `{}` ("empty object") type allows any non-nullish value, including literals like `0` and `""`.
- If that's what you want, disable this lint rule with an inline comment or configure the 'allowObjectTypes' rule option.
- If you want a type meaning "any object", you probably want `object` instead.
- If you want a type meaning "any value", you probably want `unknown` instead  @typescript-eslint/no-empty-object-type
  72:15   warning  'T' is defined but never used                                                                                                                                                                                                                                                                                                                                                              @typescript-eslint/no-unused-vars
  72:25   error    The `Function` type accepts any function-like value.
Prefer explicitly defining any function parameters and return type                                                                                                                                                                                                                                                                    @typescript-eslint/no-unsafe-function-type
  72:67   error    Unexpected any. Specify a different type                                                                                                                                                                                                                                                                                                                                                   @typescript-eslint/no-explicit-any
  72:76   error    Unexpected any. Specify a different type                                                                                                                                                                                                                                                                                                                                                   @typescript-eslint/no-explicit-any
  72:102  error    Unexpected any. Specify a different type                                                                                                                                                                                                                                                                                                                                                   @typescript-eslint/no-explicit-any
  73:16   warning  'T' is defined but never used                                                                                                                                                                                                                                                                                                                                                              @typescript-eslint/no-unused-vars
  73:26   error    The `Function` type accepts any function-like value.
Prefer explicitly defining any function parameters and return type                                                                                                                                                                                                                                                                    @typescript-eslint/no-unsafe-function-type
  73:59   error    Unexpected any. Specify a different type                                                                                                                                                                                                                                                                                                                                                   @typescript-eslint/no-explicit-any
  73:77   error    Unexpected any. Specify a different type                                                                                                                                                                                                                                                                                                                                                   @typescript-eslint/no-explicit-any
  73:103  error    Unexpected any. Specify a different type                                                                                                                                                                                                                                                                                                                                                   @typescript-eslint/no-explicit-any
  74:84   error    The `Function` type accepts any function-like value.
Prefer explicitly defining any function parameters and return type                                                                                                                                                                                                                                                                    @typescript-eslint/no-unsafe-function-type
  78:22   warning  '_' is defined but never used                                                                                                                                                                                                                                                                                                                                                              @typescript-eslint/no-unused-vars
  78:46   error    Unexpected any. Specify a different type                                                                                                                                                                                                                                                                                                                                                   @typescript-eslint/no-explicit-any

/home/mmm/t/Thorhi-tools/.next/types/app/layout.ts
   7:30   error    Prefer using the primitive `object` as a type name, rather than the upper-cased `Object`                                                                                                                                                                                                                                                                                                   @typescript-eslint/no-wrapper-object-types
   7:39   error    Unexpected any. Specify a different type                                                                                                                                                                                                                                                                                                                                                   @typescript-eslint/no-explicit-any
   7:71   error    Unexpected any. Specify a different type                                                                                                                                                                                                                                                                                                                                                   @typescript-eslint/no-explicit-any
  13:12   error    The `Function` type accepts any function-like value.
Prefer explicitly defining any function parameters and return type                                                                                                                                                                                                                                                                    @typescript-eslint/no-unsafe-function-type
  14:12   error    The `{}` ("empty object") type allows any non-nullish value, including literals like `0` and `""`.
- If that's what you want, disable this lint rule with an inline comment or configure the 'allowObjectTypes' rule option.
- If you want a type meaning "any object", you probably want `object` instead.
- If you want a type meaning "any value", you probably want `unknown` instead  @typescript-eslint/no-empty-object-type
  15:26   error    The `Function` type accepts any function-like value.
Prefer explicitly defining any function parameters and return type                                                                                                                                                                                                                                                                    @typescript-eslint/no-unsafe-function-type
  24:14   error    Unexpected any. Specify a different type                                                                                                                                                                                                                                                                                                                                                   @typescript-eslint/no-explicit-any
  25:22   error    The `Function` type accepts any function-like value.
Prefer explicitly defining any function parameters and return type                                                                                                                                                                                                                                                                    @typescript-eslint/no-unsafe-function-type
  26:14   error    Unexpected any. Specify a different type                                                                                                                                                                                                                                                                                                                                                   @typescript-eslint/no-explicit-any
  27:22   error    The `Function` type accepts any function-like value.
Prefer explicitly defining any function parameters and return type                                                                                                                                                                                                                                                                    @typescript-eslint/no-unsafe-function-type
  51:72   error    Unexpected any. Specify a different type                                                                                                                                                                                                                                                                                                                                                   @typescript-eslint/no-explicit-any
  51:88   error    Unexpected any. Specify a different type                                                                                                                                                                                                                                                                                                                                                   @typescript-eslint/no-explicit-any
  56:26   error    Unexpected any. Specify a different type                                                                                                                                                                                                                                                                                                                                                   @typescript-eslint/no-explicit-any
  66:51   error    Unexpected any. Specify a different type                                                                                                                                                                                                                                                                                                                                                   @typescript-eslint/no-explicit-any
  69:37   error    Unexpected any. Specify a different type                                                                                                                                                                                                                                                                                                                                                   @typescript-eslint/no-explicit-any
  69:42   warning  '_M' is defined but never used                                                                                                                                                                                                                                                                                                                                                             @typescript-eslint/no-unused-vars
  70:84   error    The `{}` ("empty object") type allows any non-nullish value, including literals like `0` and `""`.
- If that's what you want, disable this lint rule with an inline comment or configure the 'allowObjectTypes' rule option.
- If you want a type meaning "any object", you probably want `object` instead.
- If you want a type meaning "any value", you probably want `unknown` instead  @typescript-eslint/no-empty-object-type
  72:15   warning  'T' is defined but never used                                                                                                                                                                                                                                                                                                                                                              @typescript-eslint/no-unused-vars
  72:25   error    The `Function` type accepts any function-like value.
Prefer explicitly defining any function parameters and return type                                                                                                                                                                                                                                                                    @typescript-eslint/no-unsafe-function-type
  72:67   error    Unexpected any. Specify a different type                                                                                                                                                                                                                                                                                                                                                   @typescript-eslint/no-explicit-any
  72:76   error    Unexpected any. Specify a different type                                                                                                                                                                                                                                                                                                                                                   @typescript-eslint/no-explicit-any
  72:102  error    Unexpected any. Specify a different type                                                                                                                                                                                                                                                                                                                                                   @typescript-eslint/no-explicit-any
  73:16   warning  'T' is defined but never used                                                                                                                                                                                                                                                                                                                                                              @typescript-eslint/no-unused-vars
  73:26   error    The `Function` type accepts any function-like value.
Prefer explicitly defining any function parameters and return type                                                                                                                                                                                                                                                                    @typescript-eslint/no-unsafe-function-type
  73:59   error    Unexpected any. Specify a different type                                                                                                                                                                                                                                                                                                                                                   @typescript-eslint/no-explicit-any
  73:77   error    Unexpected any. Specify a different type                                                                                                                                                                                                                                                                                                                                                   @typescript-eslint/no-explicit-any
  73:103  error    Unexpected any. Specify a different type                                                                                                                                                                                                                                                                                                                                                   @typescript-eslint/no-explicit-any
  74:84   error    The `Function` type accepts any function-like value.
Prefer explicitly defining any function parameters and return type                                                                                                                                                                                                                                                                    @typescript-eslint/no-unsafe-function-type
  78:22   warning  '_' is defined but never used                                                                                                                                                                                                                                                                                                                                                              @typescript-eslint/no-unused-vars
  78:46   error    Unexpected any. Specify a different type                                                                                                                                                                                                                                                                                                                                                   @typescript-eslint/no-explicit-any

/home/mmm/t/Thorhi-tools/.next/types/app/page.ts
   7:30   error    Prefer using the primitive `object` as a type name, rather than the upper-cased `Object`                                                                                                                                                                                                                                                                                                   @typescript-eslint/no-wrapper-object-types
   7:39   error    Unexpected any. Specify a different type                                                                                                                                                                                                                                                                                                                                                   @typescript-eslint/no-explicit-any
   7:71   error    Unexpected any. Specify a different type                                                                                                                                                                                                                                                                                                                                                   @typescript-eslint/no-explicit-any
  13:12   error    The `Function` type accepts any function-like value.
Prefer explicitly defining any function parameters and return type                                                                                                                                                                                                                                                                    @typescript-eslint/no-unsafe-function-type
  14:12   error    The `{}` ("empty object") type allows any non-nullish value, including literals like `0` and `""`.
- If that's what you want, disable this lint rule with an inline comment or configure the 'allowObjectTypes' rule option.
- If you want a type meaning "any object", you probably want `object` instead.
- If you want a type meaning "any value", you probably want `unknown` instead  @typescript-eslint/no-empty-object-type
  15:26   error    The `Function` type accepts any function-like value.
Prefer explicitly defining any function parameters and return type                                                                                                                                                                                                                                                                    @typescript-eslint/no-unsafe-function-type
  24:14   error    Unexpected any. Specify a different type                                                                                                                                                                                                                                                                                                                                                   @typescript-eslint/no-explicit-any
  25:22   error    The `Function` type accepts any function-like value.
Prefer explicitly defining any function parameters and return type                                                                                                                                                                                                                                                                    @typescript-eslint/no-unsafe-function-type
  26:14   error    Unexpected any. Specify a different type                                                                                                                                                                                                                                                                                                                                                   @typescript-eslint/no-explicit-any
  27:22   error    The `Function` type accepts any function-like value.
Prefer explicitly defining any function parameters and return type                                                                                                                                                                                                                                                                    @typescript-eslint/no-unsafe-function-type
  51:72   error    Unexpected any. Specify a different type                                                                                                                                                                                                                                                                                                                                                   @typescript-eslint/no-explicit-any
  51:88   error    Unexpected any. Specify a different type                                                                                                                                                                                                                                                                                                                                                   @typescript-eslint/no-explicit-any
  56:26   error    Unexpected any. Specify a different type                                                                                                                                                                                                                                                                                                                                                   @typescript-eslint/no-explicit-any
  66:51   error    Unexpected any. Specify a different type                                                                                                                                                                                                                                                                                                                                                   @typescript-eslint/no-explicit-any
  69:37   error    Unexpected any. Specify a different type                                                                                                                                                                                                                                                                                                                                                   @typescript-eslint/no-explicit-any
  69:42   warning  '_M' is defined but never used                                                                                                                                                                                                                                                                                                                                                             @typescript-eslint/no-unused-vars
  70:84   error    The `{}` ("empty object") type allows any non-nullish value, including literals like `0` and `""`.
- If that's what you want, disable this lint rule with an inline comment or configure the 'allowObjectTypes' rule option.
- If you want a type meaning "any object", you probably want `object` instead.
- If you want a type meaning "any value", you probably want `unknown` instead  @typescript-eslint/no-empty-object-type
  72:15   warning  'T' is defined but never used                                                                                                                                                                                                                                                                                                                                                              @typescript-eslint/no-unused-vars
  72:25   error    The `Function` type accepts any function-like value.
Prefer explicitly defining any function parameters and return type                                                                                                                                                                                                                                                                    @typescript-eslint/no-unsafe-function-type
  72:67   error    Unexpected any. Specify a different type                                                                                                                                                                                                                                                                                                                                                   @typescript-eslint/no-explicit-any
  72:76   error    Unexpected any. Specify a different type                                                                                                                                                                                                                                                                                                                                                   @typescript-eslint/no-explicit-any
  72:102  error    Unexpected any. Specify a different type                                                                                                                                                                                                                                                                                                                                                   @typescript-eslint/no-explicit-any
  73:16   warning  'T' is defined but never used                                                                                                                                                                                                                                                                                                                                                              @typescript-eslint/no-unused-vars
  73:26   error    The `Function` type accepts any function-like value.
Prefer explicitly defining any function parameters and return type                                                                                                                                                                                                                                                                    @typescript-eslint/no-unsafe-function-type
  73:59   error    Unexpected any. Specify a different type                                                                                                                                                                                                                                                                                                                                                   @typescript-eslint/no-explicit-any
  73:77   error    Unexpected any. Specify a different type                                                                                                                                                                                                                                                                                                                                                   @typescript-eslint/no-explicit-any
  73:103  error    Unexpected any. Specify a different type                                                                                                                                                                                                                                                                                                                                                   @typescript-eslint/no-explicit-any
  74:84   error    The `Function` type accepts any function-like value.
Prefer explicitly defining any function parameters and return type                                                                                                                                                                                                                                                                    @typescript-eslint/no-unsafe-function-type
  78:22   warning  '_' is defined but never used                                                                                                                                                                                                                                                                                                                                                              @typescript-eslint/no-unused-vars
  78:46   error    Unexpected any. Specify a different type                                                                                                                                                                                                                                                                                                                                                   @typescript-eslint/no-explicit-any

/home/mmm/t/Thorhi-tools/.next/types/app/products/page.ts
   7:30   error    Prefer using the primitive `object` as a type name, rather than the upper-cased `Object`                                                                                                                                                                                                                                                                                                   @typescript-eslint/no-wrapper-object-types
   7:39   error    Unexpected any. Specify a different type                                                                                                                                                                                                                                                                                                                                                   @typescript-eslint/no-explicit-any
   7:71   error    Unexpected any. Specify a different type                                                                                                                                                                                                                                                                                                                                                   @typescript-eslint/no-explicit-any
  13:12   error    The `Function` type accepts any function-like value.
Prefer explicitly defining any function parameters and return type                                                                                                                                                                                                                                                                    @typescript-eslint/no-unsafe-function-type
  14:12   error    The `{}` ("empty object") type allows any non-nullish value, including literals like `0` and `""`.
- If that's what you want, disable this lint rule with an inline comment or configure the 'allowObjectTypes' rule option.
- If you want a type meaning "any object", you probably want `object` instead.
- If you want a type meaning "any value", you probably want `unknown` instead  @typescript-eslint/no-empty-object-type
  15:26   error    The `Function` type accepts any function-like value.
Prefer explicitly defining any function parameters and return type                                                                                                                                                                                                                                                                    @typescript-eslint/no-unsafe-function-type
  24:14   error    Unexpected any. Specify a different type                                                                                                                                                                                                                                                                                                                                                   @typescript-eslint/no-explicit-any
  25:22   error    The `Function` type accepts any function-like value.
Prefer explicitly defining any function parameters and return type                                                                                                                                                                                                                                                                    @typescript-eslint/no-unsafe-function-type
  26:14   error    Unexpected any. Specify a different type                                                                                                                                                                                                                                                                                                                                                   @typescript-eslint/no-explicit-any
  27:22   error    The `Function` type accepts any function-like value.
Prefer explicitly defining any function parameters and return type                                                                                                                                                                                                                                                                    @typescript-eslint/no-unsafe-function-type
  51:72   error    Unexpected any. Specify a different type                                                                                                                                                                                                                                                                                                                                                   @typescript-eslint/no-explicit-any
  51:88   error    Unexpected any. Specify a different type                                                                                                                                                                                                                                                                                                                                                   @typescript-eslint/no-explicit-any
  56:26   error    Unexpected any. Specify a different type                                                                                                                                                                                                                                                                                                                                                   @typescript-eslint/no-explicit-any
  66:51   error    Unexpected any. Specify a different type                                                                                                                                                                                                                                                                                                                                                   @typescript-eslint/no-explicit-any
  69:37   error    Unexpected any. Specify a different type                                                                                                                                                                                                                                                                                                                                                   @typescript-eslint/no-explicit-any
  69:42   warning  '_M' is defined but never used                                                                                                                                                                                                                                                                                                                                                             @typescript-eslint/no-unused-vars
  70:84   error    The `{}` ("empty object") type allows any non-nullish value, including literals like `0` and `""`.
- If that's what you want, disable this lint rule with an inline comment or configure the 'allowObjectTypes' rule option.
- If you want a type meaning "any object", you probably want `object` instead.
- If you want a type meaning "any value", you probably want `unknown` instead  @typescript-eslint/no-empty-object-type
  72:15   warning  'T' is defined but never used                                                                                                                                                                                                                                                                                                                                                              @typescript-eslint/no-unused-vars
  72:25   error    The `Function` type accepts any function-like value.
Prefer explicitly defining any function parameters and return type                                                                                                                                                                                                                                                                    @typescript-eslint/no-unsafe-function-type
  72:67   error    Unexpected any. Specify a different type                                                                                                                                                                                                                                                                                                                                                   @typescript-eslint/no-explicit-any
  72:76   error    Unexpected any. Specify a different type                                                                                                                                                                                                                                                                                                                                                   @typescript-eslint/no-explicit-any
  72:102  error    Unexpected any. Specify a different type                                                                                                                                                                                                                                                                                                                                                   @typescript-eslint/no-explicit-any
  73:16   warning  'T' is defined but never used                                                                                                                                                                                                                                                                                                                                                              @typescript-eslint/no-unused-vars
  73:26   error    The `Function` type accepts any function-like value.
Prefer explicitly defining any function parameters and return type                                                                                                                                                                                                                                                                    @typescript-eslint/no-unsafe-function-type
  73:59   error    Unexpected any. Specify a different type                                                                                                                                                                                                                                                                                                                                                   @typescript-eslint/no-explicit-any
  73:77   error    Unexpected any. Specify a different type                                                                                                                                                                                                                                                                                                                                                   @typescript-eslint/no-explicit-any
  73:103  error    Unexpected any. Specify a different type                                                                                                                                                                                                                                                                                                                                                   @typescript-eslint/no-explicit-any
  74:84   error    The `Function` type accepts any function-like value.
Prefer explicitly defining any function parameters and return type                                                                                                                                                                                                                                                                    @typescript-eslint/no-unsafe-function-type
  78:22   warning  '_' is defined but never used                                                                                                                                                                                                                                                                                                                                                              @typescript-eslint/no-unused-vars
  78:46   error    Unexpected any. Specify a different type                                                                                                                                                                                                                                                                                                                                                   @typescript-eslint/no-explicit-any

/home/mmm/t/Thorhi-tools/.next/types/app/rebuild/page.ts
   7:30   error    Prefer using the primitive `object` as a type name, rather than the upper-cased `Object`                                                                                                                                                                                                                                                                                                   @typescript-eslint/no-wrapper-object-types
   7:39   error    Unexpected any. Specify a different type                                                                                                                                                                                                                                                                                                                                                   @typescript-eslint/no-explicit-any
   7:71   error    Unexpected any. Specify a different type                                                                                                                                                                                                                                                                                                                                                   @typescript-eslint/no-explicit-any
  13:12   error    The `Function` type accepts any function-like value.
Prefer explicitly defining any function parameters and return type                                                                                                                                                                                                                                                                    @typescript-eslint/no-unsafe-function-type
  14:12   error    The `{}` ("empty object") type allows any non-nullish value, including literals like `0` and `""`.
- If that's what you want, disable this lint rule with an inline comment or configure the 'allowObjectTypes' rule option.
- If you want a type meaning "any object", you probably want `object` instead.
- If you want a type meaning "any value", you probably want `unknown` instead  @typescript-eslint/no-empty-object-type
  15:26   error    The `Function` type accepts any function-like value.
Prefer explicitly defining any function parameters and return type                                                                                                                                                                                                                                                                    @typescript-eslint/no-unsafe-function-type
  24:14   error    Unexpected any. Specify a different type                                                                                                                                                                                                                                                                                                                                                   @typescript-eslint/no-explicit-any
  25:22   error    The `Function` type accepts any function-like value.
Prefer explicitly defining any function parameters and return type                                                                                                                                                                                                                                                                    @typescript-eslint/no-unsafe-function-type
  26:14   error    Unexpected any. Specify a different type                                                                                                                                                                                                                                                                                                                                                   @typescript-eslint/no-explicit-any
  27:22   error    The `Function` type accepts any function-like value.
Prefer explicitly defining any function parameters and return type                                                                                                                                                                                                                                                                    @typescript-eslint/no-unsafe-function-type
  51:72   error    Unexpected any. Specify a different type                                                                                                                                                                                                                                                                                                                                                   @typescript-eslint/no-explicit-any
  51:88   error    Unexpected any. Specify a different type                                                                                                                                                                                                                                                                                                                                                   @typescript-eslint/no-explicit-any
  56:26   error    Unexpected any. Specify a different type                                                                                                                                                                                                                                                                                                                                                   @typescript-eslint/no-explicit-any
  66:51   error    Unexpected any. Specify a different type                                                                                                                                                                                                                                                                                                                                                   @typescript-eslint/no-explicit-any
  69:37   error    Unexpected any. Specify a different type                                                                                                                                                                                                                                                                                                                                                   @typescript-eslint/no-explicit-any
  69:42   warning  '_M' is defined but never used                                                                                                                                                                                                                                                                                                                                                             @typescript-eslint/no-unused-vars
  70:84   error    The `{}` ("empty object") type allows any non-nullish value, including literals like `0` and `""`.
- If that's what you want, disable this lint rule with an inline comment or configure the 'allowObjectTypes' rule option.
- If you want a type meaning "any object", you probably want `object` instead.
- If you want a type meaning "any value", you probably want `unknown` instead  @typescript-eslint/no-empty-object-type
  72:15   warning  'T' is defined but never used                                                                                                                                                                                                                                                                                                                                                              @typescript-eslint/no-unused-vars
  72:25   error    The `Function` type accepts any function-like value.
Prefer explicitly defining any function parameters and return type                                                                                                                                                                                                                                                                    @typescript-eslint/no-unsafe-function-type
  72:67   error    Unexpected any. Specify a different type                                                                                                                                                                                                                                                                                                                                                   @typescript-eslint/no-explicit-any
  72:76   error    Unexpected any. Specify a different type                                                                                                                                                                                                                                                                                                                                                   @typescript-eslint/no-explicit-any
  72:102  error    Unexpected any. Specify a different type                                                                                                                                                                                                                                                                                                                                                   @typescript-eslint/no-explicit-any
  73:16   warning  'T' is defined but never used                                                                                                                                                                                                                                                                                                                                                              @typescript-eslint/no-unused-vars
  73:26   error    The `Function` type accepts any function-like value.
Prefer explicitly defining any function parameters and return type                                                                                                                                                                                                                                                                    @typescript-eslint/no-unsafe-function-type
  73:59   error    Unexpected any. Specify a different type                                                                                                                                                                                                                                                                                                                                                   @typescript-eslint/no-explicit-any
  73:77   error    Unexpected any. Specify a different type                                                                                                                                                                                                                                                                                                                                                   @typescript-eslint/no-explicit-any
  73:103  error    Unexpected any. Specify a different type                                                                                                                                                                                                                                                                                                                                                   @typescript-eslint/no-explicit-any
  74:84   error    The `Function` type accepts any function-like value.
Prefer explicitly defining any function parameters and return type                                                                                                                                                                                                                                                                    @typescript-eslint/no-unsafe-function-type
  78:22   warning  '_' is defined but never used                                                                                                                                                                                                                                                                                                                                                              @typescript-eslint/no-unused-vars
  78:46   error    Unexpected any. Specify a different type                                                                                                                                                                                                                                                                                                                                                   @typescript-eslint/no-explicit-any

/home/mmm/t/Thorhi-tools/.next/types/app/resources/page.ts
   7:30   error    Prefer using the primitive `object` as a type name, rather than the upper-cased `Object`                                                                                                                                                                                                                                                                                                   @typescript-eslint/no-wrapper-object-types
   7:39   error    Unexpected any. Specify a different type                                                                                                                                                                                                                                                                                                                                                   @typescript-eslint/no-explicit-any
   7:71   error    Unexpected any. Specify a different type                                                                                                                                                                                                                                                                                                                                                   @typescript-eslint/no-explicit-any
  13:12   error    The `Function` type accepts any function-like value.
Prefer explicitly defining any function parameters and return type                                                                                                                                                                                                                                                                    @typescript-eslint/no-unsafe-function-type
  14:12   error    The `{}` ("empty object") type allows any non-nullish value, including literals like `0` and `""`.
- If that's what you want, disable this lint rule with an inline comment or configure the 'allowObjectTypes' rule option.
- If you want a type meaning "any object", you probably want `object` instead.
- If you want a type meaning "any value", you probably want `unknown` instead  @typescript-eslint/no-empty-object-type
  15:26   error    The `Function` type accepts any function-like value.
Prefer explicitly defining any function parameters and return type                                                                                                                                                                                                                                                                    @typescript-eslint/no-unsafe-function-type
  24:14   error    Unexpected any. Specify a different type                                                                                                                                                                                                                                                                                                                                                   @typescript-eslint/no-explicit-any
  25:22   error    The `Function` type accepts any function-like value.
Prefer explicitly defining any function parameters and return type                                                                                                                                                                                                                                                                    @typescript-eslint/no-unsafe-function-type
  26:14   error    Unexpected any. Specify a different type                                                                                                                                                                                                                                                                                                                                                   @typescript-eslint/no-explicit-any
  27:22   error    The `Function` type accepts any function-like value.
Prefer explicitly defining any function parameters and return type                                                                                                                                                                                                                                                                    @typescript-eslint/no-unsafe-function-type
  51:72   error    Unexpected any. Specify a different type                                                                                                                                                                                                                                                                                                                                                   @typescript-eslint/no-explicit-any
  51:88   error    Unexpected any. Specify a different type                                                                                                                                                                                                                                                                                                                                                   @typescript-eslint/no-explicit-any
  56:26   error    Unexpected any. Specify a different type                                                                                                                                                                                                                                                                                                                                                   @typescript-eslint/no-explicit-any
  66:51   error    Unexpected any. Specify a different type                                                                                                                                                                                                                                                                                                                                                   @typescript-eslint/no-explicit-any
  69:37   error    Unexpected any. Specify a different type                                                                                                                                                                                                                                                                                                                                                   @typescript-eslint/no-explicit-any
  69:42   warning  '_M' is defined but never used                                                                                                                                                                                                                                                                                                                                                             @typescript-eslint/no-unused-vars
  70:84   error    The `{}` ("empty object") type allows any non-nullish value, including literals like `0` and `""`.
- If that's what you want, disable this lint rule with an inline comment or configure the 'allowObjectTypes' rule option.
- If you want a type meaning "any object", you probably want `object` instead.
- If you want a type meaning "any value", you probably want `unknown` instead  @typescript-eslint/no-empty-object-type
  72:15   warning  'T' is defined but never used                                                                                                                                                                                                                                                                                                                                                              @typescript-eslint/no-unused-vars
  72:25   error    The `Function` type accepts any function-like value.
Prefer explicitly defining any function parameters and return type                                                                                                                                                                                                                                                                    @typescript-eslint/no-unsafe-function-type
  72:67   error    Unexpected any. Specify a different type                                                                                                                                                                                                                                                                                                                                                   @typescript-eslint/no-explicit-any
  72:76   error    Unexpected any. Specify a different type                                                                                                                                                                                                                                                                                                                                                   @typescript-eslint/no-explicit-any
  72:102  error    Unexpected any. Specify a different type                                                                                                                                                                                                                                                                                                                                                   @typescript-eslint/no-explicit-any
  73:16   warning  'T' is defined but never used                                                                                                                                                                                                                                                                                                                                                              @typescript-eslint/no-unused-vars
  73:26   error    The `Function` type accepts any function-like value.
Prefer explicitly defining any function parameters and return type                                                                                                                                                                                                                                                                    @typescript-eslint/no-unsafe-function-type
  73:59   error    Unexpected any. Specify a different type                                                                                                                                                                                                                                                                                                                                                   @typescript-eslint/no-explicit-any
  73:77   error    Unexpected any. Specify a different type                                                                                                                                                                                                                                                                                                                                                   @typescript-eslint/no-explicit-any
  73:103  error    Unexpected any. Specify a different type                                                                                                                                                                                                                                                                                                                                                   @typescript-eslint/no-explicit-any
  74:84   error    The `Function` type accepts any function-like value.
Prefer explicitly defining any function parameters and return type                                                                                                                                                                                                                                                                    @typescript-eslint/no-unsafe-function-type
  78:22   warning  '_' is defined but never used                                                                                                                                                                                                                                                                                                                                                              @typescript-eslint/no-unused-vars
  78:46   error    Unexpected any. Specify a different type                                                                                                                                                                                                                                                                                                                                                   @typescript-eslint/no-explicit-any

/home/mmm/t/Thorhi-tools/eslint.config.mjs
  9:1  warning  Assign array to a variable before exporting as module default  import/no-anonymous-default-export

/home/mmm/t/Thorhi-tools/src/components/discovery-experience.tsx
  3:10  warning  'animate' is defined but never used  @typescript-eslint/no-unused-vars

/home/mmm/t/Thorhi-tools/src/components/frame-evolution-scene.tsx
  295:43  warning  'index' is defined but never used  @typescript-eslint/no-unused-vars

/home/mmm/t/Thorhi-tools/src/components/search-command.tsx
  113:21  warning  The ref value 'inputRef.current' will likely have changed by the time this effect cleanup function runs. If this ref points to a node rendered by React, copy 'inputRef.current' to a variable inside the effect, and use that variable in the cleanup function  react-hooks/exhaustive-deps

/home/mmm/t/Thorhi-tools/src/components/signature-scenes.tsx
  3:10  warning  'animate' is defined but never used  @typescript-eslint/no-unused-vars

✖ 2248 problems (239 errors, 2009 warnings)
  6 errors and 0 warnings potentially fixable with the `--fix` option.

